Microchip MPLAB XC8 Compiler V1.45 ()

Linker command line:

-W-3 --edf=C:\Program Files (x86)\Microchip\xc8\v1.45\dat\en_msgs.txt -cs \
  -h+dist/default/production\blink.X.production.sym \
  --cmf=dist/default/production\blink.X.production.cmf -z -Q16F1454 \
  -oC:\Users\LarsErik\AppData\Local\Temp\sb1k.2 \
  -Mdist/default/production/blink.X.production.map -E1 -ver=XC8 \
  -ASTACK=02220h-023efh -pstack=STACK -ACODE=00h-07FFhx4 \
  -ASTRCODE=00h-01FFFh -ASTRING=00h-0FFhx32 -ACONST=00h-0FFhx32 \
  -AENTRY=00h-0FFhx32 -ACOMMON=070h-07Fh -ABANK0=020h-06Fh \
  -ABANK1=0A0h-0EFh -ABANK2=0120h-016Fh -ABANK3=01A0h-01EFh \
  -ABANK4=0220h-026Fh -ABANK5=02A0h-02EFh -ABANK6=0320h-036Fh \
  -ABANK7=03A0h-03EFh -ABANK8=0420h-046Fh -ABANK9=04A0h-04EFh \
  -ABANK10=0520h-056Fh -ABANK11=05A0h-05EFh -ABANK12=0620h-064Fh \
  -ABIGRAM=02000h-023EFh \
  -ARAM=020h-06Fh,0A0h-0EFh,0120h-016Fh,01A0h-01EFh,0220h-026Fh,02A0h-02EFh,0320h-036Fh,03A0h-03EFh,0420h-046Fh,04A0h-04EFh,0520h-056Fh,05A0h-05EFh,0620h-064Fh \
  -AABS1=020h-07Fh,0A0h-0EFh,0120h-016Fh,01A0h-01EFh,0220h-026Fh,02A0h-02EFh,0320h-036Fh,03A0h-03EFh,0420h-046Fh,04A0h-04EFh,0520h-056Fh,05A0h-05EFh,0620h-064Fh \
  -ASFR0=00h-01Fh -ASFR1=080h-09Fh -ASFR2=0100h-011Fh -ASFR3=0180h-019Fh \
  -ASFR4=0200h-021Fh -ASFR5=0280h-029Fh -ASFR6=0300h-031Fh \
  -ASFR7=0380h-039Fh -ASFR8=0400h-041Fh -ASFR9=0480h-049Fh \
  -ASFR10=0500h-051Fh -ASFR11=0580h-059Fh -ASFR12=0600h-061Fh \
  -ASFR13=0680h-06EFh -ASFR14=0700h-076Fh -ASFR15=0780h-07EFh \
  -ASFR16=0800h-086Fh -ASFR17=0880h-08EFh -ASFR18=0900h-096Fh \
  -ASFR19=0980h-09EFh -ASFR20=0A00h-0A6Fh -ASFR21=0A80h-0AEFh \
  -ASFR22=0B00h-0B6Fh -ASFR23=0B80h-0BEFh -ASFR24=0C00h-0C6Fh \
  -ASFR25=0C80h-0CEFh -ASFR26=0D00h-0D6Fh -ASFR27=0D80h-0DEFh \
  -ASFR28=0E00h-0E6Fh -ASFR29=0E80h-0EEFh -ASFR30=0F00h-0F6Fh \
  -ASFR31=0F80h-0FEFh -preset_vec=00h,intentry=04h,init,end_init \
  -ppowerup=CODE -pcinit=CODE -pfunctab=ENTRY -ACONFIG=08007h-08008h \
  -pconfig=CONFIG -DCONFIG=2 -AIDLOC=08000h-08003h -pidloc=IDLOC -DIDLOC=2 \
  -DCODE=2 -DSTRCODE=2 -DSTRING=2 -DCONST=2 -DENTRY=2 -k \
  C:\Users\LarsErik\AppData\Local\Temp\sb1k.obj \
  dist/default/production\blink.X.production.obj 

Object code version is 3.11

Machine type is 16F1454



                Name                               Link     Load   Length Selector   Space Scale
C:\Users\LarsErik\AppData\Local\Temp\sb1k.obj
                end_init                             18       18        2        8       0
                reset_vec                             0        0        2        0       0
                config                             8007     8007        2    1000E       0
dist/default/production\blink.X.production.obj
                cinit                                1A       1A       37        8       0
                intentry                              4        4       14        8       0
                text65                              A41      A41       74     1482       0
                text64                              8FC      8FC       68     11F8       0
                text63                              964      964       6C     12C8       0
                text62                              F5D      F5D       A3     1EBA       0
                text61                             127E     127E       36     24FC       0
                text60                             139A     139A       42     2734       0
                text59                             1121     1121       20     2242       0
                text58                              CA7      CA7       83     194E       0
                text57                             12B4     12B4       36     2568       0
                text56                             173F     173F       60     2E7E       0
                text55                             121E     121E       30     243C       0
                text54                              18E      18E      129        8       0
                text53                              BA9      BA9       7F     1752       0
                text52                             14C2     14C2       55     2984       0
                text51                             1061     1061       18     20C2       0
                text50                              DAE      DAE       8F     1B5C       0
                swtext2                            101A     101A       1A     2000       0
                text49                              837      837       62     106E       0
                text48                             1570     1570       5C     2AE0       0
                text47                              ECC      ECC       91     1D98       0
                text46                             146F     146F       53     28DE       0
                text45                             15CC     15CC       5C     2B98       0
                text44                              6BD      6BD       AD        8       0
                text43                             1079     1079       18     20F2       0
                text42                             11A4     11A4       25     2348       0
                text41                             10E3     10E3       1F     21C6       0
                text40                             1141     1141       20     2282       0
                text39                              3A0      3A0       E8        8       0
                text37                             1FD9     1FD9        C     3FB2       0
                text36                             104D     104D       14     209A       0
                text35                             10C6     10C6       1D     218C       0
                text34                              554      554       B7        8       0
                text33                             103A     103A        4     2074       0
                text32                             1FF1     1FF1        F     3FE2       0
                text31                              AB5      AB5       7A     156A       0
                text30                              9D0      9D0       71     13A0       0
                text29                              B2F      B2F       7A     165E       0
                text28                              60B      60B       B2        8       0
                text27                             12EA     12EA       36     25D4       0
                text26                             13DC     13DC       43     27B8       0
                text25                             1181     1181       23     2302       0
                text24                              D2A      D2A       84     1A54       0
                text23                             135C     135C       3E     26B8       0
                text22                              899      899       63     1132       0
                text21                             124E     124E       30     249C       0
                text20                               51       51      13D        8       0
                text19                              C28      C28       7F     1850       0
                text18                             1517     1517       59     2A2E       0
                text17                             1091     1091       19     2122       0
                text16                              E3D      E3D       8F     1C7A       0
                swtext1                            1000     1000       1A     2000       0
                text15                             179F     179F       61     2F3E       0
                text14                             16E0     16E0       5F     2DC0       0
                text13                              76A      76A       95        8       0
                text12                             141F     141F       50     283E       0
                text11                             1628     1628       5C     2C50       0
                text10                             10AA     10AA       1C     2154       0
                text9                              11F3     11F3       2B     23E6       0
                text8                              1102     1102       1F     2204       0
                text7                              1161     1161       20     22C2       0
                text6                               2B7      2B7       E9        8       0
                text5                               488      488       CC        8       0
                text4                              1684     1684       5C     2D08       0
                text3                               800      800       37     1000       0
                text2                              11C9     11C9       2A     2392       0
                text1                              1320     1320       3C     2640       0
                maintext                           103E     103E        F     207C       0
                cstackBANK0h                         60       60       10       60       1
                cstackCOMMON                         70       70        E       70       1
                cstackBANK1                          A0       A0       23       A0       1
                cstackBANK3                         1EF      1EF        1      1B0       1
                cstackBANK4                         23D      23D        5      220       1
                clrtext                            1FE5     1FE5        C     3FCA       0
                bssBANK6                            320      320       40      320       1
                bssBANK5                            2A0      2A0       40      2A0       1
                bssBANK4                            220      220       1D      220       1
                bssBANK3                            1B0      1B0       3F      1B0       1
                bssBANK1                             C3       C3        7       A0       1
                stringtext7                        18A3     18A3        7     3000       0
                stringtext6                        1891     1891       12     3000       0
                stringtext5                        1877     1877       1A     3000       0
                stringtext4                        1843     1843       34     3000       0
                stringtext3                        1800     1800       43     3000       0
                stringtext2                        18B0     18B0        2     3000       0
                stringtext1                        18AA     18AA        6     3000       0

TOTAL           Name                               Link     Load   Length     Space
        CLASS   STACK          

        CLASS   CODE           
                end_init                             18       18        2         0
                cinit                                1A       1A       37         0
                intentry                              4        4       14         0
                reset_vec                             0        0        2         0
                text65                              A41      A41       74         0
                text64                              8FC      8FC       68         0
                text63                              964      964       6C         0
                text62                              F5D      F5D       A3         0
                text61                             127E     127E       36         0
                text60                             139A     139A       42         0
                text59                             1121     1121       20         0
                text58                              CA7      CA7       83         0
                text57                             12B4     12B4       36         0
                text56                             173F     173F       60         0
                text55                             121E     121E       30         0
                text54                              18E      18E      129         0
                text53                              BA9      BA9       7F         0
                text52                             14C2     14C2       55         0
                text51                             1061     1061       18         0
                text50                              DAE      DAE       8F         0
                text49                              837      837       62         0
                text48                             1570     1570       5C         0
                text47                              ECC      ECC       91         0
                text46                             146F     146F       53         0
                text45                             15CC     15CC       5C         0
                text44                              6BD      6BD       AD         0
                text43                             1079     1079       18         0
                text42                             11A4     11A4       25         0
                text41                             10E3     10E3       1F         0
                text40                             1141     1141       20         0
                text39                              3A0      3A0       E8         0
                text37                             1FD9     1FD9        C         0
                text36                             104D     104D       14         0
                text35                             10C6     10C6       1D         0
                text34                              554      554       B7         0
                text33                             103A     103A        4         0
                text32                             1FF1     1FF1        F         0
                text31                              AB5      AB5       7A         0
                text30                              9D0      9D0       71         0
                text29                              B2F      B2F       7A         0
                text28                              60B      60B       B2         0
                text27                             12EA     12EA       36         0
                text26                             13DC     13DC       43         0
                text25                             1181     1181       23         0
                text24                              D2A      D2A       84         0
                text23                             135C     135C       3E         0
                text22                              899      899       63         0
                text21                             124E     124E       30         0
                text20                               51       51      13D         0
                text19                              C28      C28       7F         0
                text18                             1517     1517       59         0
                text17                             1091     1091       19         0
                text16                              E3D      E3D       8F         0
                text15                             179F     179F       61         0
                text14                             16E0     16E0       5F         0
                text13                              76A      76A       95         0
                text12                             141F     141F       50         0
                text11                             1628     1628       5C         0
                text10                             10AA     10AA       1C         0
                text9                              11F3     11F3       2B         0
                text8                              1102     1102       1F         0
                text7                              1161     1161       20         0
                text6                               2B7      2B7       E9         0
                text5                               488      488       CC         0
                text4                              1684     1684       5C         0
                text3                               800      800       37         0
                text2                              11C9     11C9       2A         0
                text1                              1320     1320       3C         0
                maintext                           103E     103E        F         0
                clrtext                            1FE5     1FE5        C         0

        CLASS   STRCODE        
                stringtext7                        18A3     18A3        7         0
                stringtext6                        1891     1891       12         0
                stringtext5                        1877     1877       1A         0
                stringtext4                        1843     1843       34         0
                stringtext3                        1800     1800       43         0
                stringtext2                        18B0     18B0        2         0
                stringtext1                        18AA     18AA        6         0

        CLASS   STRING         

        CLASS   CONST          
                swtext2                            101A     101A       1A         0
                swtext1                            1000     1000       1A         0

        CLASS   ENTRY          

        CLASS   COMMON         
                cstackCOMMON                         70       70        E         1

        CLASS   BANK0          
                cstackBANK0h                         60       60       10         1

        CLASS   BANK1          
                cstackBANK1                          A0       A0       23         1
                bssBANK1                             C3       C3        7         1

        CLASS   BANK2          

        CLASS   BANK3          
                cstackBANK3                         1EF      1EF        1         1
                bssBANK3                            1B0      1B0       3F         1

        CLASS   BANK4          
                cstackBANK4                         23D      23D        5         1
                bssBANK4                            220      220       1D         1

        CLASS   BANK5          
                bssBANK5                            2A0      2A0       40         1

        CLASS   BANK6          
                bssBANK6                            320      320       40         1

        CLASS   BANK7          

        CLASS   BANK8          

        CLASS   BANK9          

        CLASS   BANK10         

        CLASS   BANK11         

        CLASS   BANK12         

        CLASS   BIGRAM         

        CLASS   RAM            

        CLASS   ABS1           
                abs_s1                               20       20       40         1
                abs_s1                               7E       7E        2         1
                abs_s1                               D0       D0       20         1
                abs_s1                              120      120       50         1
                abs_s1                              1A0      1A0       10         1

        CLASS   SFR0           

        CLASS   SFR1           

        CLASS   SFR2           

        CLASS   SFR3           

        CLASS   SFR4           

        CLASS   SFR5           

        CLASS   SFR6           

        CLASS   SFR7           

        CLASS   SFR8           

        CLASS   SFR9           

        CLASS   SFR10          

        CLASS   SFR11          

        CLASS   SFR12          

        CLASS   SFR13          

        CLASS   SFR14          

        CLASS   SFR15          

        CLASS   SFR16          

        CLASS   SFR17          

        CLASS   SFR18          

        CLASS   SFR19          

        CLASS   SFR20          

        CLASS   SFR21          

        CLASS   SFR22          

        CLASS   SFR23          

        CLASS   SFR24          

        CLASS   SFR25          

        CLASS   SFR26          

        CLASS   SFR27          

        CLASS   SFR28          

        CLASS   SFR29          

        CLASS   SFR30          

        CLASS   SFR31          

        CLASS   CONFIG         
                config                             8007     8007        2         0

        CLASS   IDLOC          

        CLASS   BANK31         

        CLASS   BANK30         

        CLASS   BANK29         

        CLASS   BANK28         

        CLASS   BANK27         

        CLASS   BANK26         

        CLASS   BANK25         

        CLASS   BANK24         

        CLASS   BANK23         

        CLASS   BANK22         

        CLASS   BANK21         

        CLASS   BANK20         

        CLASS   BANK19         

        CLASS   BANK18         

        CLASS   BANK17         

        CLASS   BANK16         

        CLASS   BANK15         

        CLASS   BANK14         

        CLASS   BANK13         

        CLASS   EEDATA         



SEGMENTS        Name                           Load    Length   Top    Selector   Space  Class     Delta

                reset_vec                      000000  000002  000002         0       0  CODE        2
                intentry                       000004  0007FB  0007FF         8       0  CODE        2
                cstackBANK0h                   000060  000010  000070        60       1  BANK0       1
                cstackCOMMON                   000070  00000E  00007E        70       1  COMMON      1
                cstackBANK1                    0000A0  00002A  0000CA        A0       1  BANK1       1
                bssBANK3                       0001B0  000040  0001F0       1B0       1  BANK3       1
                bssBANK4                       000220  000022  000242       220       1  BANK4       1
                bssBANK5                       0002A0  000040  0002E0       2A0       1  BANK5       1
                bssBANK6                       000320  000040  000360       320       1  BANK6       1
                text3                          000800  000037  000837      1000       0  CODE        2
                text49                         000837  000062  000899      106E       0  CODE        2
                text22                         000899  000063  0008FC      1132       0  CODE        2
                text64                         0008FC  000068  000964      11F8       0  CODE        2
                text63                         000964  00006C  0009D0      12C8       0  CODE        2
                text30                         0009D0  000071  000A41      13A0       0  CODE        2
                text65                         000A41  000074  000AB5      1482       0  CODE        2
                text31                         000AB5  00007A  000B2F      156A       0  CODE        2
                text29                         000B2F  00007A  000BA9      165E       0  CODE        2
                text53                         000BA9  00007F  000C28      1752       0  CODE        2
                text19                         000C28  00007F  000CA7      1850       0  CODE        2
                text58                         000CA7  000083  000D2A      194E       0  CODE        2
                text24                         000D2A  000084  000DAE      1A54       0  CODE        2
                text50                         000DAE  00008F  000E3D      1B5C       0  CODE        2
                text16                         000E3D  00008F  000ECC      1C7A       0  CODE        2
                text47                         000ECC  000091  000F5D      1D98       0  CODE        2
                text62                         000F5D  0000A3  001000      1EBA       0  CODE        2
                swtext1                        001000  000034  001034      2000       0  CONST       2
                text33                         00103A  000004  00103E      2074       0  CODE        2
                maintext                       00103E  00000F  00104D      207C       0  CODE        2
                text36                         00104D  000014  001061      209A       0  CODE        2
                text51                         001061  000018  001079      20C2       0  CODE        2
                text43                         001079  000018  001091      20F2       0  CODE        2
                text17                         001091  000019  0010AA      2122       0  CODE        2
                text10                         0010AA  00001C  0010C6      2154       0  CODE        2
                text35                         0010C6  00001D  0010E3      218C       0  CODE        2
                text41                         0010E3  00001F  001102      21C6       0  CODE        2
                text8                          001102  00001F  001121      2204       0  CODE        2
                text59                         001121  000020  001141      2242       0  CODE        2
                text40                         001141  000020  001161      2282       0  CODE        2
                text7                          001161  000020  001181      22C2       0  CODE        2
                text25                         001181  000023  0011A4      2302       0  CODE        2
                text42                         0011A4  000025  0011C9      2348       0  CODE        2
                text2                          0011C9  00002A  0011F3      2392       0  CODE        2
                text9                          0011F3  00002B  00121E      23E6       0  CODE        2
                text55                         00121E  000030  00124E      243C       0  CODE        2
                text21                         00124E  000030  00127E      249C       0  CODE        2
                text61                         00127E  000036  0012B4      24FC       0  CODE        2
                text57                         0012B4  000036  0012EA      2568       0  CODE        2
                text27                         0012EA  000036  001320      25D4       0  CODE        2
                text1                          001320  00003C  00135C      2640       0  CODE        2
                text23                         00135C  00003E  00139A      26B8       0  CODE        2
                text60                         00139A  000042  0013DC      2734       0  CODE        2
                text26                         0013DC  000043  00141F      27B8       0  CODE        2
                text12                         00141F  000050  00146F      283E       0  CODE        2
                text46                         00146F  000053  0014C2      28DE       0  CODE        2
                text52                         0014C2  000055  001517      2984       0  CODE        2
                text18                         001517  000059  001570      2A2E       0  CODE        2
                text48                         001570  00005C  0015CC      2AE0       0  CODE        2
                text45                         0015CC  00005C  001628      2B98       0  CODE        2
                text11                         001628  00005C  001684      2C50       0  CODE        2
                text4                          001684  00005C  0016E0      2D08       0  CODE        2
                text14                         0016E0  00005F  00173F      2DC0       0  CODE        2
                text56                         00173F  000060  00179F      2E7E       0  CODE        2
                text15                         00179F  000061  001800      2F3E       0  CODE        2
                stringtext3                    001800  0000B2  0018B2      3000       0  STRCODE     2
                text37                         001FD9  00000C  001FE5      3FB2       0  CODE        2
                clrtext                        001FE5  00000C  001FF1      3FCA       0  CODE        2
                text32                         001FF1  00000F  002000      3FE2       0  CODE        2
                config                         008007  000002  008009     1000E       0  CONFIG      2


UNUSED ADDRESS RANGES

        Name                Unused          Largest block    Delta
        BANK1            000CA-000CF               6           1
        BANK10           00520-0056F              50           1
        BANK11           005A0-005EF              50           1
        BANK12           00620-0064F              30           1
        BANK4            00242-0026F              2E           1
        BANK5            002E0-002EF              10           1
        BANK6            00360-0036F              10           1
        BANK7            003A0-003EF              50           1
        BANK8            00420-0046F              50           1
        BANK9            004A0-004EF              50           1
        BIGRAM           02000-023EF             3F0           1
        CODE             00002-00003               2           2
                         007FF-007FF               1
                         01034-01039               6
                         018B2-01FD8             727
        CONST            00002-00003               2           2
                         007FF-007FF               1
                         01034-01039               6
                         018B2-01FD8             100
        ENTRY            00002-00003               2           2
                         007FF-007FF               1
                         01034-01039               6
                         018B2-01FD8             100
        IDLOC            08000-08003               4           2
        RAM              000CA-000CF               6           1
                         00242-0026F              2E
                         002E0-002EF              10
                         00360-0036F              10
                         003A0-003EF              50
                         00420-0046F              50
                         004A0-004EF              50
                         00520-0056F              50
                         005A0-005EF              50
                         00620-0064F              30
        SFR0             00000-0001F              20           1
        SFR1             00080-0009F              20           1
        SFR10            00500-0051F              20           1
        SFR11            00580-0059F              20           1
        SFR12            00600-0061F              20           1
        SFR13            00680-006EF              70           1
        SFR14            00700-0076F              70           1
        SFR15            00780-007EF              70           1
        SFR16            00800-0086F              70           1
        SFR17            00880-008EF              70           1
        SFR18            00900-0096F              70           1
        SFR19            00980-009EF              70           1
        SFR2             00100-0011F              20           1
        SFR20            00A00-00A6F              70           1
        SFR21            00A80-00AEF              70           1
        SFR22            00B00-00B6F              70           1
        SFR23            00B80-00BEF              70           1
        SFR24            00C00-00C6F              70           1
        SFR25            00C80-00CEF              70           1
        SFR26            00D00-00D6F              70           1
        SFR27            00D80-00DEF              70           1
        SFR28            00E00-00E6F              70           1
        SFR29            00E80-00EEF              70           1
        SFR3             00180-0019F              20           1
        SFR30            00F00-00F6F              70           1
        SFR31            00F80-00FEF              70           1
        SFR4             00200-0021F              20           1
        SFR5             00280-0029F              20           1
        SFR6             00300-0031F              20           1
        SFR7             00380-0039F              20           1
        SFR8             00400-0041F              20           1
        SFR9             00480-0049F              20           1
        STACK            02220-023EF             1D0           1
        STRCODE          00002-00003               2           2
                         007FF-007FF               1
                         01034-01039               6
                         018B2-01FD8             727
        STRING           00002-00003               2           2
                         007FF-007FF               1
                         01034-01039               6
                         018B2-01FD8             100

                                  Symbol Table

?_USBTransferOnePacket                      cstackBANK1  000A6
?_strcmp                                    cstackBANK1  000A6
?i1_USBTransferOnePacket                    cstackCOMMON 00070
CDCTxService@byte_to_send                   cstackBANK1  000B3
CDCTxService@i                              cstackBANK1  000B2
USBConfigureEndpoint@EPNum                  cstackBANK1  000AB
USBConfigureEndpoint@direction              cstackBANK1  000A6
USBConfigureEndpoint@handle                 cstackBANK1  000AC
USBCtrlTrfInHandler@lastDTS                 cstackBANK1  000AB
USBCtrlTrfRxService@byteToRead              cstackBANK1  000AB
USBCtrlTrfRxService@i                       cstackBANK1  000AA
USBCtrlTrfTxService@byteToSend              cstackBANK1  000A8
USBDeviceInit@i                             cstackBANK1  000AA
USBDeviceInit@i_1423                        cstackBANK1  000A9
USBDeviceInit@p                             cstackBANK1  000A7
USBDeviceTasks@i                            cstackBANK3  001EF
USBEnableEndpoint@ep                        cstackBANK1  000B2
USBEnableEndpoint@options                   cstackBANK1  000AD
USBEnableEndpoint@p                         cstackBANK1  000B0
USBStdFeatureReqHandler@current_ep_data     cstackBANK1  000BE
USBStdFeatureReqHandler@p                   cstackBANK1  000BF
USBStdFeatureReqHandler@pUEP                cstackBANK1  000BC
USBStdGetStatusHandler@p                    cstackBANK1  000A7
USBStdSetCfgHandler@i                       cstackBANK1  000BE
USBStdSetCfgHandler@i_2095                  cstackBANK1  000BD
USBStdSetCfgHandler@p                       cstackBANK1  000BB
USBTransferOnePacket@data                   cstackBANK1  000A7
USBTransferOnePacket@dir                    cstackBANK1  000A6
USBTransferOnePacket@ep                     cstackBANK1  000AE
USBTransferOnePacket@handle                 cstackBANK1  000AF
USBTransferOnePacket@len                    cstackBANK1  000A9
USER_USB_CALLBACK_EVENT_HANDLER@event       cstackBANK1  000B4
USER_USB_CALLBACK_EVENT_HANDLER@pdata       cstackBANK1  000B6
USER_USB_CALLBACK_EVENT_HANDLER@size        cstackBANK1  000B8
UserApplication@numBytesRead                cstackBANK1  000B7
_ACTCON                                     (abs)        0039B
_ANSELA                                     (abs)        0018C
_ANSELC                                     (abs)        0018E
_APFCON                                     (abs)        0011D
_BDT                                        (abs)        00020
_BORCON                                     (abs)        00116
_BothEP0OutUOWNsSet                         bssBANK3     001DD
_CDCDataInHandle                            bssBANK3     001CD
_CDCDataOutHandle                           bssBANK3     001CF
_CDCInitEP                                  text23       0135C
_CDCTxService                               text5        00488
_CtrlTrfData                                (abs)        00058
_INTCONbits                                 (abs)        0000B
_INTERRUPT_InterruptManager                 intentry     00004
_LATA                                       (abs)        0010C
_LATC                                       (abs)        0010E
_OPTION_REGbits                             (abs)        00095
_OSCCON                                     (abs)        00099
_OSCILLATOR_Initialize                      text37       01FD9
_OSCTUNE                                    (abs)        00098
_PIE2bits                                   (abs)        00092
_PIN_MANAGER_Initialize                     text36       0104D
_PIR2bits                                   (abs)        00012
_PLLRDY                                     (abs)        004D6
_RC3                                        (abs)        00073
_RemoteWakeup                               bssBANK3     001E0
_SYSTEM_Initialize                          text32       01FF1
_SetupPkt                                   (abs)        00050
_TRISA                                      (abs)        0008C
_TRISC                                      (abs)        0008E
_UADDR                                      (abs)        00E96
_UCFG                                       (abs)        00E91
_UCON                                       (abs)        00E8E
_UCONbits                                   (abs)        00E8E
_UEIE                                       (abs)        00E97
_UEIR                                       (abs)        00E93
_UEP0                                       (abs)        00E98
_UEP0bits                                   (abs)        00E98
_UEP1                                       (abs)        00E99
_UIE                                        (abs)        00E92
_UIEbits                                    (abs)        00E92
_UIR                                        (abs)        00E90
_UIRbits                                    (abs)        00E90
_USB1msTickCount                            bssBANK3     001C3
_USBActiveConfiguration                     bssBANK3     001EE
_USBAlternateInterface                      bssBANK3     001EB
_USBBusIsSuspended                          bssBANK3     001DF
_USBCheckCDCRequest                         text22       00899
_USBCheckStdRequest                         text15       0179F
_USBConfigureEndpoint                       text26       013DC
_USBCtrlEPAllowDataStage                    text14       016E0
_USBCtrlEPAllowStatusStage                  text29       00B2F
_USBCtrlEPService                           text11       01628
_USBCtrlEPServiceComplete                   text13       0076A
_USBCtrlTrfInHandler                        text30       009D0
_USBCtrlTrfOutHandler                       text27       012EA
_USBCtrlTrfRxService                        text28       0060B
_USBCtrlTrfSetupHandler                     text12       0141F
_USBCtrlTrfTxService                        text31       00AB5
_USBDeferINDataStagePackets                 bssBANK3     001D8
_USBDeferOUTDataStagePackets                bssBANK3     001D7
_USBDeferStatusStagePacket                  bssBANK3     001DB
_USBDeviceAttach                            text35       010C6
_USBDeviceInit                              text34       00554
_USBDeviceState                             bssBANK3     001E5
_USBDeviceTasks                             text6        002B7
_USBEnableEndpoint                          text25       01181
_USBIncrement1msInternalTimers              text10       010AA
_USBStallHandler                            text9        011F3
_USBStatusStageEnabledFlag1                 bssBANK3     001DA
_USBStatusStageEnabledFlag2                 bssBANK3     001D9
_USBStatusStageTimeoutCounter               bssBANK3     001DC
_USBStdFeatureReqHandler                    text20       00051
_USBStdGetDscHandler                        text19       00C28
_USBStdGetStatusHandler                     text18       01517
_USBStdSetCfgHandler                        text16       00E3D
_USBSuspend                                 text8        01102
_USBTicksSinceSuspendEnd                    bssBANK3     001D6
_USBTransferOnePacket                       text24       00D2A
_USBWakeFromSuspend                         text7        01161
_USB_CD_Ptr                                 stringtext2  018B0
_USB_SD_Ptr                                 stringtext1  018AA
_USER_USB_CALLBACK_EVENT_HANDLER            text21       0124E
_USTAT                                      (abs)        00E8F
_USTATcopy                                  bssBANK3     001ED
_UserApplication                            text1        01320
_WDTCON                                     (abs)        00097
_WDT_Initialize                             text33       0103A
_WPUA                                       (abs)        0020C
__CFG_BOREN$ON                              (abs)        00000
__CFG_BORV$LO                               (abs)        00000
__CFG_CLKOUTEN$OFF                          (abs)        00000
__CFG_CP$OFF                                (abs)        00000
__CFG_CPUDIV$NOCLKDIV                       (abs)        00000
__CFG_FCMEN$ON                              (abs)        00000
__CFG_FOSC$INTOSC                           (abs)        00000
__CFG_IESO$ON                               (abs)        00000
__CFG_LPBOR$OFF                             (abs)        00000
__CFG_LVP$ON                                (abs)        00000
__CFG_MCLRE$ON                              (abs)        00000
__CFG_PLLEN$ENABLED                         (abs)        00000
__CFG_PLLMULT$3x                            (abs)        00000
__CFG_PWRTE$OFF                             (abs)        00000
__CFG_STVREN$ON                             (abs)        00000
__CFG_USBLSCLK$48MHz                        (abs)        00000
__CFG_WDTE$OFF                              (abs)        00000
__CFG_WRT$OFF                               (abs)        00000
__Habs1                                     abs1         00000
__Hbank0                                    bank0        00000
__Hbank1                                    bank1        00000
__Hbank10                                   bank10       00000
__Hbank11                                   bank11       00000
__Hbank12                                   bank12       00000
__Hbank13                                   bank13       00000
__Hbank14                                   bank14       00000
__Hbank15                                   bank15       00000
__Hbank16                                   bank16       00000
__Hbank17                                   bank17       00000
__Hbank18                                   bank18       00000
__Hbank19                                   bank19       00000
__Hbank2                                    bank2        00000
__Hbank20                                   bank20       00000
__Hbank21                                   bank21       00000
__Hbank22                                   bank22       00000
__Hbank23                                   bank23       00000
__Hbank24                                   bank24       00000
__Hbank25                                   bank25       00000
__Hbank26                                   bank26       00000
__Hbank27                                   bank27       00000
__Hbank28                                   bank28       00000
__Hbank29                                   bank29       00000
__Hbank3                                    bank3        00000
__Hbank30                                   bank30       00000
__Hbank31                                   bank31       00000
__Hbank4                                    bank4        00000
__Hbank5                                    bank5        00000
__Hbank6                                    bank6        00000
__Hbank7                                    bank7        00000
__Hbank8                                    bank8        00000
__Hbank9                                    bank9        00000
__Hbigram                                   bigram       00000
__HbssBANK1                                 bssBANK1     00000
__HbssBANK3                                 bssBANK3     00000
__HbssBANK4                                 bssBANK4     00000
__HbssBANK5                                 bssBANK5     00000
__HbssBANK6                                 bssBANK6     00000
__Hcinit                                    cinit        00051
__Hclrtext                                  clrtext      00000
__Hcode                                     code         00000
__Hcommon                                   common       00000
__Hconfig                                   config       08009
__HcstackBANK0h                             cstackBANK0h 00000
__HcstackBANK1                              cstackBANK1  00000
__HcstackBANK3                              cstackBANK3  00000
__HcstackBANK4                              cstackBANK4  00000
__HcstackCOMMON                             cstackCOMMON 00000
__Heeprom_data                              eeprom_data  00000
__Hend_init                                 end_init     0001A
__Hfunctab                                  functab      00000
__Hidloc                                    idloc        00000
__Hinit                                     init         00018
__Hintentry                                 intentry     00018
__Hmaintext                                 maintext     00000
__Hpowerup                                  powerup      00000
__Hram                                      ram          00000
__Hreset_vec                                reset_vec    00002
__Hsfr0                                     sfr0         00000
__Hsfr1                                     sfr1         00000
__Hsfr10                                    sfr10        00000
__Hsfr11                                    sfr11        00000
__Hsfr12                                    sfr12        00000
__Hsfr13                                    sfr13        00000
__Hsfr14                                    sfr14        00000
__Hsfr15                                    sfr15        00000
__Hsfr16                                    sfr16        00000
__Hsfr17                                    sfr17        00000
__Hsfr18                                    sfr18        00000
__Hsfr19                                    sfr19        00000
__Hsfr2                                     sfr2         00000
__Hsfr20                                    sfr20        00000
__Hsfr21                                    sfr21        00000
__Hsfr22                                    sfr22        00000
__Hsfr23                                    sfr23        00000
__Hsfr24                                    sfr24        00000
__Hsfr25                                    sfr25        00000
__Hsfr26                                    sfr26        00000
__Hsfr27                                    sfr27        00000
__Hsfr28                                    sfr28        00000
__Hsfr29                                    sfr29        00000
__Hsfr3                                     sfr3         00000
__Hsfr30                                    sfr30        00000
__Hsfr31                                    sfr31        00000
__Hsfr4                                     sfr4         00000
__Hsfr5                                     sfr5         00000
__Hsfr6                                     sfr6         00000
__Hsfr7                                     sfr7         00000
__Hsfr8                                     sfr8         00000
__Hsfr9                                     sfr9         00000
__Hspace_0                                  (abs)        08009
__Hspace_1                                  (abs)        00360
__Hspace_2                                  (abs)        00000
__Hspace_3                                  (abs)        00000
__Hstack                                    stack        00000
__Hstrings                                  strings      00000
__Hstringtext1                              stringtext1  00000
__Hstringtext2                              stringtext2  00000
__Hstringtext3                              stringtext3  00000
__Hstringtext4                              stringtext4  00000
__Hstringtext5                              stringtext5  00000
__Hstringtext6                              stringtext6  00000
__Hstringtext7                              stringtext7  00000
__Hstringtext8                              stringtext8  00000
__Htext                                     text         00000
__Labs1                                     abs1         00000
__Lbank0                                    bank0        00000
__Lbank1                                    bank1        00000
__Lbank10                                   bank10       00000
__Lbank11                                   bank11       00000
__Lbank12                                   bank12       00000
__Lbank13                                   bank13       00000
__Lbank14                                   bank14       00000
__Lbank15                                   bank15       00000
__Lbank16                                   bank16       00000
__Lbank17                                   bank17       00000
__Lbank18                                   bank18       00000
__Lbank19                                   bank19       00000
__Lbank2                                    bank2        00000
__Lbank20                                   bank20       00000
__Lbank21                                   bank21       00000
__Lbank22                                   bank22       00000
__Lbank23                                   bank23       00000
__Lbank24                                   bank24       00000
__Lbank25                                   bank25       00000
__Lbank26                                   bank26       00000
__Lbank27                                   bank27       00000
__Lbank28                                   bank28       00000
__Lbank29                                   bank29       00000
__Lbank3                                    bank3        00000
__Lbank30                                   bank30       00000
__Lbank31                                   bank31       00000
__Lbank4                                    bank4        00000
__Lbank5                                    bank5        00000
__Lbank6                                    bank6        00000
__Lbank7                                    bank7        00000
__Lbank8                                    bank8        00000
__Lbank9                                    bank9        00000
__Lbigram                                   bigram       00000
__LbssBANK1                                 bssBANK1     00000
__LbssBANK3                                 bssBANK3     00000
__LbssBANK4                                 bssBANK4     00000
__LbssBANK5                                 bssBANK5     00000
__LbssBANK6                                 bssBANK6     00000
__Lcinit                                    cinit        0001A
__Lclrtext                                  clrtext      00000
__Lcode                                     code         00000
__Lcommon                                   common       00000
__Lconfig                                   config       08007
__LcstackBANK0h                             cstackBANK0h 00000
__LcstackBANK1                              cstackBANK1  00000
__LcstackBANK3                              cstackBANK3  00000
__LcstackBANK4                              cstackBANK4  00000
__LcstackCOMMON                             cstackCOMMON 00000
__Leeprom_data                              eeprom_data  00000
__Lend_init                                 end_init     00018
__Lfunctab                                  functab      00000
__Lidloc                                    idloc        00000
__Linit                                     init         00018
__Lintentry                                 intentry     00004
__Lmaintext                                 maintext     00000
__Lpowerup                                  powerup      00000
__Lram                                      ram          00000
__Lreset_vec                                reset_vec    00000
__Lsfr0                                     sfr0         00000
__Lsfr1                                     sfr1         00000
__Lsfr10                                    sfr10        00000
__Lsfr11                                    sfr11        00000
__Lsfr12                                    sfr12        00000
__Lsfr13                                    sfr13        00000
__Lsfr14                                    sfr14        00000
__Lsfr15                                    sfr15        00000
__Lsfr16                                    sfr16        00000
__Lsfr17                                    sfr17        00000
__Lsfr18                                    sfr18        00000
__Lsfr19                                    sfr19        00000
__Lsfr2                                     sfr2         00000
__Lsfr20                                    sfr20        00000
__Lsfr21                                    sfr21        00000
__Lsfr22                                    sfr22        00000
__Lsfr23                                    sfr23        00000
__Lsfr24                                    sfr24        00000
__Lsfr25                                    sfr25        00000
__Lsfr26                                    sfr26        00000
__Lsfr27                                    sfr27        00000
__Lsfr28                                    sfr28        00000
__Lsfr29                                    sfr29        00000
__Lsfr3                                     sfr3         00000
__Lsfr30                                    sfr30        00000
__Lsfr31                                    sfr31        00000
__Lsfr4                                     sfr4         00000
__Lsfr5                                     sfr5         00000
__Lsfr6                                     sfr6         00000
__Lsfr7                                     sfr7         00000
__Lsfr8                                     sfr8         00000
__Lsfr9                                     sfr9         00000
__Lspace_0                                  (abs)        00000
__Lspace_1                                  (abs)        00000
__Lspace_2                                  (abs)        00000
__Lspace_3                                  (abs)        00000
__Lstack                                    stack        00000
__Lstrings                                  strings      00000
__Lstringtext1                              stringtext1  00000
__Lstringtext2                              stringtext2  00000
__Lstringtext3                              stringtext3  00000
__Lstringtext4                              stringtext4  00000
__Lstringtext5                              stringtext5  00000
__Lstringtext6                              stringtext6  00000
__Lstringtext7                              stringtext7  00000
__Lstringtext8                              stringtext8  00000
__Ltext                                     text         00000
__S0                                        (abs)        08009
__S1                                        (abs)        00360
__S2                                        (abs)        00000
___int_sp                                   stack        00000
___latbits                                  (abs)        00002
___sp                                       stack        00000
__end_of_CDCInitEP                          text23       0139A
__end_of_CDCTxService                       text5        00554
__end_of_INTERRUPT_InterruptManager         intentry     00018
__end_of_OSCILLATOR_Initialize              text37       01FE5
__end_of_PIN_MANAGER_Initialize             text36       01061
__end_of_SYSTEM_Initialize                  text32       02000
__end_of_USBCheckCDCRequest                 text22       008FC
__end_of_USBCheckStdRequest                 text15       01800
__end_of_USBConfigureEndpoint               text26       0141F
__end_of_USBCtrlEPAllowDataStage            text14       0173F
__end_of_USBCtrlEPAllowStatusStage          text29       00BA9
__end_of_USBCtrlEPService                   text11       01684
__end_of_USBCtrlEPServiceComplete           text13       007FF
__end_of_USBCtrlTrfInHandler                text30       00A41
__end_of_USBCtrlTrfOutHandler               text27       01320
__end_of_USBCtrlTrfRxService                text28       006BD
__end_of_USBCtrlTrfSetupHandler             text12       0146F
__end_of_USBCtrlTrfTxService                text31       00B2F
__end_of_USBDeviceAttach                    text35       010E3
__end_of_USBDeviceInit                      text34       0060B
__end_of_USBDeviceTasks                     text6        003A0
__end_of_USBEnableEndpoint                  text25       011A4
__end_of_USBIncrement1msInternalTimers      text10       010C6
__end_of_USBStallHandler                    text9        0121E
__end_of_USBStdFeatureReqHandler            text20       0018E
__end_of_USBStdGetDscHandler                text19       00CA7
__end_of_USBStdGetStatusHandler             text18       01570
__end_of_USBStdSetCfgHandler                text16       00ECC
__end_of_USBSuspend                         text8        01121
__end_of_USBTransferOnePacket               text24       00DAE
__end_of_USBWakeFromSuspend                 text7        01181
__end_of_USB_CD_Ptr                         stringtext2  018B2
__end_of_USB_SD_Ptr                         stringtext1  018B0
__end_of_USER_USB_CALLBACK_EVENT_HANDLER    text21       0127E
__end_of_UserApplication                    text1        0135C
__end_of_WDT_Initialize                     text33       0103E
__end_of__initialization                    cinit        0004D
__end_of_configDescriptor1                  stringtext3  01843
__end_of_device_dsc                         stringtext6  018A3
__end_of_getsUSBUSART                       text4        016E0
__end_of_main                               maintext     0104D
__end_of_memset                             text17       010AA
__end_of_putrsUSBUSART                      text3        00837
__end_of_sd000                              stringtext7  018A7
__end_of_sd001                              stringtext4  01877
__end_of_sd002                              stringtext5  01891
__end_of_strcmp                             text2        011F3
__end_ofi1_CDCInitEP                        text57       012EA
__end_ofi1_USBCheckCDCRequest               text56       0179F
__end_ofi1_USBCheckStdRequest               text49       00899
__end_ofi1_USBConfigureEndpoint             text60       013DC
__end_ofi1_USBCtrlEPAllowDataStage          text48       015CC
__end_ofi1_USBCtrlEPAllowStatusStage        text63       009D0
__end_ofi1_USBCtrlEPService                 text45       01628
__end_ofi1_USBCtrlEPServiceComplete         text47       00F5D
__end_ofi1_USBCtrlTrfInHandler              text64       00964
__end_ofi1_USBCtrlTrfOutHandler             text61       012B4
__end_ofi1_USBCtrlTrfRxService              text62       01000
__end_ofi1_USBCtrlTrfSetupHandler           text46       014C2
__end_ofi1_USBCtrlTrfTxService              text65       00AB5
__end_ofi1_USBDeviceInit                    text44       0076A
__end_ofi1_USBDeviceTasks                   text39       00488
__end_ofi1_USBEnableEndpoint                text59       01141
__end_ofi1_USBIncrement1msInternalTimers    text43       01091
__end_ofi1_USBStallHandler                  text42       011C9
__end_ofi1_USBStdFeatureReqHandler          text54       002B7
__end_ofi1_USBStdGetDscHandler              text53       00C28
__end_ofi1_USBStdGetStatusHandler           text52       01517
__end_ofi1_USBStdSetCfgHandler              text50       00E3D
__end_ofi1_USBSuspend                       text41       01102
__end_ofi1_USBTransferOnePacket             text58       00D2A
__end_ofi1_USBWakeFromSuspend               text40       01161
__end_ofi1_USER_USB_CALLBACK_EVENT_HANDLER  text55       0124E
__end_ofi1_memset                           text51       01079
__initialization                            cinit        0001A
__pbssBANK1                                 bssBANK1     000C3
__pbssBANK3                                 bssBANK3     001B0
__pbssBANK4                                 bssBANK4     00220
__pbssBANK5                                 bssBANK5     002A0
__pbssBANK6                                 bssBANK6     00320
__pcstackBANK0h                             cstackBANK0h 00060
__pcstackBANK1                              cstackBANK1  000A0
__pcstackBANK3                              cstackBANK3  001EF
__pcstackBANK4                              cstackBANK4  0023D
__pcstackCOMMON                             cstackCOMMON 00070
__pintentry                                 intentry     00004
__pmaintext                                 maintext     0103E
__pstringtext1                              stringtext1  018AA
__pstringtext2                              stringtext2  018B0
__pstringtext3                              stringtext3  01800
__pstringtext4                              stringtext4  01843
__pstringtext5                              stringtext5  01877
__pstringtext6                              stringtext6  01891
__pstringtext7                              stringtext7  018A3
__pstringtext8                              stringtext8  00000
__pswtext1                                  swtext1      01000
__pswtext2                                  swtext2      0101A
__ptext1                                    text1        01320
__ptext10                                   text10       010AA
__ptext11                                   text11       01628
__ptext12                                   text12       0141F
__ptext13                                   text13       0076A
__ptext14                                   text14       016E0
__ptext15                                   text15       0179F
__ptext16                                   text16       00E3D
__ptext17                                   text17       01091
__ptext18                                   text18       01517
__ptext19                                   text19       00C28
__ptext2                                    text2        011C9
__ptext20                                   text20       00051
__ptext21                                   text21       0124E
__ptext22                                   text22       00899
__ptext23                                   text23       0135C
__ptext24                                   text24       00D2A
__ptext25                                   text25       01181
__ptext26                                   text26       013DC
__ptext27                                   text27       012EA
__ptext28                                   text28       0060B
__ptext29                                   text29       00B2F
__ptext3                                    text3        00800
__ptext30                                   text30       009D0
__ptext31                                   text31       00AB5
__ptext32                                   text32       01FF1
__ptext33                                   text33       0103A
__ptext34                                   text34       00554
__ptext35                                   text35       010C6
__ptext36                                   text36       0104D
__ptext37                                   text37       01FD9
__ptext39                                   text39       003A0
__ptext4                                    text4        01684
__ptext40                                   text40       01141
__ptext41                                   text41       010E3
__ptext42                                   text42       011A4
__ptext43                                   text43       01079
__ptext44                                   text44       006BD
__ptext45                                   text45       015CC
__ptext46                                   text46       0146F
__ptext47                                   text47       00ECC
__ptext48                                   text48       01570
__ptext49                                   text49       00837
__ptext5                                    text5        00488
__ptext50                                   text50       00DAE
__ptext51                                   text51       01061
__ptext52                                   text52       014C2
__ptext53                                   text53       00BA9
__ptext54                                   text54       0018E
__ptext55                                   text55       0121E
__ptext56                                   text56       0173F
__ptext57                                   text57       012B4
__ptext58                                   text58       00CA7
__ptext59                                   text59       01121
__ptext6                                    text6        002B7
__ptext60                                   text60       0139A
__ptext61                                   text61       0127E
__ptext62                                   text62       00F5D
__ptext63                                   text63       00964
__ptext64                                   text64       008FC
__ptext65                                   text65       00A41
__ptext7                                    text7        01161
__ptext8                                    text8        01102
__ptext9                                    text9        011F3
__size_of_CDCInitEP                         (abs)        00000
__size_of_CDCTxService                      (abs)        00000
__size_of_INTERRUPT_InterruptManager        (abs)        00000
__size_of_OSCILLATOR_Initialize             (abs)        00000
__size_of_PIN_MANAGER_Initialize            (abs)        00000
__size_of_SYSTEM_Initialize                 (abs)        00000
__size_of_USBCheckCDCRequest                (abs)        00000
__size_of_USBCheckStdRequest                (abs)        00000
__size_of_USBConfigureEndpoint              (abs)        00000
__size_of_USBCtrlEPAllowDataStage           (abs)        00000
__size_of_USBCtrlEPAllowStatusStage         (abs)        00000
__size_of_USBCtrlEPService                  (abs)        00000
__size_of_USBCtrlEPServiceComplete          (abs)        00000
__size_of_USBCtrlTrfInHandler               (abs)        00000
__size_of_USBCtrlTrfOutHandler              (abs)        00000
__size_of_USBCtrlTrfRxService               (abs)        00000
__size_of_USBCtrlTrfSetupHandler            (abs)        00000
__size_of_USBCtrlTrfTxService               (abs)        00000
__size_of_USBDeviceAttach                   (abs)        00000
__size_of_USBDeviceInit                     (abs)        00000
__size_of_USBDeviceTasks                    (abs)        00000
__size_of_USBEnableEndpoint                 (abs)        00000
__size_of_USBIncrement1msInternalTimers     (abs)        00000
__size_of_USBStallHandler                   (abs)        00000
__size_of_USBStdFeatureReqHandler           (abs)        00000
__size_of_USBStdGetDscHandler               (abs)        00000
__size_of_USBStdGetStatusHandler            (abs)        00000
__size_of_USBStdSetCfgHandler               (abs)        00000
__size_of_USBSuspend                        (abs)        00000
__size_of_USBTransferOnePacket              (abs)        00000
__size_of_USBWakeFromSuspend                (abs)        00000
__size_of_USER_USB_CALLBACK_EVENT_HANDLER   (abs)        00000
__size_of_UserApplication                   (abs)        00000
__size_of_WDT_Initialize                    (abs)        00000
__size_of_getsUSBUSART                      (abs)        00000
__size_of_main                              (abs)        00000
__size_of_memset                            (abs)        00000
__size_of_putrsUSBUSART                     (abs)        00000
__size_of_strcmp                            (abs)        00000
__size_ofi1_CDCInitEP                       (abs)        00000
__size_ofi1_USBCheckCDCRequest              (abs)        00000
__size_ofi1_USBCheckStdRequest              (abs)        00000
__size_ofi1_USBConfigureEndpoint            (abs)        00000
__size_ofi1_USBCtrlEPAllowDataStage         (abs)        00000
__size_ofi1_USBCtrlEPAllowStatusStage       (abs)        00000
__size_ofi1_USBCtrlEPService                (abs)        00000
__size_ofi1_USBCtrlEPServiceComplete        (abs)        00000
__size_ofi1_USBCtrlTrfInHandler             (abs)        00000
__size_ofi1_USBCtrlTrfOutHandler            (abs)        00000
__size_ofi1_USBCtrlTrfRxService             (abs)        00000
__size_ofi1_USBCtrlTrfSetupHandler          (abs)        00000
__size_ofi1_USBCtrlTrfTxService             (abs)        00000
__size_ofi1_USBDeviceInit                   (abs)        00000
__size_ofi1_USBDeviceTasks                  (abs)        00000
__size_ofi1_USBEnableEndpoint               (abs)        00000
__size_ofi1_USBIncrement1msInternalTimers   (abs)        00000
__size_ofi1_USBStallHandler                 (abs)        00000
__size_ofi1_USBStdFeatureReqHandler         (abs)        00000
__size_ofi1_USBStdGetDscHandler             (abs)        00000
__size_ofi1_USBStdGetStatusHandler          (abs)        00000
__size_ofi1_USBStdSetCfgHandler             (abs)        00000
__size_ofi1_USBSuspend                      (abs)        00000
__size_ofi1_USBTransferOnePacket            (abs)        00000
__size_ofi1_USBWakeFromSuspend              (abs)        00000
__size_ofi1_USER_USB_CALLBACK_EVENT_HANDLER (abs)        00000
__size_ofi1_memset                          (abs)        00000
_cdc_data_rx                                (abs)        020C0
_cdc_data_tx                                (abs)        02080
_cdc_mem_type                               bssBANK3     001E7
_cdc_rx_len                                 bssBANK3     001EA
_cdc_trf_state                              bssBANK3     001E9
_cdc_tx_len                                 bssBANK3     001E8
_configDescriptor1                          stringtext3  01800
_controlTransferState                       bssBANK3     001E2
_control_signal_bitmap                      bssBANK3     001E6
_device_dsc                                 stringtext6  01891
_dummy_encapsulated_cmd_response            bssBANK4     0022E
_endpoint_number                            bssBANK3     001DE
_ep_data_in                                 bssBANK3     001CA
_ep_data_out                                bssBANK3     001C7
_getsUSBUSART                               text4        01684
_inPipes                                    bssBANK1     000C3
_line_coding                                bssBANK4     00236
_main                                       maintext     0103E
_memset                                     text17       01091
_outPipes                                   bssBANK3     001B0
_pBDTEntryEP0OutCurrent                     bssBANK3     001E4
_pBDTEntryEP0OutNext                        bssBANK1     000C8
_pBDTEntryIn                                bssBANK3     001B7
_pBDTEntryOut                               bssBANK3     001BD
_pCDCDst                                    bssBANK3     001D1
_pCDCSrc                                    bssBANK3     001D3
_pDst                                       bssBANK3     001E1
_putrsUSBUSART                              text3        00800
_readBuffer                                 bssBANK5     002A0
_sd000                                      stringtext7  018A3
_sd001                                      stringtext4  01843
_sd002                                      stringtext5  01877
_shortPacketStatus                          bssBANK3     001E3
_strcmp                                     text2        011C9
btemp                                       (abs)        0007E
clear_ram0                                  clrtext      01FE5
end_of_initialization                       cinit        0004D
getsUSBUSART@buffer                         cstackBANK1  000B4
getsUSBUSART@len                            cstackBANK1  000B1
i1USBConfigureEndpoint@EPNum                cstackCOMMON 00075
i1USBConfigureEndpoint@direction            cstackCOMMON 00070
i1USBConfigureEndpoint@handle               cstackCOMMON 00076
i1USBCtrlTrfInHandler@lastDTS               cstackCOMMON 00075
i1USBCtrlTrfRxService@byteToRead            cstackCOMMON 00075
i1USBCtrlTrfRxService@i                     cstackCOMMON 00074
i1USBCtrlTrfTxService@byteToSend            cstackCOMMON 00072
i1USBDeviceInit@i                           cstackCOMMON 00074
i1USBDeviceInit@i_1423                      cstackCOMMON 00073
i1USBDeviceInit@p                           cstackCOMMON 00071
i1USBDeviceTasks@i                          cstackBANK0h 0006F
i1USBEnableEndpoint@ep                      cstackCOMMON 0007C
i1USBEnableEndpoint@options                 cstackCOMMON 00077
i1USBEnableEndpoint@p                       cstackCOMMON 0007A
i1USBStdFeatureReqHandler@current_ep_data   cstackBANK0h 0006A
i1USBStdFeatureReqHandler@p                 cstackBANK0h 0006B
i1USBStdFeatureReqHandler@pUEP              cstackBANK0h 00068
i1USBStdGetStatusHandler@p                  cstackCOMMON 00071
i1USBStdSetCfgHandler@i                     cstackBANK0h 0006A
i1USBStdSetCfgHandler@i_2095                cstackBANK0h 00069
i1USBStdSetCfgHandler@p                     cstackBANK0h 00067
i1USBTransferOnePacket@data                 cstackCOMMON 00071
i1USBTransferOnePacket@dir                  cstackCOMMON 00070
i1USBTransferOnePacket@ep                   cstackCOMMON 00078
i1USBTransferOnePacket@handle               cstackCOMMON 00079
i1USBTransferOnePacket@len                  cstackCOMMON 00073
i1USER_USB_CALLBACK_EVENT_HANDLER@event     cstackBANK0h 00060
i1USER_USB_CALLBACK_EVENT_HANDLER@pdata     cstackBANK0h 00062
i1USER_USB_CALLBACK_EVENT_HANDLER@size      cstackBANK0h 00064
i1_CDCInitEP                                text57       012B4
i1_USBCheckCDCRequest                       text56       0173F
i1_USBCheckStdRequest                       text49       00837
i1_USBConfigureEndpoint                     text60       0139A
i1_USBCtrlEPAllowDataStage                  text48       01570
i1_USBCtrlEPAllowStatusStage                text63       00964
i1_USBCtrlEPService                         text45       015CC
i1_USBCtrlEPServiceComplete                 text47       00ECC
i1_USBCtrlTrfInHandler                      text64       008FC
i1_USBCtrlTrfOutHandler                     text61       0127E
i1_USBCtrlTrfRxService                      text62       00F5D
i1_USBCtrlTrfSetupHandler                   text46       0146F
i1_USBCtrlTrfTxService                      text65       00A41
i1_USBDeviceInit                            text44       006BD
i1_USBDeviceTasks                           text39       003A0
i1_USBEnableEndpoint                        text59       01121
i1_USBIncrement1msInternalTimers            text43       01079
i1_USBStallHandler                          text42       011A4
i1_USBStdFeatureReqHandler                  text54       0018E
i1_USBStdGetDscHandler                      text53       00BA9
i1_USBStdGetStatusHandler                   text52       014C2
i1_USBStdSetCfgHandler                      text50       00DAE
i1_USBSuspend                               text41       010E3
i1_USBTransferOnePacket                     text58       00CA7
i1_USBWakeFromSuspend                       text40       01141
i1_USER_USB_CALLBACK_EVENT_HANDLER          text55       0121E
i1_memset                                   text51       01061
i1memset@c                                  cstackCOMMON 00072
i1memset@n                                  cstackCOMMON 00074
i1memset@p                                  cstackCOMMON 00076
i1memset@p1                                 cstackCOMMON 00070
int$flags                                   (abs)        0007E
intlevel0                                   functab      00000
intlevel1                                   functab      00000
intlevel2                                   functab      00000
intlevel3                                   functab      00000
intlevel4                                   functab      00000
intlevel5                                   functab      00000
memset@c                                    cstackBANK1  000A8
memset@n                                    cstackBANK1  000AA
memset@p                                    cstackBANK1  000AC
memset@p1                                   cstackBANK1  000A6
putrsUSBUSART@data                          cstackBANK1  000A6
putrsUSBUSART@len                           cstackBANK1  000AD
putrsUSBUSART@pData                         cstackBANK1  000AB
reset_vec                                   reset_vec    00000
stackhi                                     (abs)        023EF
stacklo                                     (abs)        02220
start                                       init         00018
start_initialization                        cinit        0001A
strcmp@r                                    cstackBANK1  000A9
strcmp@s1                                   cstackBANK1  000AA
strcmp@s2                                   cstackBANK1  000A6
wtemp0                                      (abs)        0007E


FUNCTION INFORMATION:

 *************** function _main *****************
 Defined at:
		line 57 in file "main.c"
 Parameters:    Size  Location     Type
		None
 Auto vars:     Size  Location     Type
		None
 Return value:  Size  Location     Type
                  1    wreg      void 
 Registers used:
		wreg, fsr0l, fsr0h, fsr1l, fsr1h, status,2, status,0, pclath, cstack
 Tracked objects:
		On entry : 
		On exit  : 
		Unchanged: 
 Data sizes:     COMMON  BANK0h   BANK1   BANK2   BANK3   BANK4   BANK5   BANK6   BANK7   BANK8   BANK9  BANK10  BANK11  BANK12
      Params:         0       0       0       0       0       0       0       0       0       0       0       0       0       0
      Locals:         0       0       0       0       0       0       0       0       0       0       0       0       0       0
[...]
Total ram usage:        6 bytes
 Hardware stack levels used:    1
 Hardware stack levels required when called:    3
 This function calls:
		i1_CDCInitEP
		i1_USBCheckCDCRequest
 This function is called by:
		i1_USBDeviceTasks
		i1_USBStdSetCfgHandler
		i1_USBSuspend
		i1_USBWakeFromSuspend
		i1_USBCtrlTrfSetupHandler
		i1_USBCheckStdRequest
		i1_USBStdFeatureReqHandler
 This function uses a non-reentrant model


 *************** function i1_USBCheckCDCRequest *****************
 Defined at:
		line 146 in file "mcc_generated_files/usb/usb_device_cdc.c"
 Parameters:    Size  Location     Type
		None
 Auto vars:     Size  Location     Type
		None
 Return value:  Size  Location     Type
                  1    wreg      void 
 Registers used:
		wreg, fsr0l, fsr0h, status,2, status,0
 Tracked objects:
		On entry : 
		On exit  : 
		Unchanged: 
 Data sizes:     COMMON  BANK0h   BANK1   BANK2   BANK3   BANK4   BANK5   BANK6   BANK7   BANK8   BANK9  BANK10  BANK11  BANK12
      Params:         0       0       0       0       0       0       0       0       0       0       0       0       0       0
      Locals:         0       0       0       0       0       0       0       0       0       0       0       0       0       0
      Temps:          1       0       0       0       0       0       0       0       0       0       0       0       0       0
      Totals:         1       0       0       0       0       0       0       0       0       0       0       0       0       0
Total ram usage:        1 bytes
 Hardware stack levels used:    1
 This function calls:
		Nothing
 This function is called by:
		i1_USER_USB_CALLBACK_EVENT_HANDLER
 This function uses a non-reentrant model


 *************** function i1_CDCInitEP *****************
 Defined at:
		line 293 in file "mcc_generated_files/usb/usb_device_cdc.c"
 Parameters:    Size  Location     Type
		None
 Auto vars:     Size  Location     Type
		None
 Return value:  Size  Location     Type
                  1    wreg      void 
 Registers used:
		wreg, fsr1l, fsr1h, status,2, status,0, pclath, cstack
 Tracked objects:
		On entry : 
		On exit  : 
		Unchanged: 
 Data sizes:     COMMON  BANK0h   BANK1   BANK2   BANK3   BANK4   BANK5   BANK6   BANK7   BANK8   BANK9  BANK10  BANK11  BANK12
      Params:         0       0       0       0       0       0       0       0       0       0       0       0       0       0
      Locals:         0       0       0       0       0       0       0       0       0       0       0       0       0       0
      Temps:          1       0       0       0       0       0       0       0       0       0       0       0       0       0
      Totals:         1       0       0       0       0       0       0       0       0       0       0       0       0       0
Total ram usage:        1 bytes
 Hardware stack levels used:    1
 Hardware stack levels required when called:    2
 This function calls:
		i1_USBEnableEndpoint
		i1_USBTransferOnePacket
 This function is called by:
		i1_USER_USB_CALLBACK_EVENT_HANDLER
 This function uses a non-reentrant model


 *************** function i1_USBTransferOnePacket *****************
 Defined at:
		line 995 in file "mcc_generated_files/usb/usb_device.c"
 Parameters:    Size  Location     Type
  ep              1    wreg     unsigned char 
  dir             1    0[COMMON] unsigned char 
  data            2    1[COMMON] PTR unsigned char 
		 -> cdc_data_tx(64), NULL(0), cdc_data_rx(64), 
  len             1    3[COMMON] unsigned char 
 Auto vars:     Size  Location     Type
  ep              1    8[COMMON] unsigned char 
  USBTransferO    2    9[COMMON] PTR volatile struct __BD
		 -> RAM(4096), BDT(48), NULL(0), 
 Return value:  Size  Location     Type
                  2    0[COMMON] PTR void 
 Registers used:
		wreg, fsr1l, fsr1h, status,2, status,0
 Tracked objects:
		On entry : 
		On exit  : 
		Unchanged: 
 Data sizes:     COMMON  BANK0h   BANK1   BANK2   BANK3   BANK4   BANK5   BANK6   BANK7   BANK8   BANK9  BANK10  BANK11  BANK12
      Params:         4       0       0       0       0       0       0       0       0       0       0       0       0       0
      Locals:         3       0       0       0       0       0       0       0       0       0       0       0       0       0
      Temps:          4       0       0       0       0       0       0       0       0       0       0       0       0       0
      Totals:        11       0       0       0       0       0       0       0       0       0       0       0       0       0
Total ram usage:       11 bytes
 Hardware stack levels used:    1
 This function calls:
		Nothing
 This function is called by:
		i1_CDCInitEP
 This function uses a non-reentrant model


 *************** function i1_USBEnableEndpoint *****************
 Defined at:
		line 878 in file "mcc_generated_files/usb/usb_device.c"
 Parameters:    Size  Location     Type
  ep              1    wreg     unsigned char 
  options         1    7[COMMON] unsigned char 
 Auto vars:     Size  Location     Type
  ep              1   12[COMMON] unsigned char 
  USBEnableEnd    2   10[COMMON] PTR unsigned char 
		 -> UEP0(1), 
 Return value:  Size  Location     Type
                  1    wreg      void 
 Registers used:
		wreg, fsr1l, fsr1h, status,2, status,0, pclath, cstack
 Tracked objects:
		On entry : 
		On exit  : 
		Unchanged: 
 Data sizes:     COMMON  BANK0h   BANK1   BANK2   BANK3   BANK4   BANK5   BANK6   BANK7   BANK8   BANK9  BANK10  BANK11  BANK12
      Params:         1       0       0       0       0       0       0       0       0       0       0       0       0       0
      Locals:         3       0       0       0       0       0       0       0       0       0       0       0       0       0
      Temps:          2       0       0       0       0       0       0       0       0       0       0       0       0       0
      Totals:         6       0       0       0       0       0       0       0       0       0       0       0       0       0
Total ram usage:        6 bytes
 Hardware stack levels used:    1
 Hardware stack levels required when called:    1
 This function calls:
		i1_USBConfigureEndpoint
 This function is called by:
		i1_CDCInitEP
 This function uses a non-reentrant model


 *************** function i1_USBConfigureEndpoint *****************
 Defined at:
		line 1543 in file "mcc_generated_files/usb/usb_device.c"
 Parameters:    Size  Location     Type
  EPNum           1    wreg     unsigned char 
  direction       1    0[COMMON] unsigned char 
 Auto vars:     Size  Location     Type
  EPNum           1    5[COMMON] unsigned char 
  USBConfigure    1    6[COMMON] PTR volatile struct __BD
		 -> BDT(48), 
 Return value:  Size  Location     Type
                  1    wreg      void 
 Registers used:
		wreg, fsr1l, fsr1h, status,2, status,0
 Tracked objects:
		On entry : 
		On exit  : 
		Unchanged: 
 Data sizes:     COMMON  BANK0h   BANK1   BANK2   BANK3   BANK4   BANK5   BANK6   BANK7   BANK8   BANK9  BANK10  BANK11  BANK12
      Params:         1       0       0       0       0       0       0       0       0       0       0       0       0       0
      Locals:         2       0       0       0       0       0       0       0       0       0       0       0       0       0
      Temps:          4       0       0       0       0       0       0       0       0       0       0       0       0       0
      Totals:         7       0       0       0       0       0       0       0       0       0       0       0       0       0
Total ram usage:        7 bytes
 Hardware stack levels used:    1
 This function calls:
		Nothing
 This function is called by:
		i1_USBEnableEndpoint
 This function uses a non-reentrant model


 *************** function i1_USBCtrlTrfOutHandler *****************
 Defined at:
		line 2538 in file "mcc_generated_files/usb/usb_device.c"
 Parameters:    Size  Location     Type
		None
 Auto vars:     Size  Location     Type
		None
 Return value:  Size  Location     Type
                  1    wreg      void 
 Registers used:
		wreg, fsr1l, fsr1h, status,2, status,0, pclath, cstack
 Tracked objects:
		On entry : 
		On exit  : 
		Unchanged: 
 Data sizes:     COMMON  BANK0h   BANK1   BANK2   BANK3   BANK4   BANK5   BANK6   BANK7   BANK8   BANK9  BANK10  BANK11  BANK12
      Params:         0       0       0       0       0       0       0       0       0       0       0       0       0       0
      Locals:         0       0       0       0       0       0       0       0       0       0       0       0       0       0
      Temps:          2       0       0       0       0       0       0       0       0       0       0       0       0       0
      Totals:         2       0       0       0       0       0       0       0       0       0       0       0       0       0
Total ram usage:        2 bytes
 Hardware stack levels used:    1
 Hardware stack levels required when called:    2
 This function calls:
		i1_USBCtrlTrfRxService
 This function is called by:
		i1_USBCtrlEPService
 This function uses a non-reentrant model


 *************** function i1_USBCtrlTrfRxService *****************
 Defined at:
		line 1852 in file "mcc_generated_files/usb/usb_device.c"
 Parameters:    Size  Location     Type
		None
 Auto vars:     Size  Location     Type
  USBCtrlTrfRx    1    5[COMMON] unsigned char 
  USBCtrlTrfRx    1    4[COMMON] unsigned char 
 Return value:  Size  Location     Type
                  1    wreg      void 
 Registers used:
		wreg, fsr1l, fsr1h, status,2, status,0, pclath, cstack
 Tracked objects:
		On entry : 
		On exit  : 
		Unchanged: 
 Data sizes:     COMMON  BANK0h   BANK1   BANK2   BANK3   BANK4   BANK5   BANK6   BANK7   BANK8   BANK9  BANK10  BANK11  BANK12
      Params:         0       0       0       0       0       0       0       0       0       0       0       0       0       0
      Locals:         2       0       0       0       0       0       0       0       0       0       0       0       0       0
      Temps:          2       0       0       0       0       0       0       0       0       0       0       0       0       0
      Totals:         4       0       0       0       0       0       0       0       0       0       0       0       0       0
Total ram usage:        4 bytes
 Hardware stack levels used:    1
 Hardware stack levels required when called:    1
 This function calls:
		i1_USBCtrlEPAllowStatusStage
 This function is called by:
		i1_USBCtrlTrfOutHandler
 This function uses a non-reentrant model


 *************** function i1_USBCtrlEPAllowStatusStage *****************
 Defined at:
		line 1416 in file "mcc_generated_files/usb/usb_device.c"
 Parameters:    Size  Location     Type
		None
 Auto vars:     Size  Location     Type
		None
 Return value:  Size  Location     Type
                  1    wreg      void 
 Registers used:
		wreg, fsr1l, fsr1h, status,2, status,0
 Tracked objects:
		On entry : 
		On exit  : 
		Unchanged: 
 Data sizes:     COMMON  BANK0h   BANK1   BANK2   BANK3   BANK4   BANK5   BANK6   BANK7   BANK8   BANK9  BANK10  BANK11  BANK12
      Params:         0       0       0       0       0       0       0       0       0       0       0       0       0       0
      Locals:         0       0       0       0       0       0       0       0       0       0       0       0       0       0
      Temps:          2       0       0       0       0       0       0       0       0       0       0       0       0       0
      Totals:         2       0       0       0       0       0       0       0       0       0       0       0       0       0
Total ram usage:        2 bytes
 Hardware stack levels used:    1
 This function calls:
		Nothing
 This function is called by:
		i1_USBDeviceTasks
		i1_USBCtrlEPServiceComplete
		i1_USBCtrlTrfRxService
 This function uses a non-reentrant model


 *************** function i1_USBCtrlTrfInHandler *****************
 Defined at:
		line 2592 in file "mcc_generated_files/usb/usb_device.c"
 Parameters:    Size  Location     Type
		None
 Auto vars:     Size  Location     Type
  USBCtrlTrfIn    1    5[COMMON] unsigned char 
 Return value:  Size  Location     Type
                  1    wreg      void 
 Registers used:
		wreg, fsr0l, fsr0h, fsr1l, fsr1h, status,2, status,0, pclath, cstack
 Tracked objects:
		On entry : 
		On exit  : 
		Unchanged: 
 Data sizes:     COMMON  BANK0h   BANK1   BANK2   BANK3   BANK4   BANK5   BANK6   BANK7   BANK8   BANK9  BANK10  BANK11  BANK12
      Params:         0       0       0       0       0       0       0       0       0       0       0       0       0       0
      Locals:         1       0       0       0       0       0       0       0       0       0       0       0       0       0
      Temps:          2       0       0       0       0       0       0       0       0       0       0       0       0       0
      Totals:         3       0       0       0       0       0       0       0       0       0       0       0       0       0
Total ram usage:        3 bytes
 Hardware stack levels used:    1
 Hardware stack levels required when called:    1
 This function calls:
		i1_USBCtrlTrfTxService
 This function is called by:
		i1_USBCtrlEPService
 This function uses a non-reentrant model


 *************** function i1_USBCtrlTrfTxService *****************
 Defined at:
		line 1771 in file "mcc_generated_files/usb/usb_device.c"
 Parameters:    Size  Location     Type
		None
 Auto vars:     Size  Location     Type
  USBCtrlTrfTx    1    2[COMMON] unsigned char 
 Return value:  Size  Location     Type
                  1    wreg      void 
 Registers used:
		wreg, fsr0l, fsr0h, fsr1l, fsr1h, status,2, status,0, pclath
 Tracked objects:
		On entry : 
		On exit  : 
		Unchanged: 
 Data sizes:     COMMON  BANK0h   BANK1   BANK2   BANK3   BANK4   BANK5   BANK6   BANK7   BANK8   BANK9  BANK10  BANK11  BANK12
      Params:         0       0       0       0       0       0       0       0       0       0       0       0       0       0
      Locals:         1       0       0       0       0       0       0       0       0       0       0       0       0       0
      Temps:          2       0       0       0       0       0       0       0       0       0       0       0       0       0
      Totals:         3       0       0       0       0       0       0       0       0       0       0       0       0       0
Total ram usage:        3 bytes
 Hardware stack levels used:    1
 This function calls:
		Nothing
 This function is called by:
		i1_USBCtrlEPAllowDataStage
		i1_USBCtrlTrfInHandler
 This function uses a non-reentrant model



MODULE INFORMATION

Module		Function		Class		Link	Load	Size
mcc_generated_files/interrupt_manager.c
		_INTERRUPT_InterruptManager		CODE           	0004	0000	21

mcc_generated_files/interrupt_manager.c estimated size: 21

mcc_generated_files/pin_manager.c
		_PIN_MANAGER_Initialize		CODE           	104D	0000	21

mcc_generated_files/pin_manager.c estimated size: 21

mcc_generated_files/usb/usb_device_cdc.c
		_CDCTxService  		CODE           	0488	0000	205
		_CDCInitEP     		CODE           	135C	0000	63
		_putrsUSBUSART 		CODE           	0800	0000	56
		_getsUSBUSART  		CODE           	1684	0000	93
		_USBCheckCDCRequest		CODE           	0899	0000	100

mcc_generated_files/usb/usb_device_cdc.c estimated size: 517

shared
		i1_USBIncrement1msInternalTimers		CODE           	1079	0000	25
		_configDescriptor1		STRCODE        	1800	0000	68
		_USB_CD_Ptr    		STRCODE        	18B0	0000	3
		_sd001         		STRCODE        	1843	0000	53
		i1_USBCtrlEPService		CODE           	15CC	0000	93
		i1_USBCtrlEPServiceComplete		CODE           	0ECC	0000	146
		i1_USBCtrlTrfSetupHandler		CODE           	146F	0000	84
		i1_USBCtrlEPAllowStatusStage		CODE           	0964	0000	109
		_sd002         		STRCODE        	1877	0000	27
		i1_USBCtrlTrfOutHandler		CODE           	127E	0000	55
		i1_USBDeviceInit		CODE           	06BD	0000	174
		i1_USBWakeFromSuspend		CODE           	1141	0000	33
		i1_USBConfigureEndpoint		CODE           	139A	0000	67
		i1_USBStdSetCfgHandler		CODE           	0DAE	0000	144
		i1_USBStdGetDscHandler		CODE           	0BA9	0000	128
		__initialization		CODE           	001A	0000	52
		i1_USBStallHandler		CODE           	11A4	0000	38
		_device_dsc    		STRCODE        	1891	0000	19
		i1_USBStdGetStatusHandler		CODE           	14C2	0000	86
		i1_CDCInitEP   		CODE           	12B4	0000	55
		i1_USER_USB_CALLBACK_EVENT_HANDLER		CODE           	121E	0000	49
		i1_USBStdFeatureReqHandler		CODE           	018E	0000	298
		_USB_SD_Ptr    		STRCODE        	18AA	0000	7
		i1_memset      		CODE           	1061	0000	25
		i1_USBCheckCDCRequest		CODE           	173F	0000	97
		i1_USBEnableEndpoint		CODE           	1121	0000	33
		i1_USBDeviceTasks		CODE           	03A0	0000	233
		i1_USBCtrlTrfRxService		CODE           	0F5D	0000	164
		_sd000         		STRCODE        	18A3	0000	5
		i1_USBCtrlTrfTxService		CODE           	0A41	0000	117
		i1_USBCheckStdRequest		CODE           	0837	0000	99
		i1_USBTransferOnePacket		CODE           	0CA7	0000	132
		i1_USBCtrlTrfInHandler		CODE           	08FC	0000	105
		i1_USBSuspend  		CODE           	10E3	0000	32
		i1_USBCtrlEPAllowDataStage		CODE           	1570	0000	93

shared estimated size: 2948

mcc_generated_files/usb/usb_device_events.c
		_USER_USB_CALLBACK_EVENT_HANDLER		CODE           	124E	0000	49

mcc_generated_files/usb/usb_device_events.c estimated size: 49

mcc_generated_files/mcc.c
		_WDT_Initialize		CODE           	103A	0000	5
		_OSCILLATOR_Initialize		CODE           	1FD9	0000	13
		_SYSTEM_Initialize		CODE           	1FF1	0000	16

mcc_generated_files/mcc.c estimated size: 34

main.c
		_main          		CODE           	103E	0000	16
		_UserApplication		CODE           	1320	0000	61

main.c estimated size: 77

C:\Program Files (x86)\Microchip\xc8\v1.45\sources\common\strcmp.c
		_strcmp        		CODE           	11C9	0000	43

C:\Program Files (x86)\Microchip\xc8\v1.45\sources\common\strcmp.c estimated size: 43

mcc_generated_files/usb/usb_device.c
		_USBCtrlTrfInHandler		CODE           	09D0	0000	114
		_USBTransferOnePacket		CODE           	0D2A	0000	133
		_USBDeviceAttach		CODE           	10C6	0000	30
		_USBStdGetDscHandler		CODE           	0C28	0000	128
		_USBCtrlEPAllowDataStage		CODE           	16E0	0000	96
		_USBStdFeatureReqHandler		CODE           	0051	0000	318
		_USBCtrlEPAllowStatusStage		CODE           	0B2F	0000	123
		_USBCtrlTrfSetupHandler		CODE           	141F	0000	81
		_USBCtrlTrfOutHandler		CODE           	12EA	0000	55
		_USBCtrlEPServiceComplete		CODE           	076A	0000	150
		_USBSuspend    		CODE           	1102	0000	32
		_USBStdSetCfgHandler		CODE           	0E3D	0000	144
		_USBStdGetStatusHandler		CODE           	1517	0000	90
		_USBWakeFromSuspend		CODE           	1161	0000	33
		_USBCtrlTrfRxService		CODE           	060B	0000	179
		_USBCtrlTrfTxService		CODE           	0AB5	0000	123
		_USBEnableEndpoint		CODE           	1181	0000	36
		_USBConfigureEndpoint		CODE           	13DC	0000	68
		_USBDeviceInit 		CODE           	0554	0000	184
		_USBIncrement1msInternalTimers		CODE           	10AA	0000	29
		_USBCtrlEPService		CODE           	1628	0000	93
		_USBStallHandler		CODE           	11F3	0000	44
		_USBDeviceTasks		CODE           	02B7	0000	234
		_USBCheckStdRequest		CODE           	179F	0000	98

mcc_generated_files/usb/usb_device.c estimated size: 2615

C:\Program Files (x86)\Microchip\xc8\v1.45\sources\common\memset.c
		_memset        		CODE           	1091	0000	26

C:\Program Files (x86)\Microchip\xc8\v1.45\sources\common\memset.c estimated size: 26

