Microchip MPLAB XC8 Compiler V1.45 ()

Linker command line:

-W-3 --edf=C:\Program Files (x86)\Microchip\xc8\v1.45\dat\en_msgs.txt -cs \
  -h+dist/default/production\MPLAB-test.production.sym \
  --cmf=dist/default/production\MPLAB-test.production.cmf -z -Q16F1454 \
  -oC:\Users\Larse\AppData\Local\Temp\s9j4.2 \
  -Mdist/default/production/MPLAB-test.production.map -E1 -ver=XC8 \
  -ASTACK=02270h-023efh -pstack=STACK -ACODE=00h-07FFhx4 \
  -ASTRCODE=00h-01FFFh -ASTRING=00h-0FFhx32 -ACONST=00h-0FFhx32 \
  -AENTRY=00h-0FFhx32 -ACOMMON=070h-07Fh -ABANK0=020h-06Fh \
  -ABANK1=0A0h-0EFh -ABANK2=0120h-016Fh -ABANK3=01A0h-01EFh \
  -ABANK4=0220h-026Fh -ABANK5=02A0h-02EFh -ABANK6=0320h-036Fh \
  -ABANK7=03A0h-03EFh -ABANK8=0420h-046Fh -ABANK9=04A0h-04EFh \
  -ABANK10=0520h-056Fh -ABANK11=05A0h-05EFh -ABANK12=0620h-064Fh \
  -ABIGRAM=02000h-023EFh \
  -ARAM=020h-06Fh,0A0h-0EFh,0120h-016Fh,01A0h-01EFh,0220h-026Fh,02A0h-02EFh,0320h-036Fh,03A0h-03EFh,0420h-046Fh,04A0h-04EFh,0520h-056Fh,05A0h-05EFh,0620h-064Fh \
  -AABS1=020h-07Fh,0A0h-0EFh,0120h-016Fh,01A0h-01EFh,0220h-026Fh,02A0h-02EFh,0320h-036Fh,03A0h-03EFh,0420h-046Fh,04A0h-04EFh,0520h-056Fh,05A0h-05EFh,0620h-064Fh \
  -ASFR0=00h-01Fh -ASFR1=080h-09Fh -ASFR2=0100h-011Fh -ASFR3=0180h-019Fh \
  -ASFR4=0200h-021Fh -ASFR5=0280h-029Fh -ASFR6=0300h-031Fh \
  -ASFR7=0380h-039Fh -ASFR8=0400h-041Fh -ASFR9=0480h-049Fh \
  -ASFR10=0500h-051Fh -ASFR11=0580h-059Fh -ASFR12=0600h-061Fh \
  -ASFR13=0680h-06EFh -ASFR14=0700h-076Fh -ASFR15=0780h-07EFh \
  -ASFR16=0800h-086Fh -ASFR17=0880h-08EFh -ASFR18=0900h-096Fh \
  -ASFR19=0980h-09EFh -ASFR20=0A00h-0A6Fh -ASFR21=0A80h-0AEFh \
  -ASFR22=0B00h-0B6Fh -ASFR23=0B80h-0BEFh -ASFR24=0C00h-0C6Fh \
  -ASFR25=0C80h-0CEFh -ASFR26=0D00h-0D6Fh -ASFR27=0D80h-0DEFh \
  -ASFR28=0E00h-0E6Fh -ASFR29=0E80h-0EEFh -ASFR30=0F00h-0F6Fh \
  -ASFR31=0F80h-0FEFh -preset_vec=00h,intentry=04h,init,end_init \
  -ppowerup=CODE -pcinit=CODE -pfunctab=ENTRY -ACONFIG=08007h-08008h \
  -pconfig=CONFIG -DCONFIG=2 -AIDLOC=08000h-08003h -pidloc=IDLOC -DIDLOC=2 \
  -DCODE=2 -DSTRCODE=2 -DSTRING=2 -DCONST=2 -DENTRY=2 -k \
  C:\Users\Larse\AppData\Local\Temp\s9j4.obj \
  dist/default/production\MPLAB-test.production.obj 

Object code version is 3.11

Machine type is 16F1454



                Name                               Link     Load   Length Selector   Space Scale
C:\Users\Larse\AppData\Local\Temp\s9j4.obj
                end_init                             34       34        2        8       0
                reset_vec                             0        0        2        0       0
                config                             8007     8007        2    1000E       0
dist/default/production\MPLAB-test.production.obj
                cinit                                36       36       45        8       0
                intentry                              4        4       30        8       0
                text110                            1D28     1D28        4     3A50       0
                text109                            1D10     1D10        3     3A20       0
                text108                            1D13     1D13        3     3A26       0
                text107                             800      800        E        8       0
                text106                            105B     105B       28     20B6       0
                text105                            1D76     1D76        C     3AEC       0
                text104                            1DC1     1DC1       10     3B82       0
                text103                            1D0C     1D0C        2     3A18       0
                text102                            1D0E     1D0E        2     3A1C       0
                text101                               2        2        2        0       0
                text100                            1DD1     1DD1       10     3BA2       0
                text99                             1DE1     1DE1       10     3BC2       0
                text98                             1DF1     1DF1       10     3BE2       0
                text97                             1E2B     1E2B       17     3C56       0
                text96                             1D16     1D16        3     3A2C       0
                text95                             1D0B     1D0B        1     3A16       0
                text94                             1D2C     1D2C        4     3A58       0
                text93                             1D19     1D19        3     3A32       0
                text92                             1D50     1D50        5     3AA0       0
                text91                             1D82     1D82        C     3B04       0
                text90                             1D1C     1D1C        3     3A38       0
                text89                             1083     1083       2A     2106       0
                text88                             1D60     1D60        7     3AC0       0
                text87                             1D55     1D55        5     3AAA       0
                text86                             1D30     1D30        4     3A60       0
                text85                             1D34     1D34        4     3A68       0
                text84                             1D38     1D38        4     3A70       0
                text83                             1D3C     1D3C        4     3A78       0
                text82                             1D6E     1D6E        8     3ADC       0
                text81                             1D67     1D67        7     3ACE       0
                text80                             1D5A     1D5A        6     3AB4       0
                text79                             1D40     1D40        4     3A80       0
                text78                             1D44     1D44        4     3A88       0
                text77                             1D48     1D48        4     3A90       0
                text76                             1012     1012       24     2024       0
                text75                             13D3     13D3       4C     27A6       0
                text74                             1286     1286       3F     250C       0
                text73                             1D1F     1D1F        3     3A3E       0
                text72                             1F3D     1F3D       20     3E7A       0
                text71                             1D22     1D22        3     3A44       0
                text70                             1D25     1D25        3     3A4A       0
                text69                              9AC      9AC       74     1358       0
                text68                              8D3      8D3       68     11A6       0
                text67                              794      794       6C        8       0
                text66                              F5D      F5D       A3     1EBA       0
                text65                             1168     1168       36     22D0       0
                text64                             12C5     12C5       42     258A       0
                text63                             1F5D     1F5D       20     3EBA       0
                text62                              C12      C12       83     1824       0
                text61                             119E     119E       36     233C       0
                text60                             173F     173F       60     2E7E       0
                text59                             10D8     10D8       30     21B0       0
                text58                              1B8      1B8      129        8       0
                text57                              B14      B14       7F     1628       0
                text56                             14C2     14C2       55     2984       0
                text55                             1E42     1E42       18     3C84       0
                text54                              D19      D19       8F     1A32       0
                swtext2                            18AB     18AB       1A     3122       0
                text53                              80E      80E       62     101C       0
                text52                             1570     1570       5C     2AE0       0
                text51                              E37      E37       91     1C6E       0
                text50                             146F     146F       53     28DE       0
                text49                             15CC     15CC       5C     2B98       0
                text48                              6E7      6E7       AD        8       0
                text47                             1E5A     1E5A       18     3CB4       0
                text46                             1036     1036       25     206C       0
                text45                             1EE0     1EE0       1F     3DC0       0
                text44                             1F7D     1F7D       20     3EFA       0
                text43                              3CA      3CA       E8        8       0
                text41                              C95      C95       84     192A       0
                text40                              4B2      4B2       CC        8       0
                text39                             1D8E     1D8E        C     3B1C       0
                text38                             1E01     1E01       14     3C02       0
                text37                             1EC3     1EC3       1D     3D86       0
                text36                              57E      57E       B7        8       0
                text35                             1D4C     1D4C        4     3A98       0
                text34                             1DB2     1DB2        F     3B64       0
                text33                              A20      A20       7A     1440       0
                text32                              93B      93B       71     1276       0
                text31                              A9A      A9A       7A     1534       0
                text30                              635      635       B2        8       0
                text29                             11D4     11D4       36     23A8       0
                text28                             1307     1307       43     260E       0
                text27                             1FDD     1FDD       23     3FBA       0
                text26                             120A     120A       3E     2414       0
                text25                              870      870       63     10E0       0
                text24                             1108     1108       30     2210       0
                text23                               7B       7B      13D        8       0
                text22                              B93      B93       7F     1726       0
                text21                             1517     1517       59     2A2E       0
                text20                             1E72     1E72       19     3CE4       0
                text19                              DA8      DA8       8F     1B50       0
                swtext1                            1891     1891       1A     3122       0
                text18                             179F     179F       61     2F3E       0
                text17                             16E0     16E0       5F     2DC0       0
                text16                              EC8      EC8       95     1D90       0
                text15                             141F     141F       50     283E       0
                text14                             1628     1628       5C     2C50       0
                text13                             1E8B     1E8B       1C     3D16       0
                text12                             10AD     10AD       2B     215A       0
                text11                             1EFF     1EFF       1F     3DFE       0
                text10                             1F9D     1F9D       20     3F3A       0
                text9                               2E1      2E1       E9        8       0
                text8                              1684     1684       5C     2D08       0
                text7                              1138     1138       30     2270       0
                text6                              1EA7     1EA7       1C     3D4E       0
                text5                              1E15     1E15       16     3C2A       0
                text4                              1F1E     1F1E       1F     3E3C       0
                text3                              134A     134A       44     2694       0
                text2                              1248     1248       3E     2490       0
                text1                              138E     138E       45     271C       0
                maintext                           1000     1000       12     1EBA       0
                cstackBANK0h                         60       60       10       60       1
                cstackCOMMON                         70       70        E       70       1
                cstackBANK1                          A0       A0       23       A0       1
                cstackBANK3                         1EF      1EF        1      1B0       1
                cstackBANK4                         25E      25E        5      220       1
                clrtext                            1D9A     1D9A        C     3B34       0
                inittext                           1DA6     1DA6        C     3B4C       0
                bssBANK7                            3A0      3A0       40      3A0       1
                bssBANK6                            320      320       40      320       1
                dataBANK5                           2A0      2A0       20      2A0       1
                bssBANK4                            220      220       3E      220       1
                bssBANK3                            1B0      1B0       3F      1B0       1
                bssBANK1                             C3       C3        7       A0       1
                stringtext8                        18E5     18E5        3     318A       0
                stringtext7                        18D7     18D7        8     318A       0
                stringtext6                        18C5     18C5       12     318A       0
                stringtext5                        1877     1877       1A     3000       0
                stringtext4                        1843     1843       34     3000       0
                stringtext3                        1800     1800       43     3000       0
                stringtext2                        18E8     18E8        2     318A       0
                stringtext1                        18DF     18DF        6     318A       0
                idataBANK5                         1FBD     1FBD       20     3F7A       0

TOTAL           Name                               Link     Load   Length     Space
        CLASS   STACK          

        CLASS   CODE           
                end_init                             34       34        2         0
                cinit                                36       36       45         0
                intentry                              4        4       30         0
                reset_vec                             0        0        2         0
                text110                            1D28     1D28        4         0
                text109                            1D10     1D10        3         0
                text108                            1D13     1D13        3         0
                text107                             800      800        E         0
                text106                            105B     105B       28         0
                text105                            1D76     1D76        C         0
                text104                            1DC1     1DC1       10         0
                text103                            1D0C     1D0C        2         0
                text102                            1D0E     1D0E        2         0
                text101                               2        2        2         0
                text100                            1DD1     1DD1       10         0
                text99                             1DE1     1DE1       10         0
                text98                             1DF1     1DF1       10         0
                text97                             1E2B     1E2B       17         0
                text96                             1D16     1D16        3         0
                text95                             1D0B     1D0B        1         0
                text94                             1D2C     1D2C        4         0
                text93                             1D19     1D19        3         0
                text92                             1D50     1D50        5         0
                text91                             1D82     1D82        C         0
                text90                             1D1C     1D1C        3         0
                text89                             1083     1083       2A         0
                text88                             1D60     1D60        7         0
                text87                             1D55     1D55        5         0
                text86                             1D30     1D30        4         0
                text85                             1D34     1D34        4         0
                text84                             1D38     1D38        4         0
                text83                             1D3C     1D3C        4         0
                text82                             1D6E     1D6E        8         0
                text81                             1D67     1D67        7         0
                text80                             1D5A     1D5A        6         0
                text79                             1D40     1D40        4         0
                text78                             1D44     1D44        4         0
                text77                             1D48     1D48        4         0
                text76                             1012     1012       24         0
                text75                             13D3     13D3       4C         0
                text74                             1286     1286       3F         0
                text73                             1D1F     1D1F        3         0
                text72                             1F3D     1F3D       20         0
                text71                             1D22     1D22        3         0
                text70                             1D25     1D25        3         0
                text69                              9AC      9AC       74         0
                text68                              8D3      8D3       68         0
                text67                              794      794       6C         0
                text66                              F5D      F5D       A3         0
                text65                             1168     1168       36         0
                text64                             12C5     12C5       42         0
                text63                             1F5D     1F5D       20         0
                text62                              C12      C12       83         0
                text61                             119E     119E       36         0
                text60                             173F     173F       60         0
                text59                             10D8     10D8       30         0
                text58                              1B8      1B8      129         0
                text57                              B14      B14       7F         0
                text56                             14C2     14C2       55         0
                text55                             1E42     1E42       18         0
                text54                              D19      D19       8F         0
                text53                              80E      80E       62         0
                text52                             1570     1570       5C         0
                text51                              E37      E37       91         0
                text50                             146F     146F       53         0
                text49                             15CC     15CC       5C         0
                text48                              6E7      6E7       AD         0
                text47                             1E5A     1E5A       18         0
                text46                             1036     1036       25         0
                text45                             1EE0     1EE0       1F         0
                text44                             1F7D     1F7D       20         0
                text43                              3CA      3CA       E8         0
                text41                              C95      C95       84         0
                text40                              4B2      4B2       CC         0
                text39                             1D8E     1D8E        C         0
                text38                             1E01     1E01       14         0
                text37                             1EC3     1EC3       1D         0
                text36                              57E      57E       B7         0
                text35                             1D4C     1D4C        4         0
                text34                             1DB2     1DB2        F         0
                text33                              A20      A20       7A         0
                text32                              93B      93B       71         0
                text31                              A9A      A9A       7A         0
                text30                              635      635       B2         0
                text29                             11D4     11D4       36         0
                text28                             1307     1307       43         0
                text27                             1FDD     1FDD       23         0
                text26                             120A     120A       3E         0
                text25                              870      870       63         0
                text24                             1108     1108       30         0
                text23                               7B       7B      13D         0
                text22                              B93      B93       7F         0
                text21                             1517     1517       59         0
                text20                             1E72     1E72       19         0
                text19                              DA8      DA8       8F         0
                text18                             179F     179F       61         0
                text17                             16E0     16E0       5F         0
                text16                              EC8      EC8       95         0
                text15                             141F     141F       50         0
                text14                             1628     1628       5C         0
                text13                             1E8B     1E8B       1C         0
                text12                             10AD     10AD       2B         0
                text11                             1EFF     1EFF       1F         0
                text10                             1F9D     1F9D       20         0
                text9                               2E1      2E1       E9         0
                text8                              1684     1684       5C         0
                text7                              1138     1138       30         0
                text6                              1EA7     1EA7       1C         0
                text5                              1E15     1E15       16         0
                text4                              1F1E     1F1E       1F         0
                text3                              134A     134A       44         0
                text2                              1248     1248       3E         0
                text1                              138E     138E       45         0
                maintext                           1000     1000       12         0
                clrtext                            1D9A     1D9A        C         0
                inittext                           1DA6     1DA6        C         0
                idataBANK5                         1FBD     1FBD       20         0

        CLASS   STRCODE        
                stringtext8                        18E5     18E5        3         0
                stringtext7                        18D7     18D7        8         0
                stringtext6                        18C5     18C5       12         0
                stringtext5                        1877     1877       1A         0
                stringtext4                        1843     1843       34         0
                stringtext3                        1800     1800       43         0
                stringtext2                        18E8     18E8        2         0
                stringtext1                        18DF     18DF        6         0

        CLASS   STRING         

        CLASS   CONST          
                swtext2                            18AB     18AB       1A         0
                swtext1                            1891     1891       1A         0

        CLASS   ENTRY          

        CLASS   COMMON         
                cstackCOMMON                         70       70        E         1

        CLASS   BANK0          
                cstackBANK0h                         60       60       10         1

        CLASS   BANK1          
                cstackBANK1                          A0       A0       23         1
                bssBANK1                             C3       C3        7         1

        CLASS   BANK2          

        CLASS   BANK3          
                cstackBANK3                         1EF      1EF        1         1
                bssBANK3                            1B0      1B0       3F         1

        CLASS   BANK4          
                cstackBANK4                         25E      25E        5         1
                bssBANK4                            220      220       3E         1

        CLASS   BANK5          
                dataBANK5                           2A0      2A0       20         1

        CLASS   BANK6          
                bssBANK6                            320      320       40         1

        CLASS   BANK7          
                bssBANK7                            3A0      3A0       40         1

        CLASS   BANK8          

        CLASS   BANK9          

        CLASS   BANK10         

        CLASS   BANK11         

        CLASS   BANK12         

        CLASS   BIGRAM         

        CLASS   RAM            

        CLASS   ABS1           
                abs_s1                               20       20       40         1
                abs_s1                               7E       7E        2         1
                abs_s1                               D0       D0       20         1
                abs_s1                              120      120       50         1
                abs_s1                              1A0      1A0       10         1

        CLASS   SFR0           

        CLASS   SFR1           

        CLASS   SFR2           

        CLASS   SFR3           

        CLASS   SFR4           

        CLASS   SFR5           

        CLASS   SFR6           

        CLASS   SFR7           

        CLASS   SFR8           

        CLASS   SFR9           

        CLASS   SFR10          

        CLASS   SFR11          

        CLASS   SFR12          

        CLASS   SFR13          

        CLASS   SFR14          

        CLASS   SFR15          

        CLASS   SFR16          

        CLASS   SFR17          

        CLASS   SFR18          

        CLASS   SFR19          

        CLASS   SFR20          

        CLASS   SFR21          

        CLASS   SFR22          

        CLASS   SFR23          

        CLASS   SFR24          

        CLASS   SFR25          

        CLASS   SFR26          

        CLASS   SFR27          

        CLASS   SFR28          

        CLASS   SFR29          

        CLASS   SFR30          

        CLASS   SFR31          

        CLASS   CONFIG         
                config                             8007     8007        2         0

        CLASS   IDLOC          

        CLASS   BANK31         

        CLASS   BANK30         

        CLASS   BANK29         

        CLASS   BANK28         

        CLASS   BANK27         

        CLASS   BANK26         

        CLASS   BANK25         

        CLASS   BANK24         

        CLASS   BANK23         

        CLASS   BANK22         

        CLASS   BANK21         

        CLASS   BANK20         

        CLASS   BANK19         

        CLASS   BANK18         

        CLASS   BANK17         

        CLASS   BANK16         

        CLASS   BANK15         

        CLASS   BANK14         

        CLASS   BANK13         

        CLASS   EEDATA         



SEGMENTS        Name                           Load    Length   Top    Selector   Space  Class     Delta

                reset_vec                      000000  000004  000004         0       0  CODE        2
                intentry                       000004  00080A  00080E         8       0  CODE        2
                cstackBANK0h                   000060  000010  000070        60       1  BANK0       1
                cstackCOMMON                   000070  00000E  00007E        70       1  COMMON      1
                cstackBANK1                    0000A0  00002A  0000CA        A0       1  BANK1       1
                bssBANK3                       0001B0  000040  0001F0       1B0       1  BANK3       1
                bssBANK4                       000220  000043  000263       220       1  BANK4       1
                dataBANK5                      0002A0  000020  0002C0       2A0       1  BANK5       1
                bssBANK6                       000320  000040  000360       320       1  BANK6       1
                bssBANK7                       0003A0  000040  0003E0       3A0       1  BANK7       1
                text53                         00080E  000062  000870      101C       0  CODE        2
                text25                         000870  000063  0008D3      10E0       0  CODE        2
                text68                         0008D3  000068  00093B      11A6       0  CODE        2
                text32                         00093B  000071  0009AC      1276       0  CODE        2
                text69                         0009AC  000074  000A20      1358       0  CODE        2
                text33                         000A20  00007A  000A9A      1440       0  CODE        2
                text31                         000A9A  00007A  000B14      1534       0  CODE        2
                text57                         000B14  00007F  000B93      1628       0  CODE        2
                text22                         000B93  00007F  000C12      1726       0  CODE        2
                text62                         000C12  000083  000C95      1824       0  CODE        2
                text41                         000C95  000084  000D19      192A       0  CODE        2
                text54                         000D19  00008F  000DA8      1A32       0  CODE        2
                text19                         000DA8  00008F  000E37      1B50       0  CODE        2
                text51                         000E37  000091  000EC8      1C6E       0  CODE        2
                text16                         000EC8  000095  000F5D      1D90       0  CODE        2
                text66                         000F5D  0000B5  001012      1EBA       0  CODE        2
                text76                         001012  000024  001036      2024       0  CODE        2
                text46                         001036  000025  00105B      206C       0  CODE        2
                text106                        00105B  000028  001083      20B6       0  CODE        2
                text89                         001083  00002A  0010AD      2106       0  CODE        2
                text12                         0010AD  00002B  0010D8      215A       0  CODE        2
                text59                         0010D8  000030  001108      21B0       0  CODE        2
                text24                         001108  000030  001138      2210       0  CODE        2
                text7                          001138  000030  001168      2270       0  CODE        2
                text65                         001168  000036  00119E      22D0       0  CODE        2
                text61                         00119E  000036  0011D4      233C       0  CODE        2
                text29                         0011D4  000036  00120A      23A8       0  CODE        2
                text26                         00120A  00003E  001248      2414       0  CODE        2
                text2                          001248  00003E  001286      2490       0  CODE        2
                text74                         001286  00003F  0012C5      250C       0  CODE        2
                text64                         0012C5  000042  001307      258A       0  CODE        2
                text28                         001307  000043  00134A      260E       0  CODE        2
                text3                          00134A  000044  00138E      2694       0  CODE        2
                text1                          00138E  000045  0013D3      271C       0  CODE        2
                text75                         0013D3  00004C  00141F      27A6       0  CODE        2
                text15                         00141F  000050  00146F      283E       0  CODE        2
                text50                         00146F  000053  0014C2      28DE       0  CODE        2
                text56                         0014C2  000055  001517      2984       0  CODE        2
                text21                         001517  000059  001570      2A2E       0  CODE        2
                text52                         001570  00005C  0015CC      2AE0       0  CODE        2
                text49                         0015CC  00005C  001628      2B98       0  CODE        2
                text14                         001628  00005C  001684      2C50       0  CODE        2
                text8                          001684  00005C  0016E0      2D08       0  CODE        2
                text17                         0016E0  00005F  00173F      2DC0       0  CODE        2
                text60                         00173F  000060  00179F      2E7E       0  CODE        2
                text18                         00179F  000061  001800      2F3E       0  CODE        2
                stringtext3                    001800  000091  001891      3000       0  STRCODE     2
                swtext1                        001891  000034  0018C5      3122       0  CONST       2
                stringtext6                    0018C5  000025  0018EA      318A       0  STRCODE     2
                text95                         001D0B  000001  001D0C      3A16       0  CODE        2
                text103                        001D0C  000002  001D0E      3A18       0  CODE        2
                text102                        001D0E  000002  001D10      3A1C       0  CODE        2
                text109                        001D10  000003  001D13      3A20       0  CODE        2
                text108                        001D13  000003  001D16      3A26       0  CODE        2
                text96                         001D16  000003  001D19      3A2C       0  CODE        2
                text93                         001D19  000003  001D1C      3A32       0  CODE        2
                text90                         001D1C  000003  001D1F      3A38       0  CODE        2
                text73                         001D1F  000003  001D22      3A3E       0  CODE        2
                text71                         001D22  000003  001D25      3A44       0  CODE        2
                text70                         001D25  000003  001D28      3A4A       0  CODE        2
                text110                        001D28  000004  001D2C      3A50       0  CODE        2
                text94                         001D2C  000004  001D30      3A58       0  CODE        2
                text86                         001D30  000004  001D34      3A60       0  CODE        2
                text85                         001D34  000004  001D38      3A68       0  CODE        2
                text84                         001D38  000004  001D3C      3A70       0  CODE        2
                text83                         001D3C  000004  001D40      3A78       0  CODE        2
                text79                         001D40  000004  001D44      3A80       0  CODE        2
                text78                         001D44  000004  001D48      3A88       0  CODE        2
                text77                         001D48  000004  001D4C      3A90       0  CODE        2
                text35                         001D4C  000004  001D50      3A98       0  CODE        2
                text92                         001D50  000005  001D55      3AA0       0  CODE        2
                text87                         001D55  000005  001D5A      3AAA       0  CODE        2
                text80                         001D5A  000006  001D60      3AB4       0  CODE        2
                text88                         001D60  000007  001D67      3AC0       0  CODE        2
                text81                         001D67  000007  001D6E      3ACE       0  CODE        2
                text82                         001D6E  000008  001D76      3ADC       0  CODE        2
                text105                        001D76  00000C  001D82      3AEC       0  CODE        2
                text91                         001D82  00000C  001D8E      3B04       0  CODE        2
                text39                         001D8E  00000C  001D9A      3B1C       0  CODE        2
                clrtext                        001D9A  00000C  001DA6      3B34       0  CODE        2
                inittext                       001DA6  00000C  001DB2      3B4C       0  CODE        2
                text34                         001DB2  00000F  001DC1      3B64       0  CODE        2
                text104                        001DC1  000010  001DD1      3B82       0  CODE        2
                text100                        001DD1  000010  001DE1      3BA2       0  CODE        2
                text99                         001DE1  000010  001DF1      3BC2       0  CODE        2
                text98                         001DF1  000010  001E01      3BE2       0  CODE        2
                text38                         001E01  000014  001E15      3C02       0  CODE        2
                text5                          001E15  000016  001E2B      3C2A       0  CODE        2
                text97                         001E2B  000017  001E42      3C56       0  CODE        2
                text55                         001E42  000018  001E5A      3C84       0  CODE        2
                text47                         001E5A  000018  001E72      3CB4       0  CODE        2
                text20                         001E72  000019  001E8B      3CE4       0  CODE        2
                text13                         001E8B  00001C  001EA7      3D16       0  CODE        2
                text6                          001EA7  00001C  001EC3      3D4E       0  CODE        2
                text37                         001EC3  00001D  001EE0      3D86       0  CODE        2
                text45                         001EE0  00001F  001EFF      3DC0       0  CODE        2
                text11                         001EFF  00001F  001F1E      3DFE       0  CODE        2
                text4                          001F1E  00001F  001F3D      3E3C       0  CODE        2
                text72                         001F3D  000020  001F5D      3E7A       0  CODE        2
                text63                         001F5D  000020  001F7D      3EBA       0  CODE        2
                text44                         001F7D  000020  001F9D      3EFA       0  CODE        2
                text10                         001F9D  000020  001FBD      3F3A       0  CODE        2
                idataBANK5                     001FBD  000020  001FDD      3F7A       0  CODE        2
                text27                         001FDD  000023  002000      3FBA       0  CODE        2
                config                         008007  000002  008009     1000E       0  CONFIG      2


UNUSED ADDRESS RANGES

        Name                Unused          Largest block    Delta
        BANK1            000CA-000CF               6           1
        BANK10           00520-0056F              50           1
        BANK11           005A0-005EF              50           1
        BANK12           00620-0064F              30           1
        BANK4            00263-0026F               D           1
        BANK5            002C0-002EF              30           1
        BANK6            00360-0036F              10           1
        BANK7            003E0-003EF              10           1
        BANK8            00420-0046F              50           1
        BANK9            004A0-004EF              50           1
        BIGRAM           02000-023EF             3F0           1
        CODE             018EA-01D0A             421           2
        CONST            018EA-01D0A             100           2
        ENTRY            018EA-01D0A             100           2
        IDLOC            08000-08003               4           2
        RAM              000CA-000CF               6           1
                         00263-0026F               D
                         002C0-002EF              30
                         00360-0036F              10
                         003E0-003EF              10
                         00420-0046F              50
                         004A0-004EF              50
                         00520-0056F              50
                         005A0-005EF              50
                         00620-0064F              30
        SFR0             00000-0001F              20           1
        SFR1             00080-0009F              20           1
        SFR10            00500-0051F              20           1
        SFR11            00580-0059F              20           1
        SFR12            00600-0061F              20           1
        SFR13            00680-006EF              70           1
        SFR14            00700-0076F              70           1
        SFR15            00780-007EF              70           1
        SFR16            00800-0086F              70           1
        SFR17            00880-008EF              70           1
        SFR18            00900-0096F              70           1
        SFR19            00980-009EF              70           1
        SFR2             00100-0011F              20           1
        SFR20            00A00-00A6F              70           1
        SFR21            00A80-00AEF              70           1
        SFR22            00B00-00B6F              70           1
        SFR23            00B80-00BEF              70           1
        SFR24            00C00-00C6F              70           1
        SFR25            00C80-00CEF              70           1
        SFR26            00D00-00D6F              70           1
        SFR27            00D80-00DEF              70           1
        SFR28            00E00-00E6F              70           1
        SFR29            00E80-00EEF              70           1
        SFR3             00180-0019F              20           1
        SFR30            00F00-00F6F              70           1
        SFR31            00F80-00FEF              70           1
        SFR4             00200-0021F              20           1
        SFR5             00280-0029F              20           1
        SFR6             00300-0031F              20           1
        SFR7             00380-0039F              20           1
        SFR8             00400-0041F              20           1
        SFR9             00480-0049F              20           1
        STACK            02270-023EF             180           1
        STRCODE          018EA-01D0A             421           2
        STRING           018EA-01D0A             100           2

                                  Symbol Table

?_USBTransferOnePacket                      cstackBANK1  000A6
?_strlen                                    cstackBANK1  000A6
?_strncmp                                   cstackBANK1  000AC
?i1_USBTransferOnePacket                    cstackCOMMON 00070
CDCTxService@byte_to_send                   cstackBANK1  000B3
CDCTxService@i                              cstackBANK1  000B2
USBConfigureEndpoint@EPNum                  cstackBANK1  000AB
USBConfigureEndpoint@direction              cstackBANK1  000A6
USBConfigureEndpoint@handle                 cstackBANK1  000AC
USBCtrlTrfInHandler@lastDTS                 cstackBANK1  000AB
USBCtrlTrfRxService@byteToRead              cstackBANK1  000AB
USBCtrlTrfRxService@i                       cstackBANK1  000AA
USBCtrlTrfTxService@byteToSend              cstackBANK1  000A8
USBDeviceInit@i                             cstackBANK1  000AA
USBDeviceInit@i_1491                        cstackBANK1  000A9
USBDeviceInit@p                             cstackBANK1  000A7
USBDeviceTasks@i                            cstackBANK3  001EF
USBEnableEndpoint@ep                        cstackBANK1  000B2
USBEnableEndpoint@options                   cstackBANK1  000AD
USBEnableEndpoint@p                         cstackBANK1  000B0
USBStdFeatureReqHandler@current_ep_data     cstackBANK1  000BE
USBStdFeatureReqHandler@p                   cstackBANK1  000BF
USBStdFeatureReqHandler@pUEP                cstackBANK1  000BC
USBStdGetStatusHandler@p                    cstackBANK1  000A7
USBStdSetCfgHandler@i                       cstackBANK1  000BE
USBStdSetCfgHandler@i_2163                  cstackBANK1  000BD
USBStdSetCfgHandler@p                       cstackBANK1  000BB
USBTransferOnePacket@data                   cstackBANK1  000A7
USBTransferOnePacket@dir                    cstackBANK1  000A6
USBTransferOnePacket@ep                     cstackBANK1  000AE
USBTransferOnePacket@handle                 cstackBANK1  000AF
USBTransferOnePacket@len                    cstackBANK1  000A9
USER_USB_CALLBACK_EVENT_HANDLER@event       cstackBANK1  000B4
USER_USB_CALLBACK_EVENT_HANDLER@pdata       cstackBANK1  000B6
USER_USB_CALLBACK_EVENT_HANDLER@size        cstackBANK1  000B8
UserApplication@numBytesRead                cstackBANK1  000BB
_ACTCON                                     (abs)        0039B
_ANSELA                                     (abs)        0018C
_ANSELC                                     (abs)        0018E
_APFCON                                     (abs)        0011D
_BDT                                        (abs)        00020
_BORCON                                     (abs)        00116
_BothEP0OutUOWNsSet                         bssBANK3     001DD
_CDCDataInHandle                            bssBANK3     001CD
_CDCDataOutHandle                           bssBANK3     001CF
_CDCInitEP                                  text26       0120A
_CDCTxService                               text40       004B2
_CtrlTrfData                                (abs)        00058
_INTCONbits                                 (abs)        0000B
_INTERRUPT_InterruptManager                 intentry     00004
_LATA                                       (abs)        0010C
_LATC                                       (abs)        0010E
_OPTION_REGbits                             (abs)        00095
_OSCCON                                     (abs)        00099
_OSCILLATOR_Initialize                      text39       01D8E
_OSCTUNE                                    (abs)        00098
_PIE1bits                                   (abs)        00091
_PIE2bits                                   (abs)        00092
_PIN_MANAGER_Initialize                     text38       01E01
_PIR1bits                                   (abs)        00011
_PIR2bits                                   (abs)        00012
_PLLRDY                                     (abs)        004D6
_RC3                                        (abs)        00073
_RemoteWakeup                               bssBANK3     001E0
_SSP1ADD                                    (abs)        00212
_SSP1BUF                                    (abs)        00211
_SSP1CON1                                   (abs)        00215
_SSP1CON1bits                               (abs)        00215
_SSP1CON2                                   (abs)        00216
_SSP1CON2bits                               (abs)        00216
_SSP1MSK                                    (abs)        00213
_SSP1STAT                                   (abs)        00214
_SSP1STATbits                               (abs)        00214
_SYSTEM_Initialize                          text34       01DB2
_SetupPkt                                   (abs)        00050
_TRISA                                      (abs)        0008C
_TRISC                                      (abs)        0008E
_UADDR                                      (abs)        00E96
_UCFG                                       (abs)        00E91
_UCON                                       (abs)        00E8E
_UCONbits                                   (abs)        00E8E
_UEIE                                       (abs)        00E97
_UEIR                                       (abs)        00E93
_UEP0                                       (abs)        00E98
_UEP0bits                                   (abs)        00E98
_UEP1                                       (abs)        00E99
_UIE                                        (abs)        00E92
_UIEbits                                    (abs)        00E92
_UIR                                        (abs)        00E90
_UIRbits                                    (abs)        00E90
_USB1msTickCount                            bssBANK3     001C3
_USBActiveConfiguration                     bssBANK3     001EE
_USBAlternateInterface                      bssBANK3     001EB
_USBBusIsSuspended                          bssBANK3     001DF
_USBCheckCDCRequest                         text25       00870
_USBCheckStdRequest                         text18       0179F
_USBConfigureEndpoint                       text28       01307
_USBCtrlEPAllowDataStage                    text17       016E0
_USBCtrlEPAllowStatusStage                  text31       00A9A
_USBCtrlEPService                           text14       01628
_USBCtrlEPServiceComplete                   text16       00EC8
_USBCtrlTrfInHandler                        text32       0093B
_USBCtrlTrfOutHandler                       text29       011D4
_USBCtrlTrfRxService                        text30       00635
_USBCtrlTrfSetupHandler                     text15       0141F
_USBCtrlTrfTxService                        text33       00A20
_USBDeferINDataStagePackets                 bssBANK3     001D8
_USBDeferOUTDataStagePackets                bssBANK3     001D7
_USBDeferStatusStagePacket                  bssBANK3     001DB
_USBDeviceAttach                            text37       01EC3
_USBDeviceInit                              text36       0057E
_USBDeviceState                             bssBANK3     001E5
_USBDeviceTasks                             text9        002E1
_USBEnableEndpoint                          text27       01FDD
_USBIncrement1msInternalTimers              text13       01E8B
_USBStallHandler                            text12       010AD
_USBStatusStageEnabledFlag1                 bssBANK3     001DA
_USBStatusStageEnabledFlag2                 bssBANK3     001D9
_USBStatusStageTimeoutCounter               bssBANK3     001DC
_USBStdFeatureReqHandler                    text23       0007B
_USBStdGetDscHandler                        text22       00B93
_USBStdGetStatusHandler                     text21       01517
_USBStdSetCfgHandler                        text19       00DA8
_USBSuspend                                 text11       01EFF
_USBTicksSinceSuspendEnd                    bssBANK3     001D6
_USBTransferOnePacket                       text41       00C95
_USBWakeFromSuspend                         text10       01F9D
_USB_CD_Ptr                                 stringtext2  018E8
_USB_SD_Ptr                                 stringtext1  018DF
_USER_USB_CALLBACK_EVENT_HANDLER            text24       01108
_USTAT                                      (abs)        00E8F
_USTATcopy                                  bssBANK3     001ED
_UserApplication                            text1        0138E
_WDTCON                                     (abs)        00097
_WDT_Initialize                             text35       01D4C
_WPUA                                       (abs)        0020C
__CFG_BOREN$ON                              (abs)        00000
__CFG_BORV$LO                               (abs)        00000
__CFG_CLKOUTEN$OFF                          (abs)        00000
__CFG_CP$OFF                                (abs)        00000
__CFG_CPUDIV$NOCLKDIV                       (abs)        00000
__CFG_FCMEN$ON                              (abs)        00000
__CFG_FOSC$INTOSC                           (abs)        00000
__CFG_IESO$ON                               (abs)        00000
__CFG_LPBOR$OFF                             (abs)        00000
__CFG_LVP$ON                                (abs)        00000
__CFG_MCLRE$ON                              (abs)        00000
__CFG_PLLEN$ENABLED                         (abs)        00000
__CFG_PLLMULT$3x                            (abs)        00000
__CFG_PWRTE$OFF                             (abs)        00000
__CFG_STVREN$ON                             (abs)        00000
__CFG_USBLSCLK$48MHz                        (abs)        00000
__CFG_WDTE$OFF                              (abs)        00000
__CFG_WRT$OFF                               (abs)        00000
__Habs1                                     abs1         00000
__Hbank0                                    bank0        00000
__Hbank1                                    bank1        00000
__Hbank10                                   bank10       00000
__Hbank11                                   bank11       00000
__Hbank12                                   bank12       00000
__Hbank13                                   bank13       00000
__Hbank14                                   bank14       00000
__Hbank15                                   bank15       00000
__Hbank16                                   bank16       00000
__Hbank17                                   bank17       00000
__Hbank18                                   bank18       00000
__Hbank19                                   bank19       00000
__Hbank2                                    bank2        00000
__Hbank20                                   bank20       00000
__Hbank21                                   bank21       00000
__Hbank22                                   bank22       00000
__Hbank23                                   bank23       00000
__Hbank24                                   bank24       00000
__Hbank25                                   bank25       00000
__Hbank26                                   bank26       00000
__Hbank27                                   bank27       00000
__Hbank28                                   bank28       00000
__Hbank29                                   bank29       00000
__Hbank3                                    bank3        00000
__Hbank30                                   bank30       00000
__Hbank31                                   bank31       00000
__Hbank4                                    bank4        00000
__Hbank5                                    bank5        00000
__Hbank6                                    bank6        00000
__Hbank7                                    bank7        00000
__Hbank8                                    bank8        00000
__Hbank9                                    bank9        00000
__Hbigram                                   bigram       00000
__HbssBANK1                                 bssBANK1     00000
__HbssBANK3                                 bssBANK3     00000
__HbssBANK4                                 bssBANK4     00000
__HbssBANK6                                 bssBANK6     00000
__HbssBANK7                                 bssBANK7     00000
__Hcinit                                    cinit        0007B
__Hclrtext                                  clrtext      00000
__Hcode                                     code         00000
__Hcommon                                   common       00000
__Hconfig                                   config       08009
__HcstackBANK0h                             cstackBANK0h 00000
__HcstackBANK1                              cstackBANK1  00000
__HcstackBANK3                              cstackBANK3  00000
__HcstackBANK4                              cstackBANK4  00000
__HcstackCOMMON                             cstackCOMMON 00000
__HdataBANK5                                dataBANK5    00000
__Heeprom_data                              eeprom_data  00000
__Hend_init                                 end_init     00036
__Hfunctab                                  functab      00000
__HidataBANK5                               idataBANK5   00000
__Hidloc                                    idloc        00000
__Hinit                                     init         00034
__Hinittext                                 inittext     00000
__Hintentry                                 intentry     00034
__Hmaintext                                 maintext     00000
__Hpowerup                                  powerup      00000
__Hram                                      ram          00000
__Hreset_vec                                reset_vec    00002
__Hsfr0                                     sfr0         00000
__Hsfr1                                     sfr1         00000
__Hsfr10                                    sfr10        00000
__Hsfr11                                    sfr11        00000
__Hsfr12                                    sfr12        00000
__Hsfr13                                    sfr13        00000
__Hsfr14                                    sfr14        00000
__Hsfr15                                    sfr15        00000
__Hsfr16                                    sfr16        00000
__Hsfr17                                    sfr17        00000
__Hsfr18                                    sfr18        00000
__Hsfr19                                    sfr19        00000
__Hsfr2                                     sfr2         00000
__Hsfr20                                    sfr20        00000
__Hsfr21                                    sfr21        00000
__Hsfr22                                    sfr22        00000
__Hsfr23                                    sfr23        00000
__Hsfr24                                    sfr24        00000
__Hsfr25                                    sfr25        00000
__Hsfr26                                    sfr26        00000
__Hsfr27                                    sfr27        00000
__Hsfr28                                    sfr28        00000
__Hsfr29                                    sfr29        00000
__Hsfr3                                     sfr3         00000
__Hsfr30                                    sfr30        00000
__Hsfr31                                    sfr31        00000
__Hsfr4                                     sfr4         00000
__Hsfr5                                     sfr5         00000
__Hsfr6                                     sfr6         00000
__Hsfr7                                     sfr7         00000
__Hsfr8                                     sfr8         00000
__Hsfr9                                     sfr9         00000
__Hspace_0                                  (abs)        08009
__Hspace_1                                  (abs)        003E0
__Hspace_2                                  (abs)        00000
__Hspace_3                                  (abs)        00000
__Hstack                                    stack        00000
__Hstrings                                  strings      00000
__Hstringtext1                              stringtext1  00000
__Hstringtext2                              stringtext2  00000
__Hstringtext3                              stringtext3  00000
__Hstringtext4                              stringtext4  00000
__Hstringtext5                              stringtext5  00000
__Hstringtext6                              stringtext6  00000
__Hstringtext7                              stringtext7  00000
__Hstringtext8                              stringtext8  00000
__Hstringtext9                              stringtext9  00000
__Htext                                     text         00000
__Labs1                                     abs1         00000
__Lbank0                                    bank0        00000
__Lbank1                                    bank1        00000
__Lbank10                                   bank10       00000
__Lbank11                                   bank11       00000
__Lbank12                                   bank12       00000
__Lbank13                                   bank13       00000
__Lbank14                                   bank14       00000
__Lbank15                                   bank15       00000
__Lbank16                                   bank16       00000
__Lbank17                                   bank17       00000
__Lbank18                                   bank18       00000
__Lbank19                                   bank19       00000
__Lbank2                                    bank2        00000
__Lbank20                                   bank20       00000
__Lbank21                                   bank21       00000
__Lbank22                                   bank22       00000
__Lbank23                                   bank23       00000
__Lbank24                                   bank24       00000
__Lbank25                                   bank25       00000
__Lbank26                                   bank26       00000
__Lbank27                                   bank27       00000
__Lbank28                                   bank28       00000
__Lbank29                                   bank29       00000
__Lbank3                                    bank3        00000
__Lbank30                                   bank30       00000
__Lbank31                                   bank31       00000
__Lbank4                                    bank4        00000
__Lbank5                                    bank5        00000
__Lbank6                                    bank6        00000
__Lbank7                                    bank7        00000
__Lbank8                                    bank8        00000
__Lbank9                                    bank9        00000
__Lbigram                                   bigram       00000
__LbssBANK1                                 bssBANK1     00000
__LbssBANK3                                 bssBANK3     00000
__LbssBANK4                                 bssBANK4     00000
__LbssBANK6                                 bssBANK6     00000
__LbssBANK7                                 bssBANK7     00000
__Lcinit                                    cinit        00036
__Lclrtext                                  clrtext      00000
__Lcode                                     code         00000
__Lcommon                                   common       00000
__Lconfig                                   config       08007
__LcstackBANK0h                             cstackBANK0h 00000
__LcstackBANK1                              cstackBANK1  00000
__LcstackBANK3                              cstackBANK3  00000
__LcstackBANK4                              cstackBANK4  00000
__LcstackCOMMON                             cstackCOMMON 00000
__LdataBANK5                                dataBANK5    00000
__Leeprom_data                              eeprom_data  00000
__Lend_init                                 end_init     00034
__Lfunctab                                  functab      00000
__LidataBANK5                               idataBANK5   00000
__Lidloc                                    idloc        00000
__Linit                                     init         00034
__Linittext                                 inittext     00000
__Lintentry                                 intentry     00004
__Lmaintext                                 maintext     00000
__Lpowerup                                  powerup      00000
__Lram                                      ram          00000
__Lreset_vec                                reset_vec    00000
__Lsfr0                                     sfr0         00000
__Lsfr1                                     sfr1         00000
__Lsfr10                                    sfr10        00000
__Lsfr11                                    sfr11        00000
__Lsfr12                                    sfr12        00000
__Lsfr13                                    sfr13        00000
__Lsfr14                                    sfr14        00000
__Lsfr15                                    sfr15        00000
__Lsfr16                                    sfr16        00000
__Lsfr17                                    sfr17        00000
__Lsfr18                                    sfr18        00000
__Lsfr19                                    sfr19        00000
__Lsfr2                                     sfr2         00000
__Lsfr20                                    sfr20        00000
__Lsfr21                                    sfr21        00000
__Lsfr22                                    sfr22        00000
__Lsfr23                                    sfr23        00000
__Lsfr24                                    sfr24        00000
__Lsfr25                                    sfr25        00000
__Lsfr26                                    sfr26        00000
__Lsfr27                                    sfr27        00000
__Lsfr28                                    sfr28        00000
__Lsfr29                                    sfr29        00000
__Lsfr3                                     sfr3         00000
__Lsfr30                                    sfr30        00000
__Lsfr31                                    sfr31        00000
__Lsfr4                                     sfr4         00000
__Lsfr5                                     sfr5         00000
__Lsfr6                                     sfr6         00000
__Lsfr7                                     sfr7         00000
__Lsfr8                                     sfr8         00000
__Lsfr9                                     sfr9         00000
__Lspace_0                                  (abs)        00000
__Lspace_1                                  (abs)        00000
__Lspace_2                                  (abs)        00000
__Lspace_3                                  (abs)        00000
__Lstack                                    stack        00000
__Lstrings                                  strings      00000
__Lstringtext1                              stringtext1  00000
__Lstringtext2                              stringtext2  00000
__Lstringtext3                              stringtext3  00000
__Lstringtext4                              stringtext4  00000
__Lstringtext5                              stringtext5  00000
__Lstringtext6                              stringtext6  00000
__Lstringtext7                              stringtext7  00000
__Lstringtext8                              stringtext8  00000
__Lstringtext9                              stringtext9  00000
__Ltext                                     text         00000
__S0                                        (abs)        08009
__S1                                        (abs)        003E0
__S2                                        (abs)        00000
___int_sp                                   stack        00000
___latbits                                  (abs)        00002
___sp                                       stack        00000
__end_of_CDCInitEP                          text26       01248
__end_of_CDCTxService                       text40       0057E
__end_of_INTERRUPT_InterruptManager         intentry     00034
__end_of_OSCILLATOR_Initialize              text39       01D9A
__end_of_PIN_MANAGER_Initialize             text38       01E15
__end_of_SYSTEM_Initialize                  text34       01DC1
__end_of_USBCheckCDCRequest                 text25       008D3
__end_of_USBCheckStdRequest                 text18       01800
__end_of_USBConfigureEndpoint               text28       0134A
__end_of_USBCtrlEPAllowDataStage            text17       0173F
__end_of_USBCtrlEPAllowStatusStage          text31       00B14
__end_of_USBCtrlEPService                   text14       01684
__end_of_USBCtrlEPServiceComplete           text16       00F5D
__end_of_USBCtrlTrfInHandler                text32       009AC
__end_of_USBCtrlTrfOutHandler               text29       0120A
__end_of_USBCtrlTrfRxService                text30       006E7
__end_of_USBCtrlTrfSetupHandler             text15       0146F
__end_of_USBCtrlTrfTxService                text33       00A9A
__end_of_USBDeviceAttach                    text37       01EE0
__end_of_USBDeviceInit                      text36       00635
__end_of_USBDeviceTasks                     text9        003CA
__end_of_USBEnableEndpoint                  text27       02000
__end_of_USBIncrement1msInternalTimers      text13       01EA7
__end_of_USBStallHandler                    text12       010D8
__end_of_USBStdFeatureReqHandler            text23       001B8
__end_of_USBStdGetDscHandler                text22       00C12
__end_of_USBStdGetStatusHandler             text21       01570
__end_of_USBStdSetCfgHandler                text19       00E37
__end_of_USBSuspend                         text11       01F1E
__end_of_USBTransferOnePacket               text41       00D19
__end_of_USBWakeFromSuspend                 text10       01FBD
__end_of_USB_CD_Ptr                         stringtext2  018EA
__end_of_USB_SD_Ptr                         stringtext1  018E5
__end_of_USER_USB_CALLBACK_EVENT_HANDLER    text24       01138
__end_of_UserApplication                    text1        013D3
__end_of_WDT_Initialize                     text35       01D50
__end_of__initialization                    cinit        00077
__end_of_configDescriptor1                  stringtext3  01843
__end_of_device_dsc                         stringtext6  018D7
__end_of_do_I2C_DO_ACK                      text79       01D44
__end_of_do_I2C_DO_ADDRESS_NACK             text76       01036
__end_of_do_I2C_DO_NACK_RESTART             text77       01D4C
__end_of_do_I2C_DO_NACK_STOP                text78       01D48
__end_of_do_I2C_IDLE                        text87       01D5A
__end_of_do_I2C_RCEN                        text80       01D60
__end_of_do_I2C_RESET                       text88       01D67
__end_of_do_I2C_RX                          text74       012C5
__end_of_do_I2C_SEND_ADR_READ               text82       01D76
__end_of_do_I2C_SEND_ADR_WRITE              text81       01D6E
__end_of_do_I2C_SEND_RESTART                text84       01D3C
__end_of_do_I2C_SEND_RESTART_READ           text86       01D34
__end_of_do_I2C_SEND_RESTART_WRITE          text85       01D38
__end_of_do_I2C_SEND_STOP                   text83       01D40
__end_of_do_I2C_TX                          text75       0141F
__end_of_do_I2C_TX_EMPTY                    text89       010AD
__end_of_getsUSBUSART                       text8        016E0
__end_of_i2c_ISR                            text72       01F5D
__end_of_i2c_busCollisionISR                text70       01D28
__end_of_i2c_driver_TXData                  text92       01D55
__end_of_i2c_driver_clearBusCollision       text71       01D25
__end_of_i2c_driver_getRXData               text93       01D1C
__end_of_i2c_driver_isNACK                  text91       01D8E
__end_of_i2c_driver_resetBus                text95       01D0C
__end_of_i2c_driver_restart                 text109      01D13
__end_of_i2c_driver_sendACK                 text110      01D2C
__end_of_i2c_driver_sendNACK                text94       01D30
__end_of_i2c_driver_startRX                 text96       01D19
__end_of_i2c_driver_stop                    text108      01D16
__end_of_i2c_restartWrite                   text101      00004
__end_of_i2c_setBuffer                      text107      0080E
__end_of_i2c_setDataCompleteCallback        text105      01D82
__end_of_main                               maintext     01012
__end_of_memset                             text20       01E8B
__end_of_mssp_clearIRQ                      text73       01D22
__end_of_mssp_setIRQ                        text90       01D1F
__end_of_putrsUSBUSART                      text7        01168
__end_of_rd1RegCompleteHandler              text99       01DF1
__end_of_rd2RegCompleteHandler              text98       01E01
__end_of_rdBlkRegCompleteHandler            text97       01E42
__end_of_returnReset                        text102      01D10
__end_of_returnStop                         text103      01D0E
__end_of_sd000                              stringtext7  018DB
__end_of_sd001                              stringtext4  01877
__end_of_sd002                              stringtext5  01891
__end_of_setCallBack                        text106      01083
__end_of_strchr                             text5        01E2B
__end_of_strcpy                             text6        01EC3
__end_of_strlen                             text4        01F3D
__end_of_strncmp                            text3        0138E
__end_of_strstr                             text2        01286
__end_of_wr1RegCompleteHandler              text100      01DE1
__end_of_wr2RegCompleteHandler              text104      01DD1
__end_ofi1_CDCInitEP                        text61       011D4
__end_ofi1_USBCheckCDCRequest               text60       0179F
__end_ofi1_USBCheckStdRequest               text53       00870
__end_ofi1_USBConfigureEndpoint             text64       01307
__end_ofi1_USBCtrlEPAllowDataStage          text52       015CC
__end_ofi1_USBCtrlEPAllowStatusStage        text67       00800
__end_ofi1_USBCtrlEPService                 text49       01628
__end_ofi1_USBCtrlEPServiceComplete         text51       00EC8
__end_ofi1_USBCtrlTrfInHandler              text68       0093B
__end_ofi1_USBCtrlTrfOutHandler             text65       0119E
__end_ofi1_USBCtrlTrfRxService              text66       01000
__end_ofi1_USBCtrlTrfSetupHandler           text50       014C2
__end_ofi1_USBCtrlTrfTxService              text69       00A20
__end_ofi1_USBDeviceInit                    text48       00794
__end_ofi1_USBDeviceTasks                   text43       004B2
__end_ofi1_USBEnableEndpoint                text63       01F7D
__end_ofi1_USBIncrement1msInternalTimers    text47       01E72
__end_ofi1_USBStallHandler                  text46       0105B
__end_ofi1_USBStdFeatureReqHandler          text58       002E1
__end_ofi1_USBStdGetDscHandler              text57       00B93
__end_ofi1_USBStdGetStatusHandler           text56       01517
__end_ofi1_USBStdSetCfgHandler              text54       00DA8
__end_ofi1_USBSuspend                       text45       01EFF
__end_ofi1_USBTransferOnePacket             text62       00C95
__end_ofi1_USBWakeFromSuspend               text44       01F9D
__end_ofi1_USER_USB_CALLBACK_EVENT_HANDLER  text59       01108
__end_ofi1_memset                           text55       01E5A
__initialization                            cinit        00036
__pbssBANK1                                 bssBANK1     000C3
__pbssBANK3                                 bssBANK3     001B0
__pbssBANK4                                 bssBANK4     00220
__pbssBANK6                                 bssBANK6     00320
__pbssBANK7                                 bssBANK7     003A0
__pcstackBANK0h                             cstackBANK0h 00060
__pcstackBANK1                              cstackBANK1  000A0
__pcstackBANK3                              cstackBANK3  001EF
__pcstackBANK4                              cstackBANK4  0025E
__pcstackCOMMON                             cstackCOMMON 00070
__pdataBANK5                                dataBANK5    002A0
__pidataBANK5                               idataBANK5   01FBD
__pintentry                                 intentry     00004
__pmaintext                                 maintext     01000
__pstringtext1                              stringtext1  018DF
__pstringtext2                              stringtext2  018E8
__pstringtext3                              stringtext3  01800
__pstringtext4                              stringtext4  01843
__pstringtext5                              stringtext5  01877
__pstringtext6                              stringtext6  018C5
__pstringtext7                              stringtext7  018D7
__pstringtext8                              stringtext8  018E5
__pstringtext9                              stringtext9  00000
__pswtext1                                  swtext1      01891
__pswtext2                                  swtext2      018AB
[...]
		 -> i2c_write1ByteRegister@data(1), NULL(0), 
 Auto vars:     Size  Location     Type
		None
 Return value:  Size  Location     Type
                  1    wreg      enum E97
 Registers used:
		wreg, fsr1l, fsr1h, status,2, status,0, pclath, cstack
 Tracked objects:
		On entry : 
		On exit  : 
		Unchanged: 
 Data sizes:     COMMON  BANK0h   BANK1   BANK2   BANK3   BANK4   BANK5   BANK6   BANK7   BANK8   BANK9  BANK10  BANK11  BANK12
      Params:         1       0       0       0       0       0       0       0       0       0       0       0       0       0
      Locals:         0       0       0       0       0       0       0       0       0       0       0       0       0       0
      Temps:          0       0       0       0       0       0       0       0       0       0       0       0       0       0
      Totals:         1       0       0       0       0       0       0       0       0       0       0       0       0       0
Total ram usage:        1 bytes
 Hardware stack levels used:    1
 Hardware stack levels required when called:    2
 This function calls:
		_i2c_setBuffer
		_i2c_setDataCompleteCallback
 This function is called by:
		_i2c_write2ByteRegister
		_do_I2C_DO_ADDRESS_NACK
		_do_I2C_TX
		_do_I2C_RX
		_do_I2C_TX_EMPTY
 This function uses a non-reentrant model


 *************** function _i2c_setDataCompleteCallback *****************
 Defined at:
		line 89 in file "mcc_generated_files/drivers/i2c_master.c"
 Parameters:    Size  Location     Type
  cb              2    5[COMMON] PTR FTN(PTR void ,)enum 
		 -> rdBlkRegCompleteHandler(1), wr2RegCompleteHandler(1), rd2RegCompleteHandler(1), rd1RegCompleteHandler(1), 
		 -> wr1RegCompleteHandler(1), Absolute function(1), 
  p               1    7[COMMON] PTR void 
		 -> i2c_readDataBlock@d(3), i2c_write2ByteRegister@data(2), i2c_read2ByteRegister@result(2), i2c_read1ByteRegister@d2(1), 
		 -> i2c_write1ByteRegister@data(1), NULL(0), 
 Auto vars:     Size  Location     Type
		None
 Return value:  Size  Location     Type
                  1    wreg      void 
 Registers used:
		wreg, fsr1l, fsr1h, status,2, status,0, pclath, cstack
 Tracked objects:
		On entry : 
		On exit  : 
		Unchanged: 
 Data sizes:     COMMON  BANK0h   BANK1   BANK2   BANK3   BANK4   BANK5   BANK6   BANK7   BANK8   BANK9  BANK10  BANK11  BANK12
      Params:         3       0       0       0       0       0       0       0       0       0       0       0       0       0
      Locals:         0       0       0       0       0       0       0       0       0       0       0       0       0       0
      Temps:          1       0       0       0       0       0       0       0       0       0       0       0       0       0
      Totals:         4       0       0       0       0       0       0       0       0       0       0       0       0       0
Total ram usage:        4 bytes
 Hardware stack levels used:    1
 Hardware stack levels required when called:    1
 This function calls:
		_setCallBack
 This function is called by:
		_wr1RegCompleteHandler
		_rd1RegCompleteHandler
		_rd2RegCompleteHandler
		_wr2RegCompleteHandler
		_rdBlkRegCompleteHandler
		_i2c_write1ByteRegister
		_i2c_read1ByteRegister
		_i2c_read2ByteRegister
		_i2c_write2ByteRegister
		_i2c_readDataBlock
 This function uses a non-reentrant model


 *************** function _setCallBack *****************
 Defined at:
		line 453 in file "mcc_generated_files/drivers/i2c_master.c"
 Parameters:    Size  Location     Type
  idx             1    wreg     enum E2365
  cb              2    0[COMMON] PTR FTN(PTR void ,)enum 
		 -> rdBlkRegCompleteHandler(1), wr2RegCompleteHandler(1), rd2RegCompleteHandler(1), rd1RegCompleteHandler(1), 
		 -> wr1RegCompleteHandler(1), i2c_restartWrite(1), Absolute function(1), 
  p               1    2[COMMON] PTR void 
		 -> i2c_readDataBlock@d(3), i2c_write2ByteRegister@data(2), i2c_read2ByteRegister@result(2), i2c_read1ByteRegister@d2(1), 
		 -> i2c_write1ByteRegister@data(1), NULL(0), 
 Auto vars:     Size  Location     Type
  idx             1    4[COMMON] enum E2365
 Return value:  Size  Location     Type
                  1    wreg      void 
 Registers used:
		wreg, fsr1l, fsr1h, status,2, status,0
 Tracked objects:
		On entry : 
		On exit  : 
		Unchanged: 
 Data sizes:     COMMON  BANK0h   BANK1   BANK2   BANK3   BANK4   BANK5   BANK6   BANK7   BANK8   BANK9  BANK10  BANK11  BANK12
      Params:         3       0       0       0       0       0       0       0       0       0       0       0       0       0
      Locals:         1       0       0       0       0       0       0       0       0       0       0       0       0       0
      Temps:          1       0       0       0       0       0       0       0       0       0       0       0       0       0
      Totals:         5       0       0       0       0       0       0       0       0       0       0       0       0       0
Total ram usage:        5 bytes
 Hardware stack levels used:    1
 This function calls:
		Nothing
 This function is called by:
		_i2c_setDataCompleteCallback
		_i2c_setWriteCollisionCallback
		_i2c_setAddressNACKCallback
		_i2c_setDataNACKCallback
		_i2c_setTimeOutCallback
 This function uses a non-reentrant model


 *************** function _i2c_setBuffer *****************
 Defined at:
		line 184 in file "mcc_generated_files/drivers/i2c_master.c"
 Parameters:    Size  Location     Type
  buffer          1    wreg     PTR void 
		 -> i2c_readDataBlock@reg(1), i2c_readDataBlock@d(3), i2c_write2ByteRegister@reg(1), i2c_write2ByteRegister@data(2), 
		 -> i2c_read2ByteRegister@reg(1), i2c_read2ByteRegister@result(2), i2c_read1ByteRegister@reg(1), i2c_read1ByteRegister@d2(1), 
		 -> i2c_write1ByteRegister@reg(1), i2c_write1ByteRegister@data(1), NULL(0), 
  bufferSize      2    0[COMMON] unsigned int 
 Auto vars:     Size  Location     Type
  buffer          1    3[COMMON] PTR void 
		 -> i2c_readDataBlock@reg(1), i2c_readDataBlock@d(3), i2c_write2ByteRegister@reg(1), i2c_write2ByteRegister@data(2), 
		 -> i2c_read2ByteRegister@reg(1), i2c_read2ByteRegister@result(2), i2c_read1ByteRegister@reg(1), i2c_read1ByteRegister@d2(1), 
		 -> i2c_write1ByteRegister@reg(1), i2c_write1ByteRegister@data(1), NULL(0), 
 Return value:  Size  Location     Type
                  1    wreg      void 
 Registers used:
		wreg
 Tracked objects:
		On entry : 
		On exit  : 
		Unchanged: 
 Data sizes:     COMMON  BANK0h   BANK1   BANK2   BANK3   BANK4   BANK5   BANK6   BANK7   BANK8   BANK9  BANK10  BANK11  BANK12
      Params:         2       0       0       0       0       0       0       0       0       0       0       0       0       0
      Locals:         1       0       0       0       0       0       0       0       0       0       0       0       0       0
      Temps:          1       0       0       0       0       0       0       0       0       0       0       0       0       0
      Totals:         4       0       0       0       0       0       0       0       0       0       0       0       0       0
Total ram usage:        4 bytes
 Hardware stack levels used:    1
 This function calls:
		Nothing
 This function is called by:
		_wr1RegCompleteHandler
		_rd1RegCompleteHandler
		_rd2RegCompleteHandler
		_wr2RegCompleteHandler
		_rdBlkRegCompleteHandler
		_i2c_write1ByteRegister
		_i2c_writeNBytes
		_i2c_read1ByteRegister
		_i2c_read2ByteRegister
		_i2c_write2ByteRegister
		_i2c_readDataBlock
		_i2c_readNBytes
 This function uses a non-reentrant model


 *************** function _i2c_driver_stop *****************
 Defined at:
		line 156 in file "mcc_generated_files/i2c_driver.c"
 Parameters:    Size  Location     Type
		None
 Auto vars:     Size  Location     Type
		None
 Return value:  Size  Location     Type
                  1    wreg      void 
 Registers used:
		None
 Tracked objects:
		On entry : 
		On exit  : 
		Unchanged: 
 Data sizes:     COMMON  BANK0h   BANK1   BANK2   BANK3   BANK4   BANK5   BANK6   BANK7   BANK8   BANK9  BANK10  BANK11  BANK12
      Params:         0       0       0       0       0       0       0       0       0       0       0       0       0       0
      Locals:         0       0       0       0       0       0       0       0       0       0       0       0       0       0
      Temps:          0       0       0       0       0       0       0       0       0       0       0       0       0       0
      Totals:         0       0       0       0       0       0       0       0       0       0       0       0       0       0
Total ram usage:        0 bytes
 Hardware stack levels used:    1
 This function calls:
		Nothing
 This function is called by:
		_do_I2C_SEND_STOP
 This function uses a non-reentrant model


 *************** function _i2c_driver_restart *****************
 Defined at:
		line 151 in file "mcc_generated_files/i2c_driver.c"
 Parameters:    Size  Location     Type
		None
 Auto vars:     Size  Location     Type
		None
 Return value:  Size  Location     Type
                  1    wreg      void 
 Registers used:
		None
 Tracked objects:
		On entry : 
		On exit  : 
		Unchanged: 
 Data sizes:     COMMON  BANK0h   BANK1   BANK2   BANK3   BANK4   BANK5   BANK6   BANK7   BANK8   BANK9  BANK10  BANK11  BANK12
      Params:         0       0       0       0       0       0       0       0       0       0       0       0       0       0
      Locals:         0       0       0       0       0       0       0       0       0       0       0       0       0       0
      Temps:          0       0       0       0       0       0       0       0       0       0       0       0       0       0
      Totals:         0       0       0       0       0       0       0       0       0       0       0       0       0       0
Total ram usage:        0 bytes
 Hardware stack levels used:    1
 This function calls:
		Nothing
 This function is called by:
		_do_I2C_SEND_RESTART_READ
		_do_I2C_SEND_RESTART_WRITE
		_do_I2C_SEND_RESTART
 This function uses a non-reentrant model


 *************** function _i2c_driver_sendACK *****************
 Defined at:
		line 196 in file "mcc_generated_files/i2c_driver.c"
 Parameters:    Size  Location     Type
		None
 Auto vars:     Size  Location     Type
		None
 Return value:  Size  Location     Type
                  1    wreg      void 
 Registers used:
		None
 Tracked objects:
		On entry : 
		On exit  : 
		Unchanged: 
 Data sizes:     COMMON  BANK0h   BANK1   BANK2   BANK3   BANK4   BANK5   BANK6   BANK7   BANK8   BANK9  BANK10  BANK11  BANK12
      Params:         0       0       0       0       0       0       0       0       0       0       0       0       0       0
      Locals:         0       0       0       0       0       0       0       0       0       0       0       0       0       0
      Temps:          0       0       0       0       0       0       0       0       0       0       0       0       0       0
      Totals:         0       0       0       0       0       0       0       0       0       0       0       0       0       0
Total ram usage:        0 bytes
 Hardware stack levels used:    1
 This function calls:
		Nothing
 This function is called by:
		_do_I2C_DO_ACK
		_do_I2C_RX
 This function uses a non-reentrant model



MODULE INFORMATION

Module		Function		Class		Link	Load	Size
mcc_generated_files/interrupt_manager.c
		_INTERRUPT_InterruptManager		CODE           	0004	0000	49

mcc_generated_files/interrupt_manager.c estimated size: 49

mcc_generated_files/pin_manager.c
		_PIN_MANAGER_Initialize		CODE           	1E01	0000	21

mcc_generated_files/pin_manager.c estimated size: 21

C:\Program Files (x86)\Microchip\xc8\v1.45\sources\common\strstr.c
		_strstr        		CODE           	1248	0000	63

C:\Program Files (x86)\Microchip\xc8\v1.45\sources\common\strstr.c estimated size: 63

mcc_generated_files/i2c_driver.c
		_i2c_driver_clearBusCollision		CODE           	1D22	0000	4
		_mssp_clearIRQ 		CODE           	1D1F	0000	4
		_i2c_driver_restart		CODE           	1D10	0000	4
		_i2c_driver_startRX		CODE           	1D16	0000	4
		_i2c_driver_getRXData		CODE           	1D19	0000	4
		_i2c_driver_TXData		CODE           	1D50	0000	6
		_i2c_driver_sendACK		CODE           	1D28	0000	5
		_i2c_driver_sendNACK		CODE           	1D2C	0000	5
		_mssp_setIRQ   		CODE           	1D1C	0000	4
		_i2c_driver_resetBus		CODE           	1D0B	0000	2
		_i2c_driver_isNACK		CODE           	1D82	0000	13
		_i2c_driver_stop		CODE           	1D13	0000	4

mcc_generated_files/i2c_driver.c estimated size: 59

mcc_generated_files/usb/usb_device_cdc.c
		_CDCTxService  		CODE           	04B2	0000	205
		_CDCInitEP     		CODE           	120A	0000	63
		_putrsUSBUSART 		CODE           	1138	0000	49
		_getsUSBUSART  		CODE           	1684	0000	93
		_USBCheckCDCRequest		CODE           	0870	0000	100

mcc_generated_files/usb/usb_device_cdc.c estimated size: 510

mcc_generated_files/drivers/i2c_simple_master.c
		_wr1RegCompleteHandler		CODE           	1DD1	0000	17
		_wr2RegCompleteHandler		CODE           	1DC1	0000	17
		_rdBlkRegCompleteHandler		CODE           	1E2B	0000	24
		_rd1RegCompleteHandler		CODE           	1DE1	0000	17
		_rd2RegCompleteHandler		CODE           	1DF1	0000	17

mcc_generated_files/drivers/i2c_simple_master.c estimated size: 92

shared
		i1_USBIncrement1msInternalTimers		CODE           	1E5A	0000	25
		_configDescriptor1		STRCODE        	1800	0000	68
		_USB_CD_Ptr    		STRCODE        	18E8	0000	3
		_sd001         		STRCODE        	1843	0000	53
		i1_USBCtrlEPService		CODE           	15CC	0000	93
		i1_USBCtrlEPServiceComplete		CODE           	0E37	0000	146
		i1_USBCtrlTrfSetupHandler		CODE           	146F	0000	84
		i1_USBCtrlEPAllowStatusStage		CODE           	0794	0000	109
		_sd002         		STRCODE        	1877	0000	27
		i1_USBCtrlTrfOutHandler		CODE           	1168	0000	55
		i1_USBDeviceInit		CODE           	06E7	0000	174
		i1_USBWakeFromSuspend		CODE           	1F7D	0000	33
		i1_USBConfigureEndpoint		CODE           	12C5	0000	67
		i1_USBStdSetCfgHandler		CODE           	0D19	0000	144
		i1_USBStdGetDscHandler		CODE           	0B14	0000	128
		__initialization		CODE           	0036	0000	66
		i1_USBStallHandler		CODE           	1036	0000	38
		_device_dsc    		STRCODE        	18C5	0000	19
		i1_USBStdGetStatusHandler		CODE           	14C2	0000	86
		i1_CDCInitEP   		CODE           	119E	0000	55
		i1_USER_USB_CALLBACK_EVENT_HANDLER		CODE           	10D8	0000	49
		i1_USBStdFeatureReqHandler		CODE           	01B8	0000	298
		_USB_SD_Ptr    		STRCODE        	18DF	0000	7
		i1_memset      		CODE           	1E42	0000	25
		i1_USBCheckCDCRequest		CODE           	173F	0000	97
		i1_USBEnableEndpoint		CODE           	1F5D	0000	33
		i1_USBDeviceTasks		CODE           	03CA	0000	233
		i1_USBCtrlTrfRxService		CODE           	0F5D	0000	164
		_sd000         		STRCODE        	18D7	0000	5
		i1_USBCtrlTrfTxService		CODE           	09AC	0000	117
		i1_USBCheckStdRequest		CODE           	080E	0000	99
		i1_USBTransferOnePacket		CODE           	0C12	0000	132
		i1_USBCtrlTrfInHandler		CODE           	08D3	0000	105
		i1_USBSuspend  		CODE           	1EE0	0000	32
		i1_USBCtrlEPAllowDataStage		CODE           	1570	0000	93

shared estimated size: 2962

mcc_generated_files/usb/usb_device_events.c
		_USER_USB_CALLBACK_EVENT_HANDLER		CODE           	1108	0000	49

mcc_generated_files/usb/usb_device_events.c estimated size: 49

mcc_generated_files/mcc.c
		_WDT_Initialize		CODE           	1D4C	0000	5
		_OSCILLATOR_Initialize		CODE           	1D8E	0000	13
		_SYSTEM_Initialize		CODE           	1DB2	0000	16

mcc_generated_files/mcc.c estimated size: 34

mcc_generated_files/drivers/i2c_master.c
		_i2c_setDataCompleteCallback		CODE           	1D76	0000	13
		_returnStop    		CODE           	1D0C	0000	3
		_i2c_setBuffer 		CODE           	0800	0000	15
		_i2c_busCollisionISR		CODE           	1D25	0000	4
		_i2c_ISR       		CODE           	1F3D	0000	33
		_do_I2C_TX_EMPTY		CODE           	1083	0000	43
		_setCallBack   		CODE           	105B	0000	41
		_returnReset   		CODE           	1D0E	0000	3
		_do_I2C_SEND_RESTART_WRITE		CODE           	1D34	0000	5
		_do_I2C_DO_NACK_RESTART		CODE           	1D48	0000	5
		_do_I2C_SEND_RESTART_READ		CODE           	1D30	0000	5
		_do_I2C_SEND_ADR_WRITE		CODE           	1D67	0000	8
		_do_I2C_SEND_STOP		CODE           	1D3C	0000	5
		_do_I2C_SEND_ADR_READ		CODE           	1D6E	0000	9
		_do_I2C_DO_NACK_STOP		CODE           	1D44	0000	5
		_do_I2C_SEND_RESTART		CODE           	1D38	0000	5
		_do_I2C_RX     		CODE           	1286	0000	64
		_do_I2C_TX     		CODE           	13D3	0000	77
		_do_I2C_IDLE   		CODE           	1D55	0000	6
		_do_I2C_RCEN   		CODE           	1D5A	0000	7
		_do_I2C_DO_ADDRESS_NACK		CODE           	1012	0000	37
		_do_I2C_RESET  		CODE           	1D60	0000	8
		_do_I2C_DO_ACK 		CODE           	1D40	0000	5

mcc_generated_files/drivers/i2c_master.c estimated size: 406

mcc_generated_files/drivers/i2c_types.c
		_i2c_restartWrite		CODE           	0002	0000	3

mcc_generated_files/drivers/i2c_types.c estimated size: 3

main.c
		_main          		CODE           	1000	0000	19
		_UserApplication		CODE           	138E	0000	70

main.c estimated size: 89

C:\Program Files (x86)\Microchip\xc8\v1.45\sources\common\strlen.c
		_strlen        		CODE           	1F1E	0000	32

C:\Program Files (x86)\Microchip\xc8\v1.45\sources\common\strlen.c estimated size: 32

C:\Program Files (x86)\Microchip\xc8\v1.45\sources\common\strchr.c
		_strchr        		CODE           	1E15	0000	23

C:\Program Files (x86)\Microchip\xc8\v1.45\sources\common\strchr.c estimated size: 23

C:\Program Files (x86)\Microchip\xc8\v1.45\sources\common\strcpy.c
		_strcpy        		CODE           	1EA7	0000	29

C:\Program Files (x86)\Microchip\xc8\v1.45\sources\common\strcpy.c estimated size: 29

mcc_generated_files/usb/usb_device.c
		_USBCtrlTrfInHandler		CODE           	093B	0000	114
		_USBTransferOnePacket		CODE           	0C95	0000	133
		_USBDeviceAttach		CODE           	1EC3	0000	30
		_USBStdGetDscHandler		CODE           	0B93	0000	128
		_USBCtrlEPAllowDataStage		CODE           	16E0	0000	96
		_USBStdFeatureReqHandler		CODE           	007B	0000	318
		_USBCtrlEPAllowStatusStage		CODE           	0A9A	0000	123
		_USBCtrlTrfSetupHandler		CODE           	141F	0000	81
		_USBCtrlTrfOutHandler		CODE           	11D4	0000	55
		_USBCtrlEPServiceComplete		CODE           	0EC8	0000	150
		_USBSuspend    		CODE           	1EFF	0000	32
		_USBStdSetCfgHandler		CODE           	0DA8	0000	144
		_USBStdGetStatusHandler		CODE           	1517	0000	90
		_USBWakeFromSuspend		CODE           	1F9D	0000	33
		_USBCtrlTrfRxService		CODE           	0635	0000	179
		_USBCtrlTrfTxService		CODE           	0A20	0000	123
		_USBEnableEndpoint		CODE           	1FDD	0000	36
		_USBConfigureEndpoint		CODE           	1307	0000	68
		_USBDeviceInit 		CODE           	057E	0000	184
		_USBIncrement1msInternalTimers		CODE           	1E8B	0000	29
		_USBCtrlEPService		CODE           	1628	0000	93
		_USBStallHandler		CODE           	10AD	0000	44
		_USBDeviceTasks		CODE           	02E1	0000	234
		_USBCheckStdRequest		CODE           	179F	0000	98

mcc_generated_files/usb/usb_device.c estimated size: 2615

C:\Program Files (x86)\Microchip\xc8\v1.45\sources\common\strncmp.c
		_strncmp       		CODE           	134A	0000	69

C:\Program Files (x86)\Microchip\xc8\v1.45\sources\common\strncmp.c estimated size: 69

C:\Program Files (x86)\Microchip\xc8\v1.45\sources\common\memset.c
		_memset        		CODE           	1E72	0000	26

C:\Program Files (x86)\Microchip\xc8\v1.45\sources\common\memset.c estimated size: 26

