Microchip MPLAB XC8 Compiler V1.45 ()

Linker command line:

-W-3 --edf=C:\Program Files (x86)\Microchip\xc8\v1.45\dat\en_msgs.txt -cs \
  -h+dist/default/production\MPLAB-test.production.sym \
  --cmf=dist/default/production\MPLAB-test.production.cmf -z -Q16F1454 \
  -oC:\Users\Larse\AppData\Local\Temp\s4hg.2 \
  -Mdist/default/production/MPLAB-test.production.map -E1 -ver=XC8 \
  -ASTACK=02270h-023efh -pstack=STACK -ACODE=00h-07FFhx4 \
  -ASTRCODE=00h-01FFFh -ASTRING=00h-0FFhx32 -ACONST=00h-0FFhx32 \
  -AENTRY=00h-0FFhx32 -ACOMMON=070h-07Fh -ABANK0=020h-06Fh \
  -ABANK1=0A0h-0EFh -ABANK2=0120h-016Fh -ABANK3=01A0h-01EFh \
  -ABANK4=0220h-026Fh -ABANK5=02A0h-02EFh -ABANK6=0320h-036Fh \
  -ABANK7=03A0h-03EFh -ABANK8=0420h-046Fh -ABANK9=04A0h-04EFh \
  -ABANK10=0520h-056Fh -ABANK11=05A0h-05EFh -ABANK12=0620h-064Fh \
  -ABIGRAM=02000h-023EFh \
  -ARAM=020h-06Fh,0A0h-0EFh,0120h-016Fh,01A0h-01EFh,0220h-026Fh,02A0h-02EFh,0320h-036Fh,03A0h-03EFh,0420h-046Fh,04A0h-04EFh,0520h-056Fh,05A0h-05EFh,0620h-064Fh \
  -AABS1=020h-07Fh,0A0h-0EFh,0120h-016Fh,01A0h-01EFh,0220h-026Fh,02A0h-02EFh,0320h-036Fh,03A0h-03EFh,0420h-046Fh,04A0h-04EFh,0520h-056Fh,05A0h-05EFh,0620h-064Fh \
  -ASFR0=00h-01Fh -ASFR1=080h-09Fh -ASFR2=0100h-011Fh -ASFR3=0180h-019Fh \
  -ASFR4=0200h-021Fh -ASFR5=0280h-029Fh -ASFR6=0300h-031Fh \
  -ASFR7=0380h-039Fh -ASFR8=0400h-041Fh -ASFR9=0480h-049Fh \
  -ASFR10=0500h-051Fh -ASFR11=0580h-059Fh -ASFR12=0600h-061Fh \
  -ASFR13=0680h-06EFh -ASFR14=0700h-076Fh -ASFR15=0780h-07EFh \
  -ASFR16=0800h-086Fh -ASFR17=0880h-08EFh -ASFR18=0900h-096Fh \
  -ASFR19=0980h-09EFh -ASFR20=0A00h-0A6Fh -ASFR21=0A80h-0AEFh \
  -ASFR22=0B00h-0B6Fh -ASFR23=0B80h-0BEFh -ASFR24=0C00h-0C6Fh \
  -ASFR25=0C80h-0CEFh -ASFR26=0D00h-0D6Fh -ASFR27=0D80h-0DEFh \
  -ASFR28=0E00h-0E6Fh -ASFR29=0E80h-0EEFh -ASFR30=0F00h-0F6Fh \
  -ASFR31=0F80h-0FEFh -preset_vec=00h,intentry=04h,init,end_init \
  -ppowerup=CODE -pcinit=CODE -pfunctab=ENTRY -ACONFIG=08007h-08008h \
  -pconfig=CONFIG -DCONFIG=2 -AIDLOC=08000h-08003h -pidloc=IDLOC -DIDLOC=2 \
  -DCODE=2 -DSTRCODE=2 -DSTRING=2 -DCONST=2 -DENTRY=2 -k \
  C:\Users\Larse\AppData\Local\Temp\s4hg.obj \
  dist/default/production\MPLAB-test.production.obj 

Object code version is 3.11

Machine type is 16F1454



                Name                               Link     Load   Length Selector   Space Scale
C:\Users\Larse\AppData\Local\Temp\s4hg.obj
                end_init                             34       34        2        8       0
                reset_vec                             0        0        2        0       0
                config                             8007     8007        2    1000E       0
dist/default/production\MPLAB-test.production.obj
                cinit                                36       36       45        8       0
                intentry                              4        4       30        8       0
                text108                            1D81     1D81        4     3B02       0
                text107                            1D69     1D69        3     3AD2       0
                text106                            1D6C     1D6C        3     3AD8       0
                text105                             800      800        E        8       0
                text104                            1098     1098       28     2130       0
                text103                            1DCF     1DCF        C     3B9E       0
                text102                            1E0E     1E0E       10     3C1C       0
                text101                            1D65     1D65        2     3ACA       0
                text100                            1D67     1D67        2     3ACE       0
                text99                                2        2        2        0       0
                text98                             1E1E     1E1E       10     3C3C       0
                text97                             1E2E     1E2E       10     3C5C       0
                text96                             1E3E     1E3E       10     3C7C       0
                text95                             1E8A     1E8A       17     3D14       0
                text94                             1D6F     1D6F        3     3ADE       0
                text93                             1D64     1D64        1     3AC8       0
                text92                             1D85     1D85        4     3B0A       0
                text91                             1D72     1D72        3     3AE4       0
                text90                             1DA9     1DA9        5     3B52       0
                text89                             1DDB     1DDB        C     3BB6       0
                text88                             1D75     1D75        3     3AEA       0
                text87                             10C0     10C0       2A     2180       0
                text86                             1DB9     1DB9        7     3B72       0
                text85                             1DAE     1DAE        5     3B5C       0
                text84                             1D89     1D89        4     3B12       0
                text83                             1D8D     1D8D        4     3B1A       0
                text82                             1D91     1D91        4     3B22       0
                text81                             1D95     1D95        4     3B2A       0
                text80                             1DC7     1DC7        8     3B8E       0
                text79                             1DC0     1DC0        7     3B80       0
                text78                             1DB3     1DB3        6     3B66       0
                text77                             1D99     1D99        4     3B32       0
                text76                             1D9D     1D9D        4     3B3A       0
                text75                             1DA1     1DA1        4     3B42       0
                text74                             104F     104F       24     209E       0
                text73                             13D3     13D3       4C     27A6       0
                text72                             12CB     12CB       3F     2596       0
                text71                             1D78     1D78        3     3AF0       0
                text70                             1F80     1F80       20     3F00       0
                text69                             1D7B     1D7B        3     3AF6       0
                text68                             1D7E     1D7E        3     3AFC       0
                text67                              9AC      9AC       74     1358       0
                text66                              8D3      8D3       68     11A6       0
                text65                              794      794       6C        8       0
                text64                              F5D      F5D       A3     1EBA       0
                text63                             1175     1175       36     22EA       0
                text62                             130A     130A       42     2614       0
                text61                             1FA0     1FA0       20     3F40       0
                text60                              C12      C12       83     1824       0
                text59                             11AB     11AB       36     2356       0
                text58                             173F     173F       60     2E7E       0
                text57                             1115     1115       30     222A       0
                text56                              1B8      1B8      129        8       0
                text55                              B14      B14       7F     1628       0
                text54                             14C2     14C2       55     2984       0
                text53                             1EA1     1EA1       18     3D42       0
                text52                              D19      D19       8F     1A32       0
                swtext2                            18AB     18AB       1A     3122       0
                text51                              80E      80E       62     101C       0
                text50                             1570     1570       5C     2AE0       0
                text49                              E37      E37       91     1C6E       0
                text48                             146F     146F       53     28DE       0
                text47                             15CC     15CC       5C     2B98       0
                text46                              6E7      6E7       AD        8       0
                text45                             1EB9     1EB9       18     3D72       0
                text44                             1073     1073       25     20E6       0
                text43                             1F23     1F23       1F     3E46       0
                text42                             1FC0     1FC0       20     3F80       0
                text41                              3CA      3CA       E8        8       0
                text39                              C95      C95       84     192A       0
                text38                              4B2      4B2       CC        8       0
                text37                             1DE7     1DE7        C     3BCE       0
                text36                             1E60     1E60       14     3CC0       0
                text35                             1F06     1F06       1D     3E0C       0
                text34                              57E      57E       B7        8       0
                text33                             1DA5     1DA5        4     3B4A       0
                text32                             1DFF     1DFF        F     3BFE       0
                text31                              A20      A20       7A     1440       0
                text30                              93B      93B       71     1276       0
                text29                              A9A      A9A       7A     1534       0
                text28                              635      635       B2        8       0
                text27                             11E1     11E1       36     23C2       0
                text26                             134C     134C       43     2698       0
                text25                             102C     102C       23     2058       0
                text24                             124F     124F       3E     249E       0
                text23                              870      870       63     10E0       0
                text22                             1145     1145       30     228A       0
                text21                               7B       7B      13D        8       0
                text20                              B93      B93       7F     1726       0
                text19                             1517     1517       59     2A2E       0
                text18                             1ED1     1ED1       19     3DA2       0
                text17                              DA8      DA8       8F     1B50       0
                swtext1                            1891     1891       1A     3122       0
                text16                             179F     179F       61     2F3E       0
                text15                             16E0     16E0       5F     2DC0       0
                text14                              EC8      EC8       95     1D90       0
                text13                             141F     141F       50     283E       0
                text12                             1628     1628       5C     2C50       0
                text11                             1EEA     1EEA       1C     3DD4       0
                text10                             10EA     10EA       2B     21D4       0
                text9                              1F42     1F42       1F     3E84       0
                text8                              1FE0     1FE0       20     3FC0       0
                text7                               2E1      2E1       E9        8       0
                text6                              1684     1684       5C     2D08       0
                text5                              1E74     1E74       16     3CE8       0
                text4                              1F61     1F61       1F     3EC2       0
                text3                              138F     138F       44     271E       0
                text2                              128D     128D       3E     251A       0
                text1                              1217     1217       38     242E       0
                maintext                           1E4E     1E4E       12     3C9C       0
                cstackBANK0h                         60       60       10       60       1
                cstackCOMMON                         70       70        E       70       1
                cstackBANK1                          A0       A0       23       A0       1
                cstackBANK3                         1EF      1EF        1      1B0       1
                cstackBANK4                         25E      25E        5      220       1
                clrtext                            1DF3     1DF3        C     3BE6       0
                inittext                           1000     1000        C     1EBA       0
                bssBANK7                            3A0      3A0       40      3A0       1
                bssBANK6                            320      320       40      320       1
                dataBANK5                           2A0      2A0       20      2A0       1
                bssBANK4                            220      220       3E      220       1
                bssBANK3                            1B0      1B0       3F      1B0       1
                bssBANK1                             C3       C3        7       A0       1
                stringtext8                        18E5     18E5        3     318A       0
                stringtext7                        18D7     18D7        8     318A       0
                stringtext6                        18C5     18C5       12     318A       0
                stringtext5                        1877     1877       1A     3000       0
                stringtext4                        1843     1843       34     3000       0
                stringtext3                        1800     1800       43     3000       0
                stringtext2                        18E8     18E8        2     318A       0
                stringtext1                        18DF     18DF        6     318A       0
                idataBANK5                         100C     100C       20     2018       0

TOTAL           Name                               Link     Load   Length     Space
        CLASS   STACK          

        CLASS   CODE           
                end_init                             34       34        2         0
                cinit                                36       36       45         0
                intentry                              4        4       30         0
                reset_vec                             0        0        2         0
                text108                            1D81     1D81        4         0
                text107                            1D69     1D69        3         0
                text106                            1D6C     1D6C        3         0
                text105                             800      800        E         0
                text104                            1098     1098       28         0
                text103                            1DCF     1DCF        C         0
                text102                            1E0E     1E0E       10         0
                text101                            1D65     1D65        2         0
                text100                            1D67     1D67        2         0
                text99                                2        2        2         0
                text98                             1E1E     1E1E       10         0
                text97                             1E2E     1E2E       10         0
                text96                             1E3E     1E3E       10         0
                text95                             1E8A     1E8A       17         0
                text94                             1D6F     1D6F        3         0
                text93                             1D64     1D64        1         0
                text92                             1D85     1D85        4         0
                text91                             1D72     1D72        3         0
                text90                             1DA9     1DA9        5         0
                text89                             1DDB     1DDB        C         0
                text88                             1D75     1D75        3         0
                text87                             10C0     10C0       2A         0
                text86                             1DB9     1DB9        7         0
                text85                             1DAE     1DAE        5         0
                text84                             1D89     1D89        4         0
                text83                             1D8D     1D8D        4         0
                text82                             1D91     1D91        4         0
                text81                             1D95     1D95        4         0
                text80                             1DC7     1DC7        8         0
                text79                             1DC0     1DC0        7         0
                text78                             1DB3     1DB3        6         0
                text77                             1D99     1D99        4         0
                text76                             1D9D     1D9D        4         0
                text75                             1DA1     1DA1        4         0
                text74                             104F     104F       24         0
                text73                             13D3     13D3       4C         0
                text72                             12CB     12CB       3F         0
                text71                             1D78     1D78        3         0
                text70                             1F80     1F80       20         0
                text69                             1D7B     1D7B        3         0
                text68                             1D7E     1D7E        3         0
                text67                              9AC      9AC       74         0
                text66                              8D3      8D3       68         0
                text65                              794      794       6C         0
                text64                              F5D      F5D       A3         0
                text63                             1175     1175       36         0
                text62                             130A     130A       42         0
                text61                             1FA0     1FA0       20         0
                text60                              C12      C12       83         0
                text59                             11AB     11AB       36         0
                text58                             173F     173F       60         0
                text57                             1115     1115       30         0
                text56                              1B8      1B8      129         0
                text55                              B14      B14       7F         0
                text54                             14C2     14C2       55         0
                text53                             1EA1     1EA1       18         0
                text52                              D19      D19       8F         0
                text51                              80E      80E       62         0
                text50                             1570     1570       5C         0
                text49                              E37      E37       91         0
                text48                             146F     146F       53         0
                text47                             15CC     15CC       5C         0
                text46                              6E7      6E7       AD         0
                text45                             1EB9     1EB9       18         0
                text44                             1073     1073       25         0
                text43                             1F23     1F23       1F         0
                text42                             1FC0     1FC0       20         0
                text41                              3CA      3CA       E8         0
                text39                              C95      C95       84         0
                text38                              4B2      4B2       CC         0
                text37                             1DE7     1DE7        C         0
                text36                             1E60     1E60       14         0
                text35                             1F06     1F06       1D         0
                text34                              57E      57E       B7         0
                text33                             1DA5     1DA5        4         0
                text32                             1DFF     1DFF        F         0
                text31                              A20      A20       7A         0
                text30                              93B      93B       71         0
                text29                              A9A      A9A       7A         0
                text28                              635      635       B2         0
                text27                             11E1     11E1       36         0
                text26                             134C     134C       43         0
                text25                             102C     102C       23         0
                text24                             124F     124F       3E         0
                text23                              870      870       63         0
                text22                             1145     1145       30         0
                text21                               7B       7B      13D         0
                text20                              B93      B93       7F         0
                text19                             1517     1517       59         0
                text18                             1ED1     1ED1       19         0
                text17                              DA8      DA8       8F         0
                text16                             179F     179F       61         0
                text15                             16E0     16E0       5F         0
                text14                              EC8      EC8       95         0
                text13                             141F     141F       50         0
                text12                             1628     1628       5C         0
                text11                             1EEA     1EEA       1C         0
                text10                             10EA     10EA       2B         0
                text9                              1F42     1F42       1F         0
                text8                              1FE0     1FE0       20         0
                text7                               2E1      2E1       E9         0
                text6                              1684     1684       5C         0
                text5                              1E74     1E74       16         0
                text4                              1F61     1F61       1F         0
                text3                              138F     138F       44         0
                text2                              128D     128D       3E         0
                text1                              1217     1217       38         0
                maintext                           1E4E     1E4E       12         0
                clrtext                            1DF3     1DF3        C         0
                inittext                           1000     1000        C         0
                idataBANK5                         100C     100C       20         0

        CLASS   STRCODE        
                stringtext8                        18E5     18E5        3         0
                stringtext7                        18D7     18D7        8         0
                stringtext6                        18C5     18C5       12         0
                stringtext5                        1877     1877       1A         0
                stringtext4                        1843     1843       34         0
                stringtext3                        1800     1800       43         0
                stringtext2                        18E8     18E8        2         0
                stringtext1                        18DF     18DF        6         0

        CLASS   STRING         

        CLASS   CONST          
                swtext2                            18AB     18AB       1A         0
                swtext1                            1891     1891       1A         0

        CLASS   ENTRY          

        CLASS   COMMON         
                cstackCOMMON                         70       70        E         1

        CLASS   BANK0          
                cstackBANK0h                         60       60       10         1

        CLASS   BANK1          
                cstackBANK1                          A0       A0       23         1
                bssBANK1                             C3       C3        7         1

        CLASS   BANK2          

        CLASS   BANK3          
                cstackBANK3                         1EF      1EF        1         1
                bssBANK3                            1B0      1B0       3F         1

        CLASS   BANK4          
                cstackBANK4                         25E      25E        5         1
                bssBANK4                            220      220       3E         1

        CLASS   BANK5          
                dataBANK5                           2A0      2A0       20         1

        CLASS   BANK6          
                bssBANK6                            320      320       40         1

        CLASS   BANK7          
                bssBANK7                            3A0      3A0       40         1

        CLASS   BANK8          

        CLASS   BANK9          

        CLASS   BANK10         

        CLASS   BANK11         

        CLASS   BANK12         

        CLASS   BIGRAM         

        CLASS   RAM            

        CLASS   ABS1           
                abs_s1                               20       20       40         1
                abs_s1                               7E       7E        2         1
                abs_s1                               D0       D0       20         1
                abs_s1                              120      120       50         1
                abs_s1                              1A0      1A0       10         1

        CLASS   SFR0           

        CLASS   SFR1           

        CLASS   SFR2           

        CLASS   SFR3           

        CLASS   SFR4           

        CLASS   SFR5           

        CLASS   SFR6           

        CLASS   SFR7           

        CLASS   SFR8           

        CLASS   SFR9           

        CLASS   SFR10          

        CLASS   SFR11          

        CLASS   SFR12          

        CLASS   SFR13          

        CLASS   SFR14          

        CLASS   SFR15          

        CLASS   SFR16          

        CLASS   SFR17          

        CLASS   SFR18          

        CLASS   SFR19          

        CLASS   SFR20          

        CLASS   SFR21          

        CLASS   SFR22          

        CLASS   SFR23          

        CLASS   SFR24          

        CLASS   SFR25          

        CLASS   SFR26          

        CLASS   SFR27          

        CLASS   SFR28          

        CLASS   SFR29          

        CLASS   SFR30          

        CLASS   SFR31          

        CLASS   CONFIG         
                config                             8007     8007        2         0

        CLASS   IDLOC          

        CLASS   BANK31         

        CLASS   BANK30         

        CLASS   BANK29         

        CLASS   BANK28         

        CLASS   BANK27         

        CLASS   BANK26         

        CLASS   BANK25         

        CLASS   BANK24         

        CLASS   BANK23         

        CLASS   BANK22         

        CLASS   BANK21         

        CLASS   BANK20         

        CLASS   BANK19         

        CLASS   BANK18         

        CLASS   BANK17         

        CLASS   BANK16         

        CLASS   BANK15         

        CLASS   BANK14         

        CLASS   BANK13         

        CLASS   EEDATA         



SEGMENTS        Name                           Load    Length   Top    Selector   Space  Class     Delta

                reset_vec                      000000  000004  000004         0       0  CODE        2
                intentry                       000004  00080A  00080E         8       0  CODE        2
                cstackBANK0h                   000060  000010  000070        60       1  BANK0       1
                cstackCOMMON                   000070  00000E  00007E        70       1  COMMON      1
                cstackBANK1                    0000A0  00002A  0000CA        A0       1  BANK1       1
                bssBANK3                       0001B0  000040  0001F0       1B0       1  BANK3       1
                bssBANK4                       000220  000043  000263       220       1  BANK4       1
                dataBANK5                      0002A0  000020  0002C0       2A0       1  BANK5       1
                bssBANK6                       000320  000040  000360       320       1  BANK6       1
                bssBANK7                       0003A0  000040  0003E0       3A0       1  BANK7       1
                text51                         00080E  000062  000870      101C       0  CODE        2
                text23                         000870  000063  0008D3      10E0       0  CODE        2
                text66                         0008D3  000068  00093B      11A6       0  CODE        2
                text30                         00093B  000071  0009AC      1276       0  CODE        2
                text67                         0009AC  000074  000A20      1358       0  CODE        2
                text31                         000A20  00007A  000A9A      1440       0  CODE        2
                text29                         000A9A  00007A  000B14      1534       0  CODE        2
                text55                         000B14  00007F  000B93      1628       0  CODE        2
                text20                         000B93  00007F  000C12      1726       0  CODE        2
                text60                         000C12  000083  000C95      1824       0  CODE        2
                text39                         000C95  000084  000D19      192A       0  CODE        2
                text52                         000D19  00008F  000DA8      1A32       0  CODE        2
                text17                         000DA8  00008F  000E37      1B50       0  CODE        2
                text49                         000E37  000091  000EC8      1C6E       0  CODE        2
                text14                         000EC8  000095  000F5D      1D90       0  CODE        2
                text64                         000F5D  0000AF  00100C      1EBA       0  CODE        2
                idataBANK5                     00100C  000020  00102C      2018       0  CODE        2
                text25                         00102C  000023  00104F      2058       0  CODE        2
                text74                         00104F  000024  001073      209E       0  CODE        2
                text44                         001073  000025  001098      20E6       0  CODE        2
                text104                        001098  000028  0010C0      2130       0  CODE        2
                text87                         0010C0  00002A  0010EA      2180       0  CODE        2
                text10                         0010EA  00002B  001115      21D4       0  CODE        2
                text57                         001115  000030  001145      222A       0  CODE        2
                text22                         001145  000030  001175      228A       0  CODE        2
                text63                         001175  000036  0011AB      22EA       0  CODE        2
                text59                         0011AB  000036  0011E1      2356       0  CODE        2
                text27                         0011E1  000036  001217      23C2       0  CODE        2
                text1                          001217  000038  00124F      242E       0  CODE        2
                text24                         00124F  00003E  00128D      249E       0  CODE        2
                text2                          00128D  00003E  0012CB      251A       0  CODE        2
                text72                         0012CB  00003F  00130A      2596       0  CODE        2
                text62                         00130A  000042  00134C      2614       0  CODE        2
                text26                         00134C  000043  00138F      2698       0  CODE        2
                text3                          00138F  000044  0013D3      271E       0  CODE        2
                text73                         0013D3  00004C  00141F      27A6       0  CODE        2
                text13                         00141F  000050  00146F      283E       0  CODE        2
                text48                         00146F  000053  0014C2      28DE       0  CODE        2
                text54                         0014C2  000055  001517      2984       0  CODE        2
                text19                         001517  000059  001570      2A2E       0  CODE        2
                text50                         001570  00005C  0015CC      2AE0       0  CODE        2
                text47                         0015CC  00005C  001628      2B98       0  CODE        2
                text12                         001628  00005C  001684      2C50       0  CODE        2
                text6                          001684  00005C  0016E0      2D08       0  CODE        2
                text15                         0016E0  00005F  00173F      2DC0       0  CODE        2
                text58                         00173F  000060  00179F      2E7E       0  CODE        2
                text16                         00179F  000061  001800      2F3E       0  CODE        2
                stringtext3                    001800  000091  001891      3000       0  STRCODE     2
                swtext1                        001891  000034  0018C5      3122       0  CONST       2
                stringtext6                    0018C5  000025  0018EA      318A       0  STRCODE     2
                text93                         001D64  000001  001D65      3AC8       0  CODE        2
                text101                        001D65  000002  001D67      3ACA       0  CODE        2
                text100                        001D67  000002  001D69      3ACE       0  CODE        2
                text107                        001D69  000003  001D6C      3AD2       0  CODE        2
                text106                        001D6C  000003  001D6F      3AD8       0  CODE        2
                text94                         001D6F  000003  001D72      3ADE       0  CODE        2
                text91                         001D72  000003  001D75      3AE4       0  CODE        2
                text88                         001D75  000003  001D78      3AEA       0  CODE        2
                text71                         001D78  000003  001D7B      3AF0       0  CODE        2
                text69                         001D7B  000003  001D7E      3AF6       0  CODE        2
                text68                         001D7E  000003  001D81      3AFC       0  CODE        2
                text108                        001D81  000004  001D85      3B02       0  CODE        2
                text92                         001D85  000004  001D89      3B0A       0  CODE        2
                text84                         001D89  000004  001D8D      3B12       0  CODE        2
                text83                         001D8D  000004  001D91      3B1A       0  CODE        2
                text82                         001D91  000004  001D95      3B22       0  CODE        2
                text81                         001D95  000004  001D99      3B2A       0  CODE        2
                text77                         001D99  000004  001D9D      3B32       0  CODE        2
                text76                         001D9D  000004  001DA1      3B3A       0  CODE        2
                text75                         001DA1  000004  001DA5      3B42       0  CODE        2
                text33                         001DA5  000004  001DA9      3B4A       0  CODE        2
                text90                         001DA9  000005  001DAE      3B52       0  CODE        2
                text85                         001DAE  000005  001DB3      3B5C       0  CODE        2
                text78                         001DB3  000006  001DB9      3B66       0  CODE        2
                text86                         001DB9  000007  001DC0      3B72       0  CODE        2
                text79                         001DC0  000007  001DC7      3B80       0  CODE        2
                text80                         001DC7  000008  001DCF      3B8E       0  CODE        2
                text103                        001DCF  00000C  001DDB      3B9E       0  CODE        2
                text89                         001DDB  00000C  001DE7      3BB6       0  CODE        2
                text37                         001DE7  00000C  001DF3      3BCE       0  CODE        2
                clrtext                        001DF3  00000C  001DFF      3BE6       0  CODE        2
                text32                         001DFF  00000F  001E0E      3BFE       0  CODE        2
                text102                        001E0E  000010  001E1E      3C1C       0  CODE        2
                text98                         001E1E  000010  001E2E      3C3C       0  CODE        2
                text97                         001E2E  000010  001E3E      3C5C       0  CODE        2
                text96                         001E3E  000010  001E4E      3C7C       0  CODE        2
                maintext                       001E4E  000012  001E60      3C9C       0  CODE        2
                text36                         001E60  000014  001E74      3CC0       0  CODE        2
                text5                          001E74  000016  001E8A      3CE8       0  CODE        2
                text95                         001E8A  000017  001EA1      3D14       0  CODE        2
                text53                         001EA1  000018  001EB9      3D42       0  CODE        2
                text45                         001EB9  000018  001ED1      3D72       0  CODE        2
                text18                         001ED1  000019  001EEA      3DA2       0  CODE        2
                text11                         001EEA  00001C  001F06      3DD4       0  CODE        2
                text35                         001F06  00001D  001F23      3E0C       0  CODE        2
                text43                         001F23  00001F  001F42      3E46       0  CODE        2
                text9                          001F42  00001F  001F61      3E84       0  CODE        2
                text4                          001F61  00001F  001F80      3EC2       0  CODE        2
                text70                         001F80  000020  001FA0      3F00       0  CODE        2
                text61                         001FA0  000020  001FC0      3F40       0  CODE        2
                text42                         001FC0  000020  001FE0      3F80       0  CODE        2
                text8                          001FE0  000020  002000      3FC0       0  CODE        2
                config                         008007  000002  008009     1000E       0  CONFIG      2


UNUSED ADDRESS RANGES

        Name                Unused          Largest block    Delta
        BANK1            000CA-000CF               6           1
        BANK10           00520-0056F              50           1
        BANK11           005A0-005EF              50           1
        BANK12           00620-0064F              30           1
        BANK4            00263-0026F               D           1
        BANK5            002C0-002EF              30           1
        BANK6            00360-0036F              10           1
        BANK7            003E0-003EF              10           1
        BANK8            00420-0046F              50           1
        BANK9            004A0-004EF              50           1
        BIGRAM           02000-023EF             3F0           1
        CODE             018EA-01D63             47A           2
        CONST            018EA-01D63             100           2
        ENTRY            018EA-01D63             100           2
        IDLOC            08000-08003               4           2
        RAM              000CA-000CF               6           1
                         00263-0026F               D
                         002C0-002EF              30
                         00360-0036F              10
                         003E0-003EF              10
                         00420-0046F              50
                         004A0-004EF              50
                         00520-0056F              50
                         005A0-005EF              50
                         00620-0064F              30
        SFR0             00000-0001F              20           1
        SFR1             00080-0009F              20           1
        SFR10            00500-0051F              20           1
        SFR11            00580-0059F              20           1
        SFR12            00600-0061F              20           1
        SFR13            00680-006EF              70           1
        SFR14            00700-0076F              70           1
        SFR15            00780-007EF              70           1
        SFR16            00800-0086F              70           1
        SFR17            00880-008EF              70           1
        SFR18            00900-0096F              70           1
        SFR19            00980-009EF              70           1
        SFR2             00100-0011F              20           1
        SFR20            00A00-00A6F              70           1
        SFR21            00A80-00AEF              70           1
        SFR22            00B00-00B6F              70           1
        SFR23            00B80-00BEF              70           1
        SFR24            00C00-00C6F              70           1
        SFR25            00C80-00CEF              70           1
        SFR26            00D00-00D6F              70           1
        SFR27            00D80-00DEF              70           1
        SFR28            00E00-00E6F              70           1
        SFR29            00E80-00EEF              70           1
        SFR3             00180-0019F              20           1
        SFR30            00F00-00F6F              70           1
        SFR31            00F80-00FEF              70           1
        SFR4             00200-0021F              20           1
        SFR5             00280-0029F              20           1
        SFR6             00300-0031F              20           1
        SFR7             00380-0039F              20           1
        SFR8             00400-0041F              20           1
        SFR9             00480-0049F              20           1
        STACK            02270-023EF             180           1
        STRCODE          018EA-01D63             47A           2
        STRING           018EA-01D63             100           2

                                  Symbol Table

?_USBTransferOnePacket                      cstackBANK1  000A6
?_strlen                                    cstackBANK1  000A6
?_strncmp                                   cstackBANK1  000AC
?i1_USBTransferOnePacket                    cstackCOMMON 00070
CDCTxService@byte_to_send                   cstackBANK1  000B3
CDCTxService@i                              cstackBANK1  000B2
USBConfigureEndpoint@EPNum                  cstackBANK1  000AB
USBConfigureEndpoint@direction              cstackBANK1  000A6
USBConfigureEndpoint@handle                 cstackBANK1  000AC
USBCtrlTrfInHandler@lastDTS                 cstackBANK1  000AB
USBCtrlTrfRxService@byteToRead              cstackBANK1  000AB
USBCtrlTrfRxService@i                       cstackBANK1  000AA
USBCtrlTrfTxService@byteToSend              cstackBANK1  000A8
USBDeviceInit@i                             cstackBANK1  000AA
USBDeviceInit@i_1491                        cstackBANK1  000A9
USBDeviceInit@p                             cstackBANK1  000A7
USBDeviceTasks@i                            cstackBANK3  001EF
USBEnableEndpoint@ep                        cstackBANK1  000B2
USBEnableEndpoint@options                   cstackBANK1  000AD
USBEnableEndpoint@p                         cstackBANK1  000B0
USBStdFeatureReqHandler@current_ep_data     cstackBANK1  000BE
USBStdFeatureReqHandler@p                   cstackBANK1  000BF
USBStdFeatureReqHandler@pUEP                cstackBANK1  000BC
USBStdGetStatusHandler@p                    cstackBANK1  000A7
USBStdSetCfgHandler@i                       cstackBANK1  000BE
USBStdSetCfgHandler@i_2163                  cstackBANK1  000BD
USBStdSetCfgHandler@p                       cstackBANK1  000BB
USBTransferOnePacket@data                   cstackBANK1  000A7
USBTransferOnePacket@dir                    cstackBANK1  000A6
USBTransferOnePacket@ep                     cstackBANK1  000AE
USBTransferOnePacket@handle                 cstackBANK1  000AF
USBTransferOnePacket@len                    cstackBANK1  000A9
USER_USB_CALLBACK_EVENT_HANDLER@event       cstackBANK1  000B4
USER_USB_CALLBACK_EVENT_HANDLER@pdata       cstackBANK1  000B6
USER_USB_CALLBACK_EVENT_HANDLER@size        cstackBANK1  000B8
UserApplication@numBytesRead                cstackBANK1  000BB
_ACTCON                                     (abs)        0039B
_ANSELA                                     (abs)        0018C
_ANSELC                                     (abs)        0018E
_APFCON                                     (abs)        0011D
_BDT                                        (abs)        00020
_BORCON                                     (abs)        00116
_BothEP0OutUOWNsSet                         bssBANK3     001DD
_CDCDataInHandle                            bssBANK3     001CD
_CDCDataOutHandle                           bssBANK3     001CF
_CDCInitEP                                  text24       0124F
_CDCTxService                               text38       004B2
_CtrlTrfData                                (abs)        00058
_INTCONbits                                 (abs)        0000B
_INTERRUPT_InterruptManager                 intentry     00004
_LATA                                       (abs)        0010C
_LATC                                       (abs)        0010E
_OPTION_REGbits                             (abs)        00095
_OSCCON                                     (abs)        00099
_OSCILLATOR_Initialize                      text37       01DE7
_OSCTUNE                                    (abs)        00098
_PIE1bits                                   (abs)        00091
_PIE2bits                                   (abs)        00092
_PIN_MANAGER_Initialize                     text36       01E60
_PIR1bits                                   (abs)        00011
_PIR2bits                                   (abs)        00012
_PLLRDY                                     (abs)        004D6
_RC3                                        (abs)        00073
_RemoteWakeup                               bssBANK3     001E0
_SSP1ADD                                    (abs)        00212
_SSP1BUF                                    (abs)        00211
_SSP1CON1                                   (abs)        00215
_SSP1CON1bits                               (abs)        00215
_SSP1CON2                                   (abs)        00216
_SSP1CON2bits                               (abs)        00216
_SSP1MSK                                    (abs)        00213
_SSP1STAT                                   (abs)        00214
_SSP1STATbits                               (abs)        00214
_SYSTEM_Initialize                          text32       01DFF
_SetupPkt                                   (abs)        00050
_TRISA                                      (abs)        0008C
_TRISC                                      (abs)        0008E
_UADDR                                      (abs)        00E96
_UCFG                                       (abs)        00E91
_UCON                                       (abs)        00E8E
_UCONbits                                   (abs)        00E8E
_UEIE                                       (abs)        00E97
_UEIR                                       (abs)        00E93
_UEP0                                       (abs)        00E98
_UEP0bits                                   (abs)        00E98
_UEP1                                       (abs)        00E99
_UIE                                        (abs)        00E92
_UIEbits                                    (abs)        00E92
_UIR                                        (abs)        00E90
_UIRbits                                    (abs)        00E90
_USB1msTickCount                            bssBANK3     001C3
_USBActiveConfiguration                     bssBANK3     001EE
_USBAlternateInterface                      bssBANK3     001EB
_USBBusIsSuspended                          bssBANK3     001DF
_USBCheckCDCRequest                         text23       00870
_USBCheckStdRequest                         text16       0179F
_USBConfigureEndpoint                       text26       0134C
_USBCtrlEPAllowDataStage                    text15       016E0
_USBCtrlEPAllowStatusStage                  text29       00A9A
_USBCtrlEPService                           text12       01628
_USBCtrlEPServiceComplete                   text14       00EC8
_USBCtrlTrfInHandler                        text30       0093B
_USBCtrlTrfOutHandler                       text27       011E1
_USBCtrlTrfRxService                        text28       00635
_USBCtrlTrfSetupHandler                     text13       0141F
_USBCtrlTrfTxService                        text31       00A20
_USBDeferINDataStagePackets                 bssBANK3     001D8
_USBDeferOUTDataStagePackets                bssBANK3     001D7
_USBDeferStatusStagePacket                  bssBANK3     001DB
_USBDeviceAttach                            text35       01F06
_USBDeviceInit                              text34       0057E
_USBDeviceState                             bssBANK3     001E5
_USBDeviceTasks                             text7        002E1
_USBEnableEndpoint                          text25       0102C
_USBIncrement1msInternalTimers              text11       01EEA
_USBStallHandler                            text10       010EA
_USBStatusStageEnabledFlag1                 bssBANK3     001DA
_USBStatusStageEnabledFlag2                 bssBANK3     001D9
_USBStatusStageTimeoutCounter               bssBANK3     001DC
_USBStdFeatureReqHandler                    text21       0007B
_USBStdGetDscHandler                        text20       00B93
_USBStdGetStatusHandler                     text19       01517
_USBStdSetCfgHandler                        text17       00DA8
_USBSuspend                                 text9        01F42
_USBTicksSinceSuspendEnd                    bssBANK3     001D6
_USBTransferOnePacket                       text39       00C95
_USBWakeFromSuspend                         text8        01FE0
_USB_CD_Ptr                                 stringtext2  018E8
_USB_SD_Ptr                                 stringtext1  018DF
_USER_USB_CALLBACK_EVENT_HANDLER            text22       01145
_USTAT                                      (abs)        00E8F
_USTATcopy                                  bssBANK3     001ED
_UserApplication                            text1        01217
_WDTCON                                     (abs)        00097
_WDT_Initialize                             text33       01DA5
_WPUA                                       (abs)        0020C
__CFG_BOREN$ON                              (abs)        00000
__CFG_BORV$LO                               (abs)        00000
__CFG_CLKOUTEN$OFF                          (abs)        00000
__CFG_CP$OFF                                (abs)        00000
__CFG_CPUDIV$NOCLKDIV                       (abs)        00000
__CFG_FCMEN$ON                              (abs)        00000
__CFG_FOSC$INTOSC                           (abs)        00000
__CFG_IESO$ON                               (abs)        00000
__CFG_LPBOR$OFF                             (abs)        00000
__CFG_LVP$ON                                (abs)        00000
__CFG_MCLRE$ON                              (abs)        00000
__CFG_PLLEN$ENABLED                         (abs)        00000
__CFG_PLLMULT$3x                            (abs)        00000
__CFG_PWRTE$OFF                             (abs)        00000
__CFG_STVREN$ON                             (abs)        00000
__CFG_USBLSCLK$48MHz                        (abs)        00000
__CFG_WDTE$OFF                              (abs)        00000
__CFG_WRT$OFF                               (abs)        00000
__Habs1                                     abs1         00000
__Hbank0                                    bank0        00000
__Hbank1                                    bank1        00000
__Hbank10                                   bank10       00000
__Hbank11                                   bank11       00000
__Hbank12                                   bank12       00000
__Hbank13                                   bank13       00000
__Hbank14                                   bank14       00000
__Hbank15                                   bank15       00000
__Hbank16                                   bank16       00000
__Hbank17                                   bank17       00000
__Hbank18                                   bank18       00000
__Hbank19                                   bank19       00000
__Hbank2                                    bank2        00000
__Hbank20                                   bank20       00000
__Hbank21                                   bank21       00000
__Hbank22                                   bank22       00000
__Hbank23                                   bank23       00000
__Hbank24                                   bank24       00000
__Hbank25                                   bank25       00000
__Hbank26                                   bank26       00000
__Hbank27                                   bank27       00000
__Hbank28                                   bank28       00000
__Hbank29                                   bank29       00000
__Hbank3                                    bank3        00000
__Hbank30                                   bank30       00000
__Hbank31                                   bank31       00000
__Hbank4                                    bank4        00000
__Hbank5                                    bank5        00000
__Hbank6                                    bank6        00000
__Hbank7                                    bank7        00000
__Hbank8                                    bank8        00000
__Hbank9                                    bank9        00000
__Hbigram                                   bigram       00000
__HbssBANK1                                 bssBANK1     00000
__HbssBANK3                                 bssBANK3     00000
__HbssBANK4                                 bssBANK4     00000
__HbssBANK6                                 bssBANK6     00000
__HbssBANK7                                 bssBANK7     00000
__Hcinit                                    cinit        0007B
__Hclrtext                                  clrtext      00000
__Hcode                                     code         00000
__Hcommon                                   common       00000
__Hconfig                                   config       08009
__HcstackBANK0h                             cstackBANK0h 00000
__HcstackBANK1                              cstackBANK1  00000
__HcstackBANK3                              cstackBANK3  00000
__HcstackBANK4                              cstackBANK4  00000
__HcstackCOMMON                             cstackCOMMON 00000
__HdataBANK5                                dataBANK5    00000
__Heeprom_data                              eeprom_data  00000
__Hend_init                                 end_init     00036
__Hfunctab                                  functab      00000
__HidataBANK5                               idataBANK5   00000
__Hidloc                                    idloc        00000
__Hinit                                     init         00034
__Hinittext                                 inittext     00000
__Hintentry                                 intentry     00034
__Hmaintext                                 maintext     00000
__Hpowerup                                  powerup      00000
__Hram                                      ram          00000
__Hreset_vec                                reset_vec    00002
__Hsfr0                                     sfr0         00000
__Hsfr1                                     sfr1         00000
__Hsfr10                                    sfr10        00000
__Hsfr11                                    sfr11        00000
__Hsfr12                                    sfr12        00000
__Hsfr13                                    sfr13        00000
__Hsfr14                                    sfr14        00000
__Hsfr15                                    sfr15        00000
__Hsfr16                                    sfr16        00000
__Hsfr17                                    sfr17        00000
__Hsfr18                                    sfr18        00000
__Hsfr19                                    sfr19        00000
__Hsfr2                                     sfr2         00000
__Hsfr20                                    sfr20        00000
__Hsfr21                                    sfr21        00000
__Hsfr22                                    sfr22        00000
__Hsfr23                                    sfr23        00000
__Hsfr24                                    sfr24        00000
__Hsfr25                                    sfr25        00000
__Hsfr26                                    sfr26        00000
__Hsfr27                                    sfr27        00000
__Hsfr28                                    sfr28        00000
__Hsfr29                                    sfr29        00000
__Hsfr3                                     sfr3         00000
__Hsfr30                                    sfr30        00000
__Hsfr31                                    sfr31        00000
__Hsfr4                                     sfr4         00000
__Hsfr5                                     sfr5         00000
__Hsfr6                                     sfr6         00000
__Hsfr7                                     sfr7         00000
__Hsfr8                                     sfr8         00000
__Hsfr9                                     sfr9         00000
__Hspace_0                                  (abs)        08009
__Hspace_1                                  (abs)        003E0
__Hspace_2                                  (abs)        00000
__Hspace_3                                  (abs)        00000
__Hstack                                    stack        00000
__Hstrings                                  strings      00000
__Hstringtext1                              stringtext1  00000
__Hstringtext2                              stringtext2  00000
__Hstringtext3                              stringtext3  00000
__Hstringtext4                              stringtext4  00000
__Hstringtext5                              stringtext5  00000
__Hstringtext6                              stringtext6  00000
__Hstringtext7                              stringtext7  00000
__Hstringtext8                              stringtext8  00000
__Hstringtext9                              stringtext9  00000
__Htext                                     text         00000
__Labs1                                     abs1         00000
__Lbank0                                    bank0        00000
__Lbank1                                    bank1        00000
__Lbank10                                   bank10       00000
__Lbank11                                   bank11       00000
__Lbank12                                   bank12       00000
__Lbank13                                   bank13       00000
__Lbank14                                   bank14       00000
__Lbank15                                   bank15       00000
__Lbank16                                   bank16       00000
__Lbank17                                   bank17       00000
__Lbank18                                   bank18       00000
__Lbank19                                   bank19       00000
__Lbank2                                    bank2        00000
__Lbank20                                   bank20       00000
__Lbank21                                   bank21       00000
__Lbank22                                   bank22       00000
__Lbank23                                   bank23       00000
__Lbank24                                   bank24       00000
__Lbank25                                   bank25       00000
__Lbank26                                   bank26       00000
__Lbank27                                   bank27       00000
__Lbank28                                   bank28       00000
__Lbank29                                   bank29       00000
__Lbank3                                    bank3        00000
__Lbank30                                   bank30       00000
__Lbank31                                   bank31       00000
__Lbank4                                    bank4        00000
__Lbank5                                    bank5        00000
__Lbank6                                    bank6        00000
__Lbank7                                    bank7        00000
__Lbank8                                    bank8        00000
__Lbank9                                    bank9        00000
__Lbigram                                   bigram       00000
__LbssBANK1                                 bssBANK1     00000
__LbssBANK3                                 bssBANK3     00000
__LbssBANK4                                 bssBANK4     00000
__LbssBANK6                                 bssBANK6     00000
__LbssBANK7                                 bssBANK7     00000
__Lcinit                                    cinit        00036
__Lclrtext                                  clrtext      00000
__Lcode                                     code         00000
__Lcommon                                   common       00000
__Lconfig                                   config       08007
__LcstackBANK0h                             cstackBANK0h 00000
__LcstackBANK1                              cstackBANK1  00000
__LcstackBANK3                              cstackBANK3  00000
__LcstackBANK4                              cstackBANK4  00000
__LcstackCOMMON                             cstackCOMMON 00000
__LdataBANK5                                dataBANK5    00000
__Leeprom_data                              eeprom_data  00000
__Lend_init                                 end_init     00034
__Lfunctab                                  functab      00000
__LidataBANK5                               idataBANK5   00000
__Lidloc                                    idloc        00000
__Linit                                     init         00034
__Linittext                                 inittext     00000
__Lintentry                                 intentry     00004
__Lmaintext                                 maintext     00000
__Lpowerup                                  powerup      00000
__Lram                                      ram          00000
__Lreset_vec                                reset_vec    00000
__Lsfr0                                     sfr0         00000
__Lsfr1                                     sfr1         00000
__Lsfr10                                    sfr10        00000
__Lsfr11                                    sfr11        00000
__Lsfr12                                    sfr12        00000
__Lsfr13                                    sfr13        00000
__Lsfr14                                    sfr14        00000
__Lsfr15                                    sfr15        00000
__Lsfr16                                    sfr16        00000
__Lsfr17                                    sfr17        00000
__Lsfr18                                    sfr18        00000
__Lsfr19                                    sfr19        00000
__Lsfr2                                     sfr2         00000
__Lsfr20                                    sfr20        00000
__Lsfr21                                    sfr21        00000
__Lsfr22                                    sfr22        00000
__Lsfr23                                    sfr23        00000
__Lsfr24                                    sfr24        00000
__Lsfr25                                    sfr25        00000
__Lsfr26                                    sfr26        00000
__Lsfr27                                    sfr27        00000
__Lsfr28                                    sfr28        00000
__Lsfr29                                    sfr29        00000
__Lsfr3                                     sfr3         00000
__Lsfr30                                    sfr30        00000
__Lsfr31                                    sfr31        00000
__Lsfr4                                     sfr4         00000
__Lsfr5                                     sfr5         00000
__Lsfr6                                     sfr6         00000
__Lsfr7                                     sfr7         00000
__Lsfr8                                     sfr8         00000
__Lsfr9                                     sfr9         00000
__Lspace_0                                  (abs)        00000
__Lspace_1                                  (abs)        00000
__Lspace_2                                  (abs)        00000
__Lspace_3                                  (abs)        00000
__Lstack                                    stack        00000
__Lstrings                                  strings      00000
__Lstringtext1                              stringtext1  00000
__Lstringtext2                              stringtext2  00000
__Lstringtext3                              stringtext3  00000
__Lstringtext4                              stringtext4  00000
__Lstringtext5                              stringtext5  00000
__Lstringtext6                              stringtext6  00000
__Lstringtext7                              stringtext7  00000
__Lstringtext8                              stringtext8  00000
__Lstringtext9                              stringtext9  00000
__Ltext                                     text         00000
__S0                                        (abs)        08009
__S1                                        (abs)        003E0
__S2                                        (abs)        00000
___int_sp                                   stack        00000
___latbits                                  (abs)        00002
___sp                                       stack        00000
__end_of_CDCInitEP                          text24       0128D
__end_of_CDCTxService                       text38       0057E
__end_of_INTERRUPT_InterruptManager         intentry     00034
__end_of_OSCILLATOR_Initialize              text37       01DF3
__end_of_PIN_MANAGER_Initialize             text36       01E74
__end_of_SYSTEM_Initialize                  text32       01E0E
__end_of_USBCheckCDCRequest                 text23       008D3
__end_of_USBCheckStdRequest                 text16       01800
__end_of_USBConfigureEndpoint               text26       0138F
__end_of_USBCtrlEPAllowDataStage            text15       0173F
__end_of_USBCtrlEPAllowStatusStage          text29       00B14
__end_of_USBCtrlEPService                   text12       01684
__end_of_USBCtrlEPServiceComplete           text14       00F5D
__end_of_USBCtrlTrfInHandler                text30       009AC
__end_of_USBCtrlTrfOutHandler               text27       01217
__end_of_USBCtrlTrfRxService                text28       006E7
__end_of_USBCtrlTrfSetupHandler             text13       0146F
__end_of_USBCtrlTrfTxService                text31       00A9A
__end_of_USBDeviceAttach                    text35       01F23
__end_of_USBDeviceInit                      text34       00635
__end_of_USBDeviceTasks                     text7        003CA
__end_of_USBEnableEndpoint                  text25       0104F
__end_of_USBIncrement1msInternalTimers      text11       01F06
__end_of_USBStallHandler                    text10       01115
__end_of_USBStdFeatureReqHandler            text21       001B8
__end_of_USBStdGetDscHandler                text20       00C12
__end_of_USBStdGetStatusHandler             text19       01570
__end_of_USBStdSetCfgHandler                text17       00E37
__end_of_USBSuspend                         text9        01F61
__end_of_USBTransferOnePacket               text39       00D19
__end_of_USBWakeFromSuspend                 text8        02000
__end_of_USB_CD_Ptr                         stringtext2  018EA
__end_of_USB_SD_Ptr                         stringtext1  018E5
__end_of_USER_USB_CALLBACK_EVENT_HANDLER    text22       01175
__end_of_UserApplication                    text1        0124F
__end_of_WDT_Initialize                     text33       01DA9
__end_of__initialization                    cinit        00077
__end_of_configDescriptor1                  stringtext3  01843
__end_of_device_dsc                         stringtext6  018D7
__end_of_do_I2C_DO_ACK                      text77       01D9D
__end_of_do_I2C_DO_ADDRESS_NACK             text74       01073
__end_of_do_I2C_DO_NACK_RESTART             text75       01DA5
__end_of_do_I2C_DO_NACK_STOP                text76       01DA1
__end_of_do_I2C_IDLE                        text85       01DB3
__end_of_do_I2C_RCEN                        text78       01DB9
__end_of_do_I2C_RESET                       text86       01DC0
__end_of_do_I2C_RX                          text72       0130A
__end_of_do_I2C_SEND_ADR_READ               text80       01DCF
__end_of_do_I2C_SEND_ADR_WRITE              text79       01DC7
__end_of_do_I2C_SEND_RESTART                text82       01D95
__end_of_do_I2C_SEND_RESTART_READ           text84       01D8D
__end_of_do_I2C_SEND_RESTART_WRITE          text83       01D91
__end_of_do_I2C_SEND_STOP                   text81       01D99
__end_of_do_I2C_TX                          text73       0141F
__end_of_do_I2C_TX_EMPTY                    text87       010EA
__end_of_getsUSBUSART                       text6        016E0
__end_of_i2c_ISR                            text70       01FA0
__end_of_i2c_busCollisionISR                text68       01D81
__end_of_i2c_driver_TXData                  text90       01DAE
__end_of_i2c_driver_clearBusCollision       text69       01D7E
__end_of_i2c_driver_getRXData               text91       01D75
__end_of_i2c_driver_isNACK                  text89       01DE7
__end_of_i2c_driver_resetBus                text93       01D65
__end_of_i2c_driver_restart                 text107      01D6C
__end_of_i2c_driver_sendACK                 text108      01D85
__end_of_i2c_driver_sendNACK                text92       01D89
__end_of_i2c_driver_startRX                 text94       01D72
__end_of_i2c_driver_stop                    text106      01D6F
__end_of_i2c_restartWrite                   text99       00004
__end_of_i2c_setBuffer                      text105      0080E
__end_of_i2c_setDataCompleteCallback        text103      01DDB
__end_of_main                               maintext     01E60
__end_of_memset                             text18       01EEA
__end_of_mssp_clearIRQ                      text71       01D7B
__end_of_mssp_setIRQ                        text88       01D78
__end_of_rd1RegCompleteHandler              text97       01E3E
__end_of_rd2RegCompleteHandler              text96       01E4E
__end_of_rdBlkRegCompleteHandler            text95       01EA1
__end_of_returnReset                        text100      01D69
__end_of_returnStop                         text101      01D67
__end_of_sd000                              stringtext7  018DB
__end_of_sd001                              stringtext4  01877
__end_of_sd002                              stringtext5  01891
__end_of_setCallBack                        text104      010C0
__end_of_strchr                             text5        01E8A
__end_of_strlen                             text4        01F80
__end_of_strncmp                            text3        013D3
__end_of_strstr                             text2        012CB
__end_of_wr1RegCompleteHandler              text98       01E2E
__end_of_wr2RegCompleteHandler              text102      01E1E
__end_ofi1_CDCInitEP                        text59       011E1
__end_ofi1_USBCheckCDCRequest               text58       0179F
__end_ofi1_USBCheckStdRequest               text51       00870
__end_ofi1_USBConfigureEndpoint             text62       0134C
__end_ofi1_USBCtrlEPAllowDataStage          text50       015CC
__end_ofi1_USBCtrlEPAllowStatusStage        text65       00800
__end_ofi1_USBCtrlEPService                 text47       01628
__end_ofi1_USBCtrlEPServiceComplete         text49       00EC8
__end_ofi1_USBCtrlTrfInHandler              text66       0093B
__end_ofi1_USBCtrlTrfOutHandler             text63       011AB
__end_ofi1_USBCtrlTrfRxService              text64       01000
__end_ofi1_USBCtrlTrfSetupHandler           text48       014C2
__end_ofi1_USBCtrlTrfTxService              text67       00A20
__end_ofi1_USBDeviceInit                    text46       00794
__end_ofi1_USBDeviceTasks                   text41       004B2
__end_ofi1_USBEnableEndpoint                text61       01FC0
__end_ofi1_USBIncrement1msInternalTimers    text45       01ED1
__end_ofi1_USBStallHandler                  text44       01098
__end_ofi1_USBStdFeatureReqHandler          text56       002E1
__end_ofi1_USBStdGetDscHandler              text55       00B93
__end_ofi1_USBStdGetStatusHandler           text54       01517
__end_ofi1_USBStdSetCfgHandler              text52       00DA8
__end_ofi1_USBSuspend                       text43       01F42
__end_ofi1_USBTransferOnePacket             text60       00C95
__end_ofi1_USBWakeFromSuspend               text42       01FE0
__end_ofi1_USER_USB_CALLBACK_EVENT_HANDLER  text57       01145
__end_ofi1_memset                           text53       01EB9
__initialization                            cinit        00036
__pbssBANK1                                 bssBANK1     000C3
__pbssBANK3                                 bssBANK3     001B0
__pbssBANK4                                 bssBANK4     00220
__pbssBANK6                                 bssBANK6     00320
__pbssBANK7                                 bssBANK7     003A0
__pcstackBANK0h                             cstackBANK0h 00060
__pcstackBANK1                              cstackBANK1  000A0
__pcstackBANK3                              cstackBANK3  001EF
__pcstackBANK4                              cstackBANK4  0025E
__pcstackCOMMON                             cstackCOMMON 00070
__pdataBANK5                                dataBANK5    002A0
__pidataBANK5                               idataBANK5   0100C
__pintentry                                 intentry     00004
__pmaintext                                 maintext     01E4E
__pstringtext1                              stringtext1  018DF
__pstringtext2                              stringtext2  018E8
__pstringtext3                              stringtext3  01800
__pstringtext4                              stringtext4  01843
__pstringtext5                              stringtext5  01877
__pstringtext6                              stringtext6  018C5
__pstringtext7                              stringtext7  018D7
__pstringtext8                              stringtext8  018E5
__pstringtext9                              stringtext9  00000
__pswtext1                                  swtext1      01891
__pswtext2                                  swtext2      018AB
__ptext1                                    text1        01217
__ptext10                                   text10       010EA
__ptext100                                  text100      01D67
__ptext101                                  text101      01D65
__ptext102                                  text102      01E0E
__ptext103                                  text103      01DCF
__ptext104                                  text104      01098
__ptext105                                  text105      00800
__ptext106                                  text106      01D6C
__ptext107                                  text107      01D69
__ptext108                                  text108      01D81
[...]
 Defined at:
		line 110 in file "mcc_generated_files/drivers/i2c_simple_master.c"
 Parameters:    Size  Location     Type
  p               1    9[COMMON] PTR void 
		 -> i2c_readDataBlock@d(3), i2c_write2ByteRegister@data(2), i2c_read2ByteRegister@result(2), i2c_read1ByteRegister@d2(1), 
		 -> i2c_write1ByteRegister@data(1), NULL(0), 
 Auto vars:     Size  Location     Type
		None
 Return value:  Size  Location     Type
                  1    wreg      enum E97
 Registers used:
		wreg, fsr1l, fsr1h, status,2, status,0, pclath, cstack
 Tracked objects:
		On entry : 
		On exit  : 
		Unchanged: 
 Data sizes:     COMMON  BANK0h   BANK1   BANK2   BANK3   BANK4   BANK5   BANK6   BANK7   BANK8   BANK9  BANK10  BANK11  BANK12
      Params:         1       0       0       0       0       0       0       0       0       0       0       0       0       0
      Locals:         0       0       0       0       0       0       0       0       0       0       0       0       0       0
      Temps:          0       0       0       0       0       0       0       0       0       0       0       0       0       0
      Totals:         1       0       0       0       0       0       0       0       0       0       0       0       0       0
Total ram usage:        1 bytes
 Hardware stack levels used:    1
 Hardware stack levels required when called:    2
 This function calls:
		_i2c_setBuffer
		_i2c_setDataCompleteCallback
 This function is called by:
		_i2c_write2ByteRegister
		_do_I2C_DO_ADDRESS_NACK
		_do_I2C_TX
		_do_I2C_RX
		_do_I2C_TX_EMPTY
 This function uses a non-reentrant model


 *************** function _i2c_setDataCompleteCallback *****************
 Defined at:
		line 89 in file "mcc_generated_files/drivers/i2c_master.c"
 Parameters:    Size  Location     Type
  cb              2    5[COMMON] PTR FTN(PTR void ,)enum 
		 -> rdBlkRegCompleteHandler(1), wr2RegCompleteHandler(1), rd2RegCompleteHandler(1), rd1RegCompleteHandler(1), 
		 -> wr1RegCompleteHandler(1), Absolute function(1), 
  p               1    7[COMMON] PTR void 
		 -> i2c_readDataBlock@d(3), i2c_write2ByteRegister@data(2), i2c_read2ByteRegister@result(2), i2c_read1ByteRegister@d2(1), 
		 -> i2c_write1ByteRegister@data(1), NULL(0), 
 Auto vars:     Size  Location     Type
		None
 Return value:  Size  Location     Type
                  1    wreg      void 
 Registers used:
		wreg, fsr1l, fsr1h, status,2, status,0, pclath, cstack
 Tracked objects:
		On entry : 
		On exit  : 
		Unchanged: 
 Data sizes:     COMMON  BANK0h   BANK1   BANK2   BANK3   BANK4   BANK5   BANK6   BANK7   BANK8   BANK9  BANK10  BANK11  BANK12
      Params:         3       0       0       0       0       0       0       0       0       0       0       0       0       0
      Locals:         0       0       0       0       0       0       0       0       0       0       0       0       0       0
      Temps:          1       0       0       0       0       0       0       0       0       0       0       0       0       0
      Totals:         4       0       0       0       0       0       0       0       0       0       0       0       0       0
Total ram usage:        4 bytes
 Hardware stack levels used:    1
 Hardware stack levels required when called:    1
 This function calls:
		_setCallBack
 This function is called by:
		_wr1RegCompleteHandler
		_rd1RegCompleteHandler
		_rd2RegCompleteHandler
		_wr2RegCompleteHandler
		_rdBlkRegCompleteHandler
		_i2c_write1ByteRegister
		_i2c_read1ByteRegister
		_i2c_read2ByteRegister
		_i2c_write2ByteRegister
		_i2c_readDataBlock
 This function uses a non-reentrant model


 *************** function _setCallBack *****************
 Defined at:
		line 453 in file "mcc_generated_files/drivers/i2c_master.c"
 Parameters:    Size  Location     Type
  idx             1    wreg     enum E2365
  cb              2    0[COMMON] PTR FTN(PTR void ,)enum 
		 -> rdBlkRegCompleteHandler(1), wr2RegCompleteHandler(1), rd2RegCompleteHandler(1), rd1RegCompleteHandler(1), 
		 -> wr1RegCompleteHandler(1), i2c_restartWrite(1), Absolute function(1), 
  p               1    2[COMMON] PTR void 
		 -> i2c_readDataBlock@d(3), i2c_write2ByteRegister@data(2), i2c_read2ByteRegister@result(2), i2c_read1ByteRegister@d2(1), 
		 -> i2c_write1ByteRegister@data(1), NULL(0), 
 Auto vars:     Size  Location     Type
  idx             1    4[COMMON] enum E2365
 Return value:  Size  Location     Type
                  1    wreg      void 
 Registers used:
		wreg, fsr1l, fsr1h, status,2, status,0
 Tracked objects:
		On entry : 
		On exit  : 
		Unchanged: 
 Data sizes:     COMMON  BANK0h   BANK1   BANK2   BANK3   BANK4   BANK5   BANK6   BANK7   BANK8   BANK9  BANK10  BANK11  BANK12
      Params:         3       0       0       0       0       0       0       0       0       0       0       0       0       0
      Locals:         1       0       0       0       0       0       0       0       0       0       0       0       0       0
      Temps:          1       0       0       0       0       0       0       0       0       0       0       0       0       0
      Totals:         5       0       0       0       0       0       0       0       0       0       0       0       0       0
Total ram usage:        5 bytes
 Hardware stack levels used:    1
 This function calls:
		Nothing
 This function is called by:
		_i2c_setDataCompleteCallback
		_i2c_setWriteCollisionCallback
		_i2c_setAddressNACKCallback
		_i2c_setDataNACKCallback
		_i2c_setTimeOutCallback
 This function uses a non-reentrant model


 *************** function _i2c_setBuffer *****************
 Defined at:
		line 184 in file "mcc_generated_files/drivers/i2c_master.c"
 Parameters:    Size  Location     Type
  buffer          1    wreg     PTR void 
		 -> i2c_readDataBlock@reg(1), i2c_readDataBlock@d(3), i2c_write2ByteRegister@reg(1), i2c_write2ByteRegister@data(2), 
		 -> i2c_read2ByteRegister@reg(1), i2c_read2ByteRegister@result(2), i2c_read1ByteRegister@reg(1), i2c_read1ByteRegister@d2(1), 
		 -> i2c_write1ByteRegister@reg(1), i2c_write1ByteRegister@data(1), NULL(0), 
  bufferSize      2    0[COMMON] unsigned int 
 Auto vars:     Size  Location     Type
  buffer          1    3[COMMON] PTR void 
		 -> i2c_readDataBlock@reg(1), i2c_readDataBlock@d(3), i2c_write2ByteRegister@reg(1), i2c_write2ByteRegister@data(2), 
		 -> i2c_read2ByteRegister@reg(1), i2c_read2ByteRegister@result(2), i2c_read1ByteRegister@reg(1), i2c_read1ByteRegister@d2(1), 
		 -> i2c_write1ByteRegister@reg(1), i2c_write1ByteRegister@data(1), NULL(0), 
 Return value:  Size  Location     Type
                  1    wreg      void 
 Registers used:
		wreg
 Tracked objects:
		On entry : 
		On exit  : 
		Unchanged: 
 Data sizes:     COMMON  BANK0h   BANK1   BANK2   BANK3   BANK4   BANK5   BANK6   BANK7   BANK8   BANK9  BANK10  BANK11  BANK12
      Params:         2       0       0       0       0       0       0       0       0       0       0       0       0       0
      Locals:         1       0       0       0       0       0       0       0       0       0       0       0       0       0
      Temps:          1       0       0       0       0       0       0       0       0       0       0       0       0       0
      Totals:         4       0       0       0       0       0       0       0       0       0       0       0       0       0
Total ram usage:        4 bytes
 Hardware stack levels used:    1
 This function calls:
		Nothing
 This function is called by:
		_wr1RegCompleteHandler
		_rd1RegCompleteHandler
		_rd2RegCompleteHandler
		_wr2RegCompleteHandler
		_rdBlkRegCompleteHandler
		_i2c_write1ByteRegister
		_i2c_writeNBytes
		_i2c_read1ByteRegister
		_i2c_read2ByteRegister
		_i2c_write2ByteRegister
		_i2c_readDataBlock
		_i2c_readNBytes
 This function uses a non-reentrant model


 *************** function _i2c_driver_stop *****************
 Defined at:
		line 156 in file "mcc_generated_files/i2c_driver.c"
 Parameters:    Size  Location     Type
		None
 Auto vars:     Size  Location     Type
		None
 Return value:  Size  Location     Type
                  1    wreg      void 
 Registers used:
		None
 Tracked objects:
		On entry : 
		On exit  : 
		Unchanged: 
 Data sizes:     COMMON  BANK0h   BANK1   BANK2   BANK3   BANK4   BANK5   BANK6   BANK7   BANK8   BANK9  BANK10  BANK11  BANK12
      Params:         0       0       0       0       0       0       0       0       0       0       0       0       0       0
      Locals:         0       0       0       0       0       0       0       0       0       0       0       0       0       0
      Temps:          0       0       0       0       0       0       0       0       0       0       0       0       0       0
      Totals:         0       0       0       0       0       0       0       0       0       0       0       0       0       0
Total ram usage:        0 bytes
 Hardware stack levels used:    1
 This function calls:
		Nothing
 This function is called by:
		_do_I2C_SEND_STOP
 This function uses a non-reentrant model


 *************** function _i2c_driver_restart *****************
 Defined at:
		line 151 in file "mcc_generated_files/i2c_driver.c"
 Parameters:    Size  Location     Type
		None
 Auto vars:     Size  Location     Type
		None
 Return value:  Size  Location     Type
                  1    wreg      void 
 Registers used:
		None
 Tracked objects:
		On entry : 
		On exit  : 
		Unchanged: 
 Data sizes:     COMMON  BANK0h   BANK1   BANK2   BANK3   BANK4   BANK5   BANK6   BANK7   BANK8   BANK9  BANK10  BANK11  BANK12
      Params:         0       0       0       0       0       0       0       0       0       0       0       0       0       0
      Locals:         0       0       0       0       0       0       0       0       0       0       0       0       0       0
      Temps:          0       0       0       0       0       0       0       0       0       0       0       0       0       0
      Totals:         0       0       0       0       0       0       0       0       0       0       0       0       0       0
Total ram usage:        0 bytes
 Hardware stack levels used:    1
 This function calls:
		Nothing
 This function is called by:
		_do_I2C_SEND_RESTART_READ
		_do_I2C_SEND_RESTART_WRITE
		_do_I2C_SEND_RESTART
 This function uses a non-reentrant model


 *************** function _i2c_driver_sendACK *****************
 Defined at:
		line 196 in file "mcc_generated_files/i2c_driver.c"
 Parameters:    Size  Location     Type
		None
 Auto vars:     Size  Location     Type
		None
 Return value:  Size  Location     Type
                  1    wreg      void 
 Registers used:
		None
 Tracked objects:
		On entry : 
		On exit  : 
		Unchanged: 
 Data sizes:     COMMON  BANK0h   BANK1   BANK2   BANK3   BANK4   BANK5   BANK6   BANK7   BANK8   BANK9  BANK10  BANK11  BANK12
      Params:         0       0       0       0       0       0       0       0       0       0       0       0       0       0
      Locals:         0       0       0       0       0       0       0       0       0       0       0       0       0       0
      Temps:          0       0       0       0       0       0       0       0       0       0       0       0       0       0
      Totals:         0       0       0       0       0       0       0       0       0       0       0       0       0       0
Total ram usage:        0 bytes
 Hardware stack levels used:    1
 This function calls:
		Nothing
 This function is called by:
		_do_I2C_DO_ACK
		_do_I2C_RX
 This function uses a non-reentrant model



MODULE INFORMATION

Module		Function		Class		Link	Load	Size
mcc_generated_files/interrupt_manager.c
		_INTERRUPT_InterruptManager		CODE           	0004	0000	49

mcc_generated_files/interrupt_manager.c estimated size: 49

mcc_generated_files/pin_manager.c
		_PIN_MANAGER_Initialize		CODE           	1E60	0000	21

mcc_generated_files/pin_manager.c estimated size: 21

C:\Program Files (x86)\Microchip\xc8\v1.45\sources\common\strstr.c
		_strstr        		CODE           	128D	0000	63

C:\Program Files (x86)\Microchip\xc8\v1.45\sources\common\strstr.c estimated size: 63

mcc_generated_files/i2c_driver.c
		_i2c_driver_clearBusCollision		CODE           	1D7B	0000	4
		_mssp_clearIRQ 		CODE           	1D78	0000	4
		_i2c_driver_restart		CODE           	1D69	0000	4
		_i2c_driver_startRX		CODE           	1D6F	0000	4
		_i2c_driver_getRXData		CODE           	1D72	0000	4
		_i2c_driver_TXData		CODE           	1DA9	0000	6
		_i2c_driver_sendACK		CODE           	1D81	0000	5
		_i2c_driver_sendNACK		CODE           	1D85	0000	5
		_mssp_setIRQ   		CODE           	1D75	0000	4
		_i2c_driver_resetBus		CODE           	1D64	0000	2
		_i2c_driver_isNACK		CODE           	1DDB	0000	13
		_i2c_driver_stop		CODE           	1D6C	0000	4

mcc_generated_files/i2c_driver.c estimated size: 59

mcc_generated_files/usb/usb_device_cdc.c
		_CDCTxService  		CODE           	04B2	0000	205
		_CDCInitEP     		CODE           	124F	0000	63
		_getsUSBUSART  		CODE           	1684	0000	93
		_USBCheckCDCRequest		CODE           	0870	0000	100

mcc_generated_files/usb/usb_device_cdc.c estimated size: 461

mcc_generated_files/drivers/i2c_simple_master.c
		_wr1RegCompleteHandler		CODE           	1E1E	0000	17
		_wr2RegCompleteHandler		CODE           	1E0E	0000	17
		_rdBlkRegCompleteHandler		CODE           	1E8A	0000	24
		_rd1RegCompleteHandler		CODE           	1E2E	0000	17
		_rd2RegCompleteHandler		CODE           	1E3E	0000	17

mcc_generated_files/drivers/i2c_simple_master.c estimated size: 92

shared
		i1_USBIncrement1msInternalTimers		CODE           	1EB9	0000	25
		_configDescriptor1		STRCODE        	1800	0000	68
		_USB_CD_Ptr    		STRCODE        	18E8	0000	3
		_sd001         		STRCODE        	1843	0000	53
		i1_USBCtrlEPService		CODE           	15CC	0000	93
		i1_USBCtrlEPServiceComplete		CODE           	0E37	0000	146
		i1_USBCtrlTrfSetupHandler		CODE           	146F	0000	84
		i1_USBCtrlEPAllowStatusStage		CODE           	0794	0000	109
		_sd002         		STRCODE        	1877	0000	27
		i1_USBCtrlTrfOutHandler		CODE           	1175	0000	55
		i1_USBDeviceInit		CODE           	06E7	0000	174
		i1_USBWakeFromSuspend		CODE           	1FC0	0000	33
		i1_USBConfigureEndpoint		CODE           	130A	0000	67
		i1_USBStdSetCfgHandler		CODE           	0D19	0000	144
		i1_USBStdGetDscHandler		CODE           	0B14	0000	128
		__initialization		CODE           	0036	0000	66
		i1_USBStallHandler		CODE           	1073	0000	38
		_device_dsc    		STRCODE        	18C5	0000	19
		i1_USBStdGetStatusHandler		CODE           	14C2	0000	86
		i1_CDCInitEP   		CODE           	11AB	0000	55
		i1_USER_USB_CALLBACK_EVENT_HANDLER		CODE           	1115	0000	49
		i1_USBStdFeatureReqHandler		CODE           	01B8	0000	298
		_USB_SD_Ptr    		STRCODE        	18DF	0000	7
		i1_memset      		CODE           	1EA1	0000	25
		i1_USBCheckCDCRequest		CODE           	173F	0000	97
		i1_USBEnableEndpoint		CODE           	1FA0	0000	33
		i1_USBDeviceTasks		CODE           	03CA	0000	233
		i1_USBCtrlTrfRxService		CODE           	0F5D	0000	164
		_sd000         		STRCODE        	18D7	0000	5
		i1_USBCtrlTrfTxService		CODE           	09AC	0000	117
		i1_USBCheckStdRequest		CODE           	080E	0000	99
		i1_USBTransferOnePacket		CODE           	0C12	0000	132
		i1_USBCtrlTrfInHandler		CODE           	08D3	0000	105
		i1_USBSuspend  		CODE           	1F23	0000	32
		i1_USBCtrlEPAllowDataStage		CODE           	1570	0000	93

shared estimated size: 2962

mcc_generated_files/usb/usb_device_events.c
		_USER_USB_CALLBACK_EVENT_HANDLER		CODE           	1145	0000	49

mcc_generated_files/usb/usb_device_events.c estimated size: 49

mcc_generated_files/mcc.c
		_WDT_Initialize		CODE           	1DA5	0000	5
		_OSCILLATOR_Initialize		CODE           	1DE7	0000	13
		_SYSTEM_Initialize		CODE           	1DFF	0000	16

mcc_generated_files/mcc.c estimated size: 34

mcc_generated_files/drivers/i2c_master.c
		_i2c_setDataCompleteCallback		CODE           	1DCF	0000	13
		_returnStop    		CODE           	1D65	0000	3
		_i2c_setBuffer 		CODE           	0800	0000	15
		_i2c_busCollisionISR		CODE           	1D7E	0000	4
		_i2c_ISR       		CODE           	1F80	0000	33
		_do_I2C_TX_EMPTY		CODE           	10C0	0000	43
		_setCallBack   		CODE           	1098	0000	41
		_returnReset   		CODE           	1D67	0000	3
		_do_I2C_SEND_RESTART_WRITE		CODE           	1D8D	0000	5
		_do_I2C_DO_NACK_RESTART		CODE           	1DA1	0000	5
		_do_I2C_SEND_RESTART_READ		CODE           	1D89	0000	5
		_do_I2C_SEND_ADR_WRITE		CODE           	1DC0	0000	8
		_do_I2C_SEND_STOP		CODE           	1D95	0000	5
		_do_I2C_SEND_ADR_READ		CODE           	1DC7	0000	9
		_do_I2C_DO_NACK_STOP		CODE           	1D9D	0000	5
		_do_I2C_SEND_RESTART		CODE           	1D91	0000	5
		_do_I2C_RX     		CODE           	12CB	0000	64
		_do_I2C_TX     		CODE           	13D3	0000	77
		_do_I2C_IDLE   		CODE           	1DAE	0000	6
		_do_I2C_RCEN   		CODE           	1DB3	0000	7
		_do_I2C_DO_ADDRESS_NACK		CODE           	104F	0000	37
		_do_I2C_RESET  		CODE           	1DB9	0000	8
		_do_I2C_DO_ACK 		CODE           	1D99	0000	5

mcc_generated_files/drivers/i2c_master.c estimated size: 406

mcc_generated_files/drivers/i2c_types.c
		_i2c_restartWrite		CODE           	0002	0000	3

mcc_generated_files/drivers/i2c_types.c estimated size: 3

main.c
		_main          		CODE           	1E4E	0000	19
		_UserApplication		CODE           	1217	0000	57

main.c estimated size: 76

C:\Program Files (x86)\Microchip\xc8\v1.45\sources\common\strlen.c
		_strlen        		CODE           	1F61	0000	32

C:\Program Files (x86)\Microchip\xc8\v1.45\sources\common\strlen.c estimated size: 32

C:\Program Files (x86)\Microchip\xc8\v1.45\sources\common\strchr.c
		_strchr        		CODE           	1E74	0000	23

C:\Program Files (x86)\Microchip\xc8\v1.45\sources\common\strchr.c estimated size: 23

mcc_generated_files/usb/usb_device.c
		_USBCtrlTrfInHandler		CODE           	093B	0000	114
		_USBTransferOnePacket		CODE           	0C95	0000	133
		_USBDeviceAttach		CODE           	1F06	0000	30
		_USBStdGetDscHandler		CODE           	0B93	0000	128
		_USBCtrlEPAllowDataStage		CODE           	16E0	0000	96
		_USBStdFeatureReqHandler		CODE           	007B	0000	318
		_USBCtrlEPAllowStatusStage		CODE           	0A9A	0000	123
		_USBCtrlTrfSetupHandler		CODE           	141F	0000	81
		_USBCtrlTrfOutHandler		CODE           	11E1	0000	55
		_USBCtrlEPServiceComplete		CODE           	0EC8	0000	150
		_USBSuspend    		CODE           	1F42	0000	32
		_USBStdSetCfgHandler		CODE           	0DA8	0000	144
		_USBStdGetStatusHandler		CODE           	1517	0000	90
		_USBWakeFromSuspend		CODE           	1FE0	0000	33
		_USBCtrlTrfRxService		CODE           	0635	0000	179
		_USBCtrlTrfTxService		CODE           	0A20	0000	123
		_USBEnableEndpoint		CODE           	102C	0000	36
		_USBConfigureEndpoint		CODE           	134C	0000	68
		_USBDeviceInit 		CODE           	057E	0000	184
		_USBIncrement1msInternalTimers		CODE           	1EEA	0000	29
		_USBCtrlEPService		CODE           	1628	0000	93
		_USBStallHandler		CODE           	10EA	0000	44
		_USBDeviceTasks		CODE           	02E1	0000	234
		_USBCheckStdRequest		CODE           	179F	0000	98

mcc_generated_files/usb/usb_device.c estimated size: 2615

C:\Program Files (x86)\Microchip\xc8\v1.45\sources\common\strncmp.c
		_strncmp       		CODE           	138F	0000	69

C:\Program Files (x86)\Microchip\xc8\v1.45\sources\common\strncmp.c estimated size: 69

C:\Program Files (x86)\Microchip\xc8\v1.45\sources\common\memset.c
		_memset        		CODE           	1ED1	0000	26

C:\Program Files (x86)\Microchip\xc8\v1.45\sources\common\memset.c estimated size: 26

